Microsoft Windows [Version 10.0.19045.6456]
(c) Microsoft Corporation. All rights reserved.

C:\Users\IET>mysql --host=192.168.10.117 --port=3306 --user=dac83 --password=welcome
mysql: [Warning] Using a password on the command line interface can be insecure.
Welcome to the MySQL monitor.  Commands end with ; or \g.
Your MySQL connection id is 630
Server version: 8.0.44 MySQL Community Server - GPL

Copyright (c) 2000, 2025, Oracle and/or its affiliates.

Oracle is a registered trademark of Oracle Corporation and/or its
affiliates. Other names may be trademarks of their respective
owners.

Type 'help;' or '\h' for help. Type '\c' to clear the current input statement.

mysql> use dac83;
Database changed
mysql> select * from emp,dept;
+-------+----------+--------+---------------------+------+------------+------+------+--------+---------+--------------+------------+------------+----------+--------+------------+----------+------------+------------+
| EMPNO | ENAME    | GENDER | JOB                 | MGR  | HIREDATE   | SAL  | COMM | DEPTNO | BONUSID | USER NAME    | PWD        | PHONE      | isActive | DEPTNO | DNAME      | LOC      | PWD        | STARTEDON  |
+-------+----------+--------+---------------------+------+------------+------+------+--------+---------+--------------+------------+------------+----------+--------+------------+----------+------------+------------+
|  6001 | GITA     | F      | Compliance officers | 7920 | 1981-07-19 | 1750 | NULL |     30 |       1 | GITA         | sales@2017 | NULL       |        1 |     60 | IT         | BARODA   | BRD@1122   | 02/10/1989 |
|  6001 | GITA     | F      | Compliance officers | 7920 | 1981-07-19 | 1750 | NULL |     30 |       1 | GITA         | sales@2017 | NULL       |        1 |     50 | HR         | PUNE     | PUN@8877   | 22/12/1989 |
|  6001 | GITA     | F      | Compliance officers | 7920 | 1981-07-19 | 1750 | NULL |     30 |       1 | GITA         | sales@2017 | NULL       |        1 |     40 | OPERATIONS | BOSTON   | opr@123    | 12/07/1989 |
|  6001 | GITA     | F      | Compliance officers | 7920 | 1981-07-19 | 1750 | NULL |     30 |       1 | GITA         | sales@2017 | NULL       |        1 |     30 | SALES      | CHICAGO  | sales@2017 | 13/04/1989 |
|  6001 | GITA     | F      | Compliance officers | 7920 | 1981-07-19 | 1750 | NULL |     30 |       1 | GITA         | sales@2017 | NULL       |        1 |     20 | RESEARCH   | DALLAS   | a12recmpm  | 12/04/1989 |
|  6001 | GITA     | F      | Compliance officers | 7920 | 1981-07-19 | 1750 | NULL |     30 |       1 | GITA         | sales@2017 | NULL       |        1 |     10 | ACCOUNTING | NEW YORK | r50mpm     | 24/03/1989 |
|  6129 | VRUSHALI | F      | Compliance officers | 7920 | 1981-07-19 | 1750 | NULL |     50 |       1 | VRUSHALI     | PUN@8877   | NULL       |        1 |     60 | IT         | BARODA   | BRD@1122   | 02/10/1989 |
|  6129 | VRUSHALI | F      | Compliance officers | 7920 | 1981-07-19 | 1750 | NULL |     50 |       1 | VRUSHALI     | PUN@8877   | NULL       |        1 |     50 | HR         | PUNE     | PUN@8877   | 22/12/1989 |
|  6129 | VRUSHALI | F      | Compliance officers | 7920 | 1981-07-19 | 1750 | NULL |     50 |       1 | VRUSHALI     | PUN@8877   | NULL       |        1 |     40 | OPERATIONS | BOSTON   | opr@123    | 12/07/1989 |
|  6129 | VRUSHALI | F      | Compliance officers | 7920 | 1981-07-19 | 1750 | NULL |     50 |       1 | VRUSHALI     | PUN@8877   | NULL       |        1 |     30 | SALES      | CHICAGO  | sales@2017 | 13/04/1989 |
|  6129 | VRUSHALI | F      | Compliance officers | 7920 | 1981-07-19 | 1750 | NULL |     50 |       1 | VRUSHALI     | PUN@8877   | NULL       |        1 |     20 | RESEARCH   | DALLAS   | a12recmpm  | 12/04/1989 |
|  6129 | VRUSHALI | F      | Compliance officers | 7920 | 1981-07-19 | 1750 | NULL |     50 |       1 | VRUSHALI     | PUN@8877   | NULL       |        1 |     10 | ACCOUNTING | NEW YORK | r50mpm     | 24/03/1989 |
|  6473 | SHARMIN  | F      | Public Relation     | 7920 | 1981-07-19 | 1750 | NULL |     20 |       1 | SHARMIN      | a12recmpm  | NULL       |        1 |     60 | IT         | BARODA   | BRD@1122   | 02/10/1989 |
|  6473 | SHARMIN  | F      | Public Relation     | 7920 | 1981-07-19 | 1750 | NULL |     20 |       1 | SHARMIN      | a12recmpm  | NULL       |        1 |     50 | HR         | PUNE     | PUN@8877   | 22/12/1989 |
|  6473 | SHARMIN  | F      | Public Relation     | 7920 | 1981-07-19 | 1750 | NULL |     20 |       1 | SHARMIN      | a12recmpm  | NULL       |        1 |     40 | OPERATIONS | BOSTON   | opr@123    | 12/07/1989 |
|  6473 | SHARMIN  | F      | Public Relation     | 7920 | 1981-07-19 | 1750 | NULL |     20 |       1 | SHARMIN      | a12recmpm  | NULL       |        1 |     30 | SALES      | CHICAGO  | sales@2017 | 13/04/1989 |
|  6473 | SHARMIN  | F      | Public Relation     | 7920 | 1981-07-19 | 1750 | NULL |     20 |       1 | SHARMIN      | a12recmpm  | NULL       |        1 |     20 | RESEARCH   | DALLAS   | a12recmpm  | 12/04/1989 |
|  6473 | SHARMIN  | F      | Public Relation     | 7920 | 1981-07-19 | 1750 | NULL |     20 |       1 | SHARMIN      | a12recmpm  | NULL       |        1 |     10 | ACCOUNTING | NEW YORK | r50mpm     | 24/03/1989 |
|  6781 | BANDISH  | F      | Public Relation     | 7920 | 1981-07-19 | 1750 | NULL |     20 |       1 | BANDISH      | a12recmpm  | NULL       |        1 |     60 | IT         | BARODA   | BRD@1122   | 02/10/1989 |
|  6781 | BANDISH  | F      | Public Relation     | 7920 | 1981-07-19 | 1750 | NULL |     20 |       1 | BANDISH      | a12recmpm  | NULL       |        1 |     50 | HR         | PUNE     | PUN@8877   | 22/12/1989 |
|  6781 | BANDISH  | F      | Public Relation     | 7920 | 1981-07-19 | 1750 | NULL |     20 |       1 | BANDISH      | a12recmpm  | NULL       |        1 |     40 | OPERATIONS | BOSTON   | opr@123    | 12/07/1989 |
|  6781 | BANDISH  | F      | Public Relation     | 7920 | 1981-07-19 | 1750 | NULL |     20 |       1 | BANDISH      | a12recmpm  | NULL       |        1 |     30 | SALES      | CHICAGO  | sales@2017 | 13/04/1989 |
|  6781 | BANDISH  | F      | Public Relation     | 7920 | 1981-07-19 | 1750 | NULL |     20 |       1 | BANDISH      | a12recmpm  | NULL       |        1 |     20 | RESEARCH   | DALLAS   | a12recmpm  | 12/04/1989 |
|  6781 | BANDISH  | F      | Public Relation     | 7920 | 1981-07-19 | 1750 | NULL |     20 |       1 | BANDISH      | a12recmpm  | NULL       |        1 |     10 | ACCOUNTING | NEW YORK | r50mpm     | 24/03/1989 |
|  7369 | SMITH    | M      | CLERK               | 7902 | 1980-12-17 |  800 | NULL |     20 |       2 | TRITONE      | a12recmpm  | 7032300023 |        0 |     60 | IT         | BARODA   | BRD@1122   | 02/10/1989 |
|  7369 | SMITH    | M      | CLERK               | 7902 | 1980-12-17 |  800 | NULL |     20 |       2 | TRITONE      | a12recmpm  | 7032300023 |        0 |     50 | HR         | PUNE     | PUN@8877   | 22/12/1989 |
|  7369 | SMITH    | M      | CLERK               | 7902 | 1980-12-17 |  800 | NULL |     20 |       2 | TRITONE      | a12recmpm  | 7032300023 |        0 |     40 | OPERATIONS | BOSTON   | opr@123    | 12/07/1989 |
|  7369 | SMITH    | M      | CLERK               | 7902 | 1980-12-17 |  800 | NULL |     20 |       2 | TRITONE      | a12recmpm  | 7032300023 |        0 |     30 | SALES      | CHICAGO  | sales@2017 | 13/04/1989 |
|  7369 | SMITH    | M      | CLERK               | 7902 | 1980-12-17 |  800 | NULL |     20 |       2 | TRITONE      | a12recmpm  | 7032300023 |        0 |     20 | RESEARCH   | DALLAS   | a12recmpm  | 12/04/1989 |
|  7369 | SMITH    | M      | CLERK               | 7902 | 1980-12-17 |  800 | NULL |     20 |       2 | TRITONE      | a12recmpm  | 7032300023 |        0 |     10 | ACCOUNTING | NEW YORK | r50mpm     | 24/03/1989 |
|  7415 | AARAV    | M      | CLERK               | 7902 | 1981-12-31 | 3350 | NULL |     10 |    NULL | AARAV        | NULL       | 7032300084 |        0 |     60 | IT         | BARODA   | BRD@1122   | 02/10/1989 |
|  7415 | AARAV    | M      | CLERK               | 7902 | 1981-12-31 | 3350 | NULL |     10 |    NULL | AARAV        | NULL       | 7032300084 |        0 |     50 | HR         | PUNE     | PUN@8877   | 22/12/1989 |
|  7415 | AARAV    | M      | CLERK               | 7902 | 1981-12-31 | 3350 | NULL |     10 |    NULL | AARAV        | NULL       | 7032300084 |        0 |     40 | OPERATIONS | BOSTON   | opr@123    | 12/07/1989 |
|  7415 | AARAV    | M      | CLERK               | 7902 | 1981-12-31 | 3350 | NULL |     10 |    NULL | AARAV        | NULL       | 7032300084 |        0 |     30 | SALES      | CHICAGO  | sales@2017 | 13/04/1989 |
|  7415 | AARAV    | M      | CLERK               | 7902 | 1981-12-31 | 3350 | NULL |     10 |    NULL | AARAV        | NULL       | 7032300084 |        0 |     20 | RESEARCH   | DALLAS   | a12recmpm  | 12/04/1989 |
|  7415 | AARAV    | M      | CLERK               | 7902 | 1981-12-31 | 3350 | NULL |     10 |    NULL | AARAV        | NULL       | 7032300084 |        0 |     10 | ACCOUNTING | NEW YORK | r50mpm     | 24/03/1989 |
|  7421 | THOMAS   | M      | CLERK               | 7920 | 1981-07-19 | 1750 | NULL |     10 |       1 | THOMAS       | r50mpm     | 7032300011 |        0 |     60 | IT         | BARODA   | BRD@1122   | 02/10/1989 |
|  7421 | THOMAS   | M      | CLERK               | 7920 | 1981-07-19 | 1750 | NULL |     10 |       1 | THOMAS       | r50mpm     | 7032300011 |        0 |     50 | HR         | PUNE     | PUN@8877   | 22/12/1989 |
|  7421 | THOMAS   | M      | CLERK               | 7920 | 1981-07-19 | 1750 | NULL |     10 |       1 | THOMAS       | r50mpm     | 7032300011 |        0 |     40 | OPERATIONS | BOSTON   | opr@123    | 12/07/1989 |
|  7421 | THOMAS   | M      | CLERK               | 7920 | 1981-07-19 | 1750 | NULL |     10 |       1 | THOMAS       | r50mpm     | 7032300011 |        0 |     30 | SALES      | CHICAGO  | sales@2017 | 13/04/1989 |
|  7421 | THOMAS   | M      | CLERK               | 7920 | 1981-07-19 | 1750 | NULL |     10 |       1 | THOMAS       | r50mpm     | 7032300011 |        0 |     20 | RESEARCH   | DALLAS   | a12recmpm  | 12/04/1989 |
|  7421 | THOMAS   | M      | CLERK               | 7920 | 1981-07-19 | 1750 | NULL |     10 |       1 | THOMAS       | r50mpm     | 7032300011 |        0 |     10 | ACCOUNTING | NEW YORK | r50mpm     | 24/03/1989 |
|  7499 | ALLEN    | M      | SALESMAN            | 7698 | 1981-02-20 | 1600 |  300 |     30 |       4 | ALWAYS TESTE | sales@2017 | 7032300096 |        1 |     60 | IT         | BARODA   | BRD@1122   | 02/10/1989 |
|  7499 | ALLEN    | M      | SALESMAN            | 7698 | 1981-02-20 | 1600 |  300 |     30 |       4 | ALWAYS TESTE | sales@2017 | 7032300096 |        1 |     50 | HR         | PUNE     | PUN@8877   | 22/12/1989 |
|  7499 | ALLEN    | M      | SALESMAN            | 7698 | 1981-02-20 | 1600 |  300 |     30 |       4 | ALWAYS TESTE | sales@2017 | 7032300096 |        1 |     40 | OPERATIONS | BOSTON   | opr@123    | 12/07/1989 |
|  7499 | ALLEN    | M      | SALESMAN            | 7698 | 1981-02-20 | 1600 |  300 |     30 |       4 | ALWAYS TESTE | sales@2017 | 7032300096 |        1 |     30 | SALES      | CHICAGO  | sales@2017 | 13/04/1989 |
|  7499 | ALLEN    | M      | SALESMAN            | 7698 | 1981-02-20 | 1600 |  300 |     30 |       4 | ALWAYS TESTE | sales@2017 | 7032300096 |        1 |     20 | RESEARCH   | DALLAS   | a12recmpm  | 12/04/1989 |
|  7499 | ALLEN    | M      | SALESMAN            | 7698 | 1981-02-20 | 1600 |  300 |     30 |       4 | ALWAYS TESTE | sales@2017 | 7032300096 |        1 |     10 | ACCOUNTING | NEW YORK | r50mpm     | 24/03/1989 |
|  7521 | WARD     | M      | SALESMAN            | 7698 | 1981-02-22 | 1250 |  500 |     30 |       1 | WARD         | sales@2017 | 7132300034 |        1 |     60 | IT         | BARODA   | BRD@1122   | 02/10/1989 |
|  7521 | WARD     | M      | SALESMAN            | 7698 | 1981-02-22 | 1250 |  500 |     30 |       1 | WARD         | sales@2017 | 7132300034 |        1 |     50 | HR         | PUNE     | PUN@8877   | 22/12/1989 |
|  7521 | WARD     | M      | SALESMAN            | 7698 | 1981-02-22 | 1250 |  500 |     30 |       1 | WARD         | sales@2017 | 7132300034 |        1 |     40 | OPERATIONS | BOSTON   | opr@123    | 12/07/1989 |
|  7521 | WARD     | M      | SALESMAN            | 7698 | 1981-02-22 | 1250 |  500 |     30 |       1 | WARD         | sales@2017 | 7132300034 |        1 |     30 | SALES      | CHICAGO  | sales@2017 | 13/04/1989 |
|  7521 | WARD     | M      | SALESMAN            | 7698 | 1981-02-22 | 1250 |  500 |     30 |       1 | WARD         | sales@2017 | 7132300034 |        1 |     20 | RESEARCH   | DALLAS   | a12recmpm  | 12/04/1989 |
|  7521 | WARD     | M      | SALESMAN            | 7698 | 1981-02-22 | 1250 |  500 |     30 |       1 | WARD         | sales@2017 | 7132300034 |        1 |     10 | ACCOUNTING | NEW YORK | r50mpm     | 24/03/1989 |
|  7566 | JONES    | M      | MANAGER             | 7839 | 1981-04-02 | 2975 | NULL |     20 |       4 | HONEYCOMB    | a12recmpm  | 7132300039 |        1 |     60 | IT         | BARODA   | BRD@1122   | 02/10/1989 |
|  7566 | JONES    | M      | MANAGER             | 7839 | 1981-04-02 | 2975 | NULL |     20 |       4 | HONEYCOMB    | a12recmpm  | 7132300039 |        1 |     50 | HR         | PUNE     | PUN@8877   | 22/12/1989 |
|  7566 | JONES    | M      | MANAGER             | 7839 | 1981-04-02 | 2975 | NULL |     20 |       4 | HONEYCOMB    | a12recmpm  | 7132300039 |        1 |     40 | OPERATIONS | BOSTON   | opr@123    | 12/07/1989 |
|  7566 | JONES    | M      | MANAGER             | 7839 | 1981-04-02 | 2975 | NULL |     20 |       4 | HONEYCOMB    | a12recmpm  | 7132300039 |        1 |     30 | SALES      | CHICAGO  | sales@2017 | 13/04/1989 |
|  7566 | JONES    | M      | MANAGER             | 7839 | 1981-04-02 | 2975 | NULL |     20 |       4 | HONEYCOMB    | a12recmpm  | 7132300039 |        1 |     20 | RESEARCH   | DALLAS   | a12recmpm  | 12/04/1989 |
|  7566 | JONES    | M      | MANAGER             | 7839 | 1981-04-02 | 2975 | NULL |     20 |       4 | HONEYCOMB    | a12recmpm  | 7132300039 |        1 |     10 | ACCOUNTING | NEW YORK | r50mpm     | 24/03/1989 |
|  7654 | MARTIN   | M      | SALESMAN            | 7698 | 1981-09-28 | 1250 | 1400 |     30 |       6 | LIFE RACER   | sales@2017 | 7132300050 |        1 |     60 | IT         | BARODA   | BRD@1122   | 02/10/1989 |
|  7654 | MARTIN   | M      | SALESMAN            | 7698 | 1981-09-28 | 1250 | 1400 |     30 |       6 | LIFE RACER   | sales@2017 | 7132300050 |        1 |     50 | HR         | PUNE     | PUN@8877   | 22/12/1989 |
|  7654 | MARTIN   | M      | SALESMAN            | 7698 | 1981-09-28 | 1250 | 1400 |     30 |       6 | LIFE RACER   | sales@2017 | 7132300050 |        1 |     40 | OPERATIONS | BOSTON   | opr@123    | 12/07/1989 |
|  7654 | MARTIN   | M      | SALESMAN            | 7698 | 1981-09-28 | 1250 | 1400 |     30 |       6 | LIFE RACER   | sales@2017 | 7132300050 |        1 |     30 | SALES      | CHICAGO  | sales@2017 | 13/04/1989 |
|  7654 | MARTIN   | M      | SALESMAN            | 7698 | 1981-09-28 | 1250 | 1400 |     30 |       6 | LIFE RACER   | sales@2017 | 7132300050 |        1 |     20 | RESEARCH   | DALLAS   | a12recmpm  | 12/04/1989 |
|  7654 | MARTIN   | M      | SALESMAN            | 7698 | 1981-09-28 | 1250 | 1400 |     30 |       6 | LIFE RACER   | sales@2017 | 7132300050 |        1 |     10 | ACCOUNTING | NEW YORK | r50mpm     | 24/03/1989 |
|  7698 | BLAKE    | M      | MANAGER             | 7839 | 1981-05-01 | 2850 | NULL |     30 |       1 | BIG BEN      | sales@2017 | 7132300027 |        1 |     60 | IT         | BARODA   | BRD@1122   | 02/10/1989 |
|  7698 | BLAKE    | M      | MANAGER             | 7839 | 1981-05-01 | 2850 | NULL |     30 |       1 | BIG BEN      | sales@2017 | 7132300027 |        1 |     50 | HR         | PUNE     | PUN@8877   | 22/12/1989 |
|  7698 | BLAKE    | M      | MANAGER             | 7839 | 1981-05-01 | 2850 | NULL |     30 |       1 | BIG BEN      | sales@2017 | 7132300027 |        1 |     40 | OPERATIONS | BOSTON   | opr@123    | 12/07/1989 |
|  7698 | BLAKE    | M      | MANAGER             | 7839 | 1981-05-01 | 2850 | NULL |     30 |       1 | BIG BEN      | sales@2017 | 7132300027 |        1 |     30 | SALES      | CHICAGO  | sales@2017 | 13/04/1989 |
|  7698 | BLAKE    | M      | MANAGER             | 7839 | 1981-05-01 | 2850 | NULL |     30 |       1 | BIG BEN      | sales@2017 | 7132300027 |        1 |     20 | RESEARCH   | DALLAS   | a12recmpm  | 12/04/1989 |
|  7698 | BLAKE    | M      | MANAGER             | 7839 | 1981-05-01 | 2850 | NULL |     30 |       1 | BIG BEN      | sales@2017 | 7132300027 |        1 |     10 | ACCOUNTING | NEW YORK | r50mpm     | 24/03/1989 |
|  7782 | CLARK    | M      | MANAGER             | 7839 | 1981-06-09 | 2450 | NULL |     10 |       3 | CLARK        | r50mpm     | 7032300001 |        1 |     60 | IT         | BARODA   | BRD@1122   | 02/10/1989 |
|  7782 | CLARK    | M      | MANAGER             | 7839 | 1981-06-09 | 2450 | NULL |     10 |       3 | CLARK        | r50mpm     | 7032300001 |        1 |     50 | HR         | PUNE     | PUN@8877   | 22/12/1989 |
|  7782 | CLARK    | M      | MANAGER             | 7839 | 1981-06-09 | 2450 | NULL |     10 |       3 | CLARK        | r50mpm     | 7032300001 |        1 |     40 | OPERATIONS | BOSTON   | opr@123    | 12/07/1989 |
|  7782 | CLARK    | M      | MANAGER             | 7839 | 1981-06-09 | 2450 | NULL |     10 |       3 | CLARK        | r50mpm     | 7032300001 |        1 |     30 | SALES      | CHICAGO  | sales@2017 | 13/04/1989 |
|  7782 | CLARK    | M      | MANAGER             | 7839 | 1981-06-09 | 2450 | NULL |     10 |       3 | CLARK        | r50mpm     | 7032300001 |        1 |     20 | RESEARCH   | DALLAS   | a12recmpm  | 12/04/1989 |
|  7782 | CLARK    | M      | MANAGER             | 7839 | 1981-06-09 | 2450 | NULL |     10 |       3 | CLARK        | r50mpm     | 7032300001 |        1 |     10 | ACCOUNTING | NEW YORK | r50mpm     | 24/03/1989 |
|  7788 | SCOTT    | M      | ANALYST             | 7566 | 1982-12-09 | 3000 | NULL |     20 |       3 | WHITE SAND   | a12recmpm  | NULL       |        1 |     60 | IT         | BARODA   | BRD@1122   | 02/10/1989 |
|  7788 | SCOTT    | M      | ANALYST             | 7566 | 1982-12-09 | 3000 | NULL |     20 |       3 | WHITE SAND   | a12recmpm  | NULL       |        1 |     50 | HR         | PUNE     | PUN@8877   | 22/12/1989 |
|  7788 | SCOTT    | M      | ANALYST             | 7566 | 1982-12-09 | 3000 | NULL |     20 |       3 | WHITE SAND   | a12recmpm  | NULL       |        1 |     40 | OPERATIONS | BOSTON   | opr@123    | 12/07/1989 |
|  7788 | SCOTT    | M      | ANALYST             | 7566 | 1982-12-09 | 3000 | NULL |     20 |       3 | WHITE SAND   | a12recmpm  | NULL       |        1 |     30 | SALES      | CHICAGO  | sales@2017 | 13/04/1989 |
|  7788 | SCOTT    | M      | ANALYST             | 7566 | 1982-12-09 | 3000 | NULL |     20 |       3 | WHITE SAND   | a12recmpm  | NULL       |        1 |     20 | RESEARCH   | DALLAS   | a12recmpm  | 12/04/1989 |
|  7788 | SCOTT    | M      | ANALYST             | 7566 | 1982-12-09 | 3000 | NULL |     20 |       3 | WHITE SAND   | a12recmpm  | NULL       |        1 |     10 | ACCOUNTING | NEW YORK | r50mpm     | 24/03/1989 |
|  7839 | KING     | M      | PRESIDENT           | NULL | 1981-11-17 | 5000 | NULL |     10 |       1 | KING         | r50mpm     | 7132300081 |        1 |     60 | IT         | BARODA   | BRD@1122   | 02/10/1989 |
|  7839 | KING     | M      | PRESIDENT           | NULL | 1981-11-17 | 5000 | NULL |     10 |       1 | KING         | r50mpm     | 7132300081 |        1 |     50 | HR         | PUNE     | PUN@8877   | 22/12/1989 |
|  7839 | KING     | M      | PRESIDENT           | NULL | 1981-11-17 | 5000 | NULL |     10 |       1 | KING         | r50mpm     | 7132300081 |        1 |     40 | OPERATIONS | BOSTON   | opr@123    | 12/07/1989 |
|  7839 | KING     | M      | PRESIDENT           | NULL | 1981-11-17 | 5000 | NULL |     10 |       1 | KING         | r50mpm     | 7132300081 |        1 |     30 | SALES      | CHICAGO  | sales@2017 | 13/04/1989 |
|  7839 | KING     | M      | PRESIDENT           | NULL | 1981-11-17 | 5000 | NULL |     10 |       1 | KING         | r50mpm     | 7132300081 |        1 |     20 | RESEARCH   | DALLAS   | a12recmpm  | 12/04/1989 |
|  7839 | KING     | M      | PRESIDENT           | NULL | 1981-11-17 | 5000 | NULL |     10 |       1 | KING         | r50mpm     | 7132300081 |        1 |     10 | ACCOUNTING | NEW YORK | r50mpm     | 24/03/1989 |
|  7840 | FRED     | M      | vice PRESIDENT      | 7839 | 1983-08-09 | 5000 | NULL |     20 |       1 | SAND STONE   | a12recmpm  | NULL       |        1 |     60 | IT         | BARODA   | BRD@1122   | 02/10/1989 |
|  7840 | FRED     | M      | vice PRESIDENT      | 7839 | 1983-08-09 | 5000 | NULL |     20 |       1 | SAND STONE   | a12recmpm  | NULL       |        1 |     50 | HR         | PUNE     | PUN@8877   | 22/12/1989 |
|  7840 | FRED     | M      | vice PRESIDENT      | 7839 | 1983-08-09 | 5000 | NULL |     20 |       1 | SAND STONE   | a12recmpm  | NULL       |        1 |     40 | OPERATIONS | BOSTON   | opr@123    | 12/07/1989 |
|  7840 | FRED     | M      | vice PRESIDENT      | 7839 | 1983-08-09 | 5000 | NULL |     20 |       1 | SAND STONE   | a12recmpm  | NULL       |        1 |     30 | SALES      | CHICAGO  | sales@2017 | 13/04/1989 |
|  7840 | FRED     | M      | vice PRESIDENT      | 7839 | 1983-08-09 | 5000 | NULL |     20 |       1 | SAND STONE   | a12recmpm  | NULL       |        1 |     20 | RESEARCH   | DALLAS   | a12recmpm  | 12/04/1989 |
|  7840 | FRED     | M      | vice PRESIDENT      | 7839 | 1983-08-09 | 5000 | NULL |     20 |       1 | SAND STONE   | a12recmpm  | NULL       |        1 |     10 | ACCOUNTING | NEW YORK | r50mpm     | 24/03/1989 |
|  7844 | TURNER   | M      | SALESMAN            | 7698 | 1981-09-08 | 1500 |    0 |     30 |       5 | SAND DUST    | sales@2017 | NULL       |        1 |     60 | IT         | BARODA   | BRD@1122   | 02/10/1989 |
|  7844 | TURNER   | M      | SALESMAN            | 7698 | 1981-09-08 | 1500 |    0 |     30 |       5 | SAND DUST    | sales@2017 | NULL       |        1 |     50 | HR         | PUNE     | PUN@8877   | 22/12/1989 |
|  7844 | TURNER   | M      | SALESMAN            | 7698 | 1981-09-08 | 1500 |    0 |     30 |       5 | SAND DUST    | sales@2017 | NULL       |        1 |     40 | OPERATIONS | BOSTON   | opr@123    | 12/07/1989 |
|  7844 | TURNER   | M      | SALESMAN            | 7698 | 1981-09-08 | 1500 |    0 |     30 |       5 | SAND DUST    | sales@2017 | NULL       |        1 |     30 | SALES      | CHICAGO  | sales@2017 | 13/04/1989 |
|  7844 | TURNER   | M      | SALESMAN            | 7698 | 1981-09-08 | 1500 |    0 |     30 |       5 | SAND DUST    | sales@2017 | NULL       |        1 |     20 | RESEARCH   | DALLAS   | a12recmpm  | 12/04/1989 |
|  7844 | TURNER   | M      | SALESMAN            | 7698 | 1981-09-08 | 1500 |    0 |     30 |       5 | SAND DUST    | sales@2017 | NULL       |        1 |     10 | ACCOUNTING | NEW YORK | r50mpm     | 24/03/1989 |
|  7876 | ADAMS    | M      | CLERK               | 7788 | 1983-01-12 | 1100 | NULL |     20 |       1 | CRAZY ANYONE | a12recmpm  | 7132300086 |        1 |     60 | IT         | BARODA   | BRD@1122   | 02/10/1989 |
|  7876 | ADAMS    | M      | CLERK               | 7788 | 1983-01-12 | 1100 | NULL |     20 |       1 | CRAZY ANYONE | a12recmpm  | 7132300086 |        1 |     50 | HR         | PUNE     | PUN@8877   | 22/12/1989 |
|  7876 | ADAMS    | M      | CLERK               | 7788 | 1983-01-12 | 1100 | NULL |     20 |       1 | CRAZY ANYONE | a12recmpm  | 7132300086 |        1 |     40 | OPERATIONS | BOSTON   | opr@123    | 12/07/1989 |
|  7876 | ADAMS    | M      | CLERK               | 7788 | 1983-01-12 | 1100 | NULL |     20 |       1 | CRAZY ANYONE | a12recmpm  | 7132300086 |        1 |     30 | SALES      | CHICAGO  | sales@2017 | 13/04/1989 |
|  7876 | ADAMS    | M      | CLERK               | 7788 | 1983-01-12 | 1100 | NULL |     20 |       1 | CRAZY ANYONE | a12recmpm  | 7132300086 |        1 |     20 | RESEARCH   | DALLAS   | a12recmpm  | 12/04/1989 |
|  7876 | ADAMS    | M      | CLERK               | 7788 | 1983-01-12 | 1100 | NULL |     20 |       1 | CRAZY ANYONE | a12recmpm  | 7132300086 |        1 |     10 | ACCOUNTING | NEW YORK | r50mpm     | 24/03/1989 |
|  7888 | Ruhan    | M      | Network             | 7888 | 1983-08-09 | 2000 | NULL |     60 |       1 | Ruhan        | BRD@1122   | NULL       |        1 |     60 | IT         | BARODA   | BRD@1122   | 02/10/1989 |
|  7888 | Ruhan    | M      | Network             | 7888 | 1983-08-09 | 2000 | NULL |     60 |       1 | Ruhan        | BRD@1122   | NULL       |        1 |     50 | HR         | PUNE     | PUN@8877   | 22/12/1989 |
|  7888 | Ruhan    | M      | Network             | 7888 | 1983-08-09 | 2000 | NULL |     60 |       1 | Ruhan        | BRD@1122   | NULL       |        1 |     40 | OPERATIONS | BOSTON   | opr@123    | 12/07/1989 |
|  7888 | Ruhan    | M      | Network             | 7888 | 1983-08-09 | 2000 | NULL |     60 |       1 | Ruhan        | BRD@1122   | NULL       |        1 |     30 | SALES      | CHICAGO  | sales@2017 | 13/04/1989 |
|  7888 | Ruhan    | M      | Network             | 7888 | 1983-08-09 | 2000 | NULL |     60 |       1 | Ruhan        | BRD@1122   | NULL       |        1 |     20 | RESEARCH   | DALLAS   | a12recmpm  | 12/04/1989 |
|  7888 | Ruhan    | M      | Network             | 7888 | 1983-08-09 | 2000 | NULL |     60 |       1 | Ruhan        | BRD@1122   | NULL       |        1 |     10 | ACCOUNTING | NEW YORK | r50mpm     | 24/03/1989 |
|  7889 | Neel     | M      | vice PRESIDENT      | 7839 | 1983-08-09 | 1000 | NULL |     60 |       0 | Neel         | BRD@1122   | NULL       |        1 |     60 | IT         | BARODA   | BRD@1122   | 02/10/1989 |
|  7889 | Neel     | M      | vice PRESIDENT      | 7839 | 1983-08-09 | 1000 | NULL |     60 |       0 | Neel         | BRD@1122   | NULL       |        1 |     50 | HR         | PUNE     | PUN@8877   | 22/12/1989 |
|  7889 | Neel     | M      | vice PRESIDENT      | 7839 | 1983-08-09 | 1000 | NULL |     60 |       0 | Neel         | BRD@1122   | NULL       |        1 |     40 | OPERATIONS | BOSTON   | opr@123    | 12/07/1989 |
|  7889 | Neel     | M      | vice PRESIDENT      | 7839 | 1983-08-09 | 1000 | NULL |     60 |       0 | Neel         | BRD@1122   | NULL       |        1 |     30 | SALES      | CHICAGO  | sales@2017 | 13/04/1989 |
|  7889 | Neel     | M      | vice PRESIDENT      | 7839 | 1983-08-09 | 1000 | NULL |     60 |       0 | Neel         | BRD@1122   | NULL       |        1 |     20 | RESEARCH   | DALLAS   | a12recmpm  | 12/04/1989 |
|  7889 | Neel     | M      | vice PRESIDENT      | 7839 | 1983-08-09 | 1000 | NULL |     60 |       0 | Neel         | BRD@1122   | NULL       |        1 |     10 | ACCOUNTING | NEW YORK | r50mpm     | 24/03/1989 |
|  7900 | JAMES    | M      | CLERK               | 7698 | 1981-12-03 |  950 | NULL |     30 |       2 | CRAZY LEADER | sales@2017 | 7132300042 |        1 |     60 | IT         | BARODA   | BRD@1122   | 02/10/1989 |
|  7900 | JAMES    | M      | CLERK               | 7698 | 1981-12-03 |  950 | NULL |     30 |       2 | CRAZY LEADER | sales@2017 | 7132300042 |        1 |     50 | HR         | PUNE     | PUN@8877   | 22/12/1989 |
|  7900 | JAMES    | M      | CLERK               | 7698 | 1981-12-03 |  950 | NULL |     30 |       2 | CRAZY LEADER | sales@2017 | 7132300042 |        1 |     40 | OPERATIONS | BOSTON   | opr@123    | 12/07/1989 |
|  7900 | JAMES    | M      | CLERK               | 7698 | 1981-12-03 |  950 | NULL |     30 |       2 | CRAZY LEADER | sales@2017 | 7132300042 |        1 |     30 | SALES      | CHICAGO  | sales@2017 | 13/04/1989 |
|  7900 | JAMES    | M      | CLERK               | 7698 | 1981-12-03 |  950 | NULL |     30 |       2 | CRAZY LEADER | sales@2017 | 7132300042 |        1 |     20 | RESEARCH   | DALLAS   | a12recmpm  | 12/04/1989 |
|  7900 | JAMES    | M      | CLERK               | 7698 | 1981-12-03 |  950 | NULL |     30 |       2 | CRAZY LEADER | sales@2017 | 7132300042 |        1 |     10 | ACCOUNTING | NEW YORK | r50mpm     | 24/03/1989 |
|  7902 | FORD     | M      | ANALYST             | 7566 | 1981-12-03 | 3000 | NULL |     20 |       4 | CONBRIO      | a12recmpm  | NULL       |        0 |     60 | IT         | BARODA   | BRD@1122   | 02/10/1989 |
|  7902 | FORD     | M      | ANALYST             | 7566 | 1981-12-03 | 3000 | NULL |     20 |       4 | CONBRIO      | a12recmpm  | NULL       |        0 |     50 | HR         | PUNE     | PUN@8877   | 22/12/1989 |
|  7902 | FORD     | M      | ANALYST             | 7566 | 1981-12-03 | 3000 | NULL |     20 |       4 | CONBRIO      | a12recmpm  | NULL       |        0 |     40 | OPERATIONS | BOSTON   | opr@123    | 12/07/1989 |
|  7902 | FORD     | M      | ANALYST             | 7566 | 1981-12-03 | 3000 | NULL |     20 |       4 | CONBRIO      | a12recmpm  | NULL       |        0 |     30 | SALES      | CHICAGO  | sales@2017 | 13/04/1989 |
|  7902 | FORD     | M      | ANALYST             | 7566 | 1981-12-03 | 3000 | NULL |     20 |       4 | CONBRIO      | a12recmpm  | NULL       |        0 |     20 | RESEARCH   | DALLAS   | a12recmpm  | 12/04/1989 |
|  7902 | FORD     | M      | ANALYST             | 7566 | 1981-12-03 | 3000 | NULL |     20 |       4 | CONBRIO      | a12recmpm  | NULL       |        0 |     10 | ACCOUNTING | NEW YORK | r50mpm     | 24/03/1989 |
|  7919 | HOFFMAN  | M      | MANAGER             | 7566 | 1982-03-24 | 4150 | NULL |     30 |       3 | INTERVAL     | sales@2017 | NULL       |        1 |     60 | IT         | BARODA   | BRD@1122   | 02/10/1989 |
|  7919 | HOFFMAN  | M      | MANAGER             | 7566 | 1982-03-24 | 4150 | NULL |     30 |       3 | INTERVAL     | sales@2017 | NULL       |        1 |     50 | HR         | PUNE     | PUN@8877   | 22/12/1989 |
|  7919 | HOFFMAN  | M      | MANAGER             | 7566 | 1982-03-24 | 4150 | NULL |     30 |       3 | INTERVAL     | sales@2017 | NULL       |        1 |     40 | OPERATIONS | BOSTON   | opr@123    | 12/07/1989 |
|  7919 | HOFFMAN  | M      | MANAGER             | 7566 | 1982-03-24 | 4150 | NULL |     30 |       3 | INTERVAL     | sales@2017 | NULL       |        1 |     30 | SALES      | CHICAGO  | sales@2017 | 13/04/1989 |
|  7919 | HOFFMAN  | M      | MANAGER             | 7566 | 1982-03-24 | 4150 | NULL |     30 |       3 | INTERVAL     | sales@2017 | NULL       |        1 |     20 | RESEARCH   | DALLAS   | a12recmpm  | 12/04/1989 |
|  7919 | HOFFMAN  | M      | MANAGER             | 7566 | 1982-03-24 | 4150 | NULL |     30 |       3 | INTERVAL     | sales@2017 | NULL       |        1 |     10 | ACCOUNTING | NEW YORK | r50mpm     | 24/03/1989 |
|  7920 | GRASS    | M      | SALESMAN            | 7919 | 1980-02-14 | 2575 | 2700 |     30 |       5 | GRASS        | sales@2017 | NULL       |        1 |     60 | IT         | BARODA   | BRD@1122   | 02/10/1989 |
|  7920 | GRASS    | M      | SALESMAN            | 7919 | 1980-02-14 | 2575 | 2700 |     30 |       5 | GRASS        | sales@2017 | NULL       |        1 |     50 | HR         | PUNE     | PUN@8877   | 22/12/1989 |
|  7920 | GRASS    | M      | SALESMAN            | 7919 | 1980-02-14 | 2575 | 2700 |     30 |       5 | GRASS        | sales@2017 | NULL       |        1 |     40 | OPERATIONS | BOSTON   | opr@123    | 12/07/1989 |
|  7920 | GRASS    | M      | SALESMAN            | 7919 | 1980-02-14 | 2575 | 2700 |     30 |       5 | GRASS        | sales@2017 | NULL       |        1 |     30 | SALES      | CHICAGO  | sales@2017 | 13/04/1989 |
|  7920 | GRASS    | M      | SALESMAN            | 7919 | 1980-02-14 | 2575 | 2700 |     30 |       5 | GRASS        | sales@2017 | NULL       |        1 |     20 | RESEARCH   | DALLAS   | a12recmpm  | 12/04/1989 |
|  7920 | GRASS    | M      | SALESMAN            | 7919 | 1980-02-14 | 2575 | 2700 |     30 |       5 | GRASS        | sales@2017 | NULL       |        1 |     10 | ACCOUNTING | NEW YORK | r50mpm     | 24/03/1989 |
|  7934 | MILLER   | M      | CLERK               | 7782 | 1982-01-23 | 1300 | 1300 |     10 |       2 | QUARTERNOTE  | r50mpm     | 7132300055 |        0 |     60 | IT         | BARODA   | BRD@1122   | 02/10/1989 |
|  7934 | MILLER   | M      | CLERK               | 7782 | 1982-01-23 | 1300 | 1300 |     10 |       2 | QUARTERNOTE  | r50mpm     | 7132300055 |        0 |     50 | HR         | PUNE     | PUN@8877   | 22/12/1989 |
|  7934 | MILLER   | M      | CLERK               | 7782 | 1982-01-23 | 1300 | 1300 |     10 |       2 | QUARTERNOTE  | r50mpm     | 7132300055 |        0 |     40 | OPERATIONS | BOSTON   | opr@123    | 12/07/1989 |
|  7934 | MILLER   | M      | CLERK               | 7782 | 1982-01-23 | 1300 | 1300 |     10 |       2 | QUARTERNOTE  | r50mpm     | 7132300055 |        0 |     30 | SALES      | CHICAGO  | sales@2017 | 13/04/1989 |
|  7934 | MILLER   | M      | CLERK               | 7782 | 1982-01-23 | 1300 | 1300 |     10 |       2 | QUARTERNOTE  | r50mpm     | 7132300055 |        0 |     20 | RESEARCH   | DALLAS   | a12recmpm  | 12/04/1989 |
|  7934 | MILLER   | M      | CLERK               | 7782 | 1982-01-23 | 1300 | 1300 |     10 |       2 | QUARTERNOTE  | r50mpm     | 7132300055 |        0 |     10 | ACCOUNTING | NEW YORK | r50mpm     | 24/03/1989 |
|  7945 | AARUSH   | M      | SALESMAN            | 7902 | 1980-02-14 | 1350 | 2700 |     30 |    NULL | AARUSH       | ABCDEF     | NULL       |        0 |     60 | IT         | BARODA   | BRD@1122   | 02/10/1989 |
|  7945 | AARUSH   | M      | SALESMAN            | 7902 | 1980-02-14 | 1350 | 2700 |     30 |    NULL | AARUSH       | ABCDEF     | NULL       |        0 |     50 | HR         | PUNE     | PUN@8877   | 22/12/1989 |
|  7945 | AARUSH   | M      | SALESMAN            | 7902 | 1980-02-14 | 1350 | 2700 |     30 |    NULL | AARUSH       | ABCDEF     | NULL       |        0 |     40 | OPERATIONS | BOSTON   | opr@123    | 12/07/1989 |
|  7945 | AARUSH   | M      | SALESMAN            | 7902 | 1980-02-14 | 1350 | 2700 |     30 |    NULL | AARUSH       | ABCDEF     | NULL       |        0 |     30 | SALES      | CHICAGO  | sales@2017 | 13/04/1989 |
|  7945 | AARUSH   | M      | SALESMAN            | 7902 | 1980-02-14 | 1350 | 2700 |     30 |    NULL | AARUSH       | ABCDEF     | NULL       |        0 |     20 | RESEARCH   | DALLAS   | a12recmpm  | 12/04/1989 |
|  7945 | AARUSH   | M      | SALESMAN            | 7902 | 1980-02-14 | 1350 | 2700 |     30 |    NULL | AARUSH       | ABCDEF     | NULL       |        0 |     10 | ACCOUNTING | NEW YORK | r50mpm     | 24/03/1989 |
|  7949 | ALEX     | M      | MANAGER             | 7698 | 1982-01-24 | 1250 |  500 |     30 |       5 | QUARTERREST  | sales@2017 | 7156567183 |        1 |     60 | IT         | BARODA   | BRD@1122   | 02/10/1989 |
|  7949 | ALEX     | M      | MANAGER             | 7698 | 1982-01-24 | 1250 |  500 |     30 |       5 | QUARTERREST  | sales@2017 | 7156567183 |        1 |     50 | HR         | PUNE     | PUN@8877   | 22/12/1989 |
|  7949 | ALEX     | M      | MANAGER             | 7698 | 1982-01-24 | 1250 |  500 |     30 |       5 | QUARTERREST  | sales@2017 | 7156567183 |        1 |     40 | OPERATIONS | BOSTON   | opr@123    | 12/07/1989 |
|  7949 | ALEX     | M      | MANAGER             | 7698 | 1982-01-24 | 1250 |  500 |     30 |       5 | QUARTERREST  | sales@2017 | 7156567183 |        1 |     30 | SALES      | CHICAGO  | sales@2017 | 13/04/1989 |
|  7949 | ALEX     | M      | MANAGER             | 7698 | 1982-01-24 | 1250 |  500 |     30 |       5 | QUARTERREST  | sales@2017 | 7156567183 |        1 |     20 | RESEARCH   | DALLAS   | a12recmpm  | 12/04/1989 |
|  7949 | ALEX     | M      | MANAGER             | 7698 | 1982-01-24 | 1250 |  500 |     30 |       5 | QUARTERREST  | sales@2017 | 7156567183 |        1 |     10 | ACCOUNTING | NEW YORK | r50mpm     | 24/03/1989 |
|  8433 | NATASHA  | F      | CLERK               | 7920 | 1981-07-19 | 1750 | NULL |     30 |       1 | NATASHA      | sales@2017 | NULL       |        1 |     60 | IT         | BARODA   | BRD@1122   | 02/10/1989 |
|  8433 | NATASHA  | F      | CLERK               | 7920 | 1981-07-19 | 1750 | NULL |     30 |       1 | NATASHA      | sales@2017 | NULL       |        1 |     50 | HR         | PUNE     | PUN@8877   | 22/12/1989 |
|  8433 | NATASHA  | F      | CLERK               | 7920 | 1981-07-19 | 1750 | NULL |     30 |       1 | NATASHA      | sales@2017 | NULL       |        1 |     40 | OPERATIONS | BOSTON   | opr@123    | 12/07/1989 |
|  8433 | NATASHA  | F      | CLERK               | 7920 | 1981-07-19 | 1750 | NULL |     30 |       1 | NATASHA      | sales@2017 | NULL       |        1 |     30 | SALES      | CHICAGO  | sales@2017 | 13/04/1989 |
|  8433 | NATASHA  | F      | CLERK               | 7920 | 1981-07-19 | 1750 | NULL |     30 |       1 | NATASHA      | sales@2017 | NULL       |        1 |     20 | RESEARCH   | DALLAS   | a12recmpm  | 12/04/1989 |
|  8433 | NATASHA  | F      | CLERK               | 7920 | 1981-07-19 | 1750 | NULL |     30 |       1 | NATASHA      | sales@2017 | NULL       |        1 |     10 | ACCOUNTING | NEW YORK | r50mpm     | 24/03/1989 |
|  9400 | SANGITA  | F      | Compliance officers | 7920 | 1981-07-19 | 1750 | NULL |     50 |       1 | SANGITA      | NULL       | NULL       |        1 |     60 | IT         | BARODA   | BRD@1122   | 02/10/1989 |
|  9400 | SANGITA  | F      | Compliance officers | 7920 | 1981-07-19 | 1750 | NULL |     50 |       1 | SANGITA      | NULL       | NULL       |        1 |     50 | HR         | PUNE     | PUN@8877   | 22/12/1989 |
|  9400 | SANGITA  | F      | Compliance officers | 7920 | 1981-07-19 | 1750 | NULL |     50 |       1 | SANGITA      | NULL       | NULL       |        1 |     40 | OPERATIONS | BOSTON   | opr@123    | 12/07/1989 |
|  9400 | SANGITA  | F      | Compliance officers | 7920 | 1981-07-19 | 1750 | NULL |     50 |       1 | SANGITA      | NULL       | NULL       |        1 |     30 | SALES      | CHICAGO  | sales@2017 | 13/04/1989 |
|  9400 | SANGITA  | F      | Compliance officers | 7920 | 1981-07-19 | 1750 | NULL |     50 |       1 | SANGITA      | NULL       | NULL       |        1 |     20 | RESEARCH   | DALLAS   | a12recmpm  | 12/04/1989 |
|  9400 | SANGITA  | F      | Compliance officers | 7920 | 1981-07-19 | 1750 | NULL |     50 |       1 | SANGITA      | NULL       | NULL       |        1 |     10 | ACCOUNTING | NEW YORK | r50mpm     | 24/03/1989 |
|  9473 | SUPRIYA  | F      | ANALYST             | 7920 | 1981-07-19 | 1750 | NULL |     50 |       1 | SUPRIYA      | XYZ@1234   | NULL       |        1 |     60 | IT         | BARODA   | BRD@1122   | 02/10/1989 |
|  9473 | SUPRIYA  | F      | ANALYST             | 7920 | 1981-07-19 | 1750 | NULL |     50 |       1 | SUPRIYA      | XYZ@1234   | NULL       |        1 |     50 | HR         | PUNE     | PUN@8877   | 22/12/1989 |
|  9473 | SUPRIYA  | F      | ANALYST             | 7920 | 1981-07-19 | 1750 | NULL |     50 |       1 | SUPRIYA      | XYZ@1234   | NULL       |        1 |     40 | OPERATIONS | BOSTON   | opr@123    | 12/07/1989 |
|  9473 | SUPRIYA  | F      | ANALYST             | 7920 | 1981-07-19 | 1750 | NULL |     50 |       1 | SUPRIYA      | XYZ@1234   | NULL       |        1 |     30 | SALES      | CHICAGO  | sales@2017 | 13/04/1989 |
|  9473 | SUPRIYA  | F      | ANALYST             | 7920 | 1981-07-19 | 1750 | NULL |     50 |       1 | SUPRIYA      | XYZ@1234   | NULL       |        1 |     20 | RESEARCH   | DALLAS   | a12recmpm  | 12/04/1989 |
|  9473 | SUPRIYA  | F      | ANALYST             | 7920 | 1981-07-19 | 1750 | NULL |     50 |       1 | SUPRIYA      | XYZ@1234   | NULL       |        1 |     10 | ACCOUNTING | NEW YORK | r50mpm     | 24/03/1989 |
+-------+----------+--------+---------------------+------+------------+------+------+--------+---------+--------------+------------+------------+----------+--------+------------+----------+------------+------------+
180 rows in set (0.01 sec)

mysql> select * from emp cross join dept;
+-------+----------+--------+---------------------+------+------------+------+------+--------+---------+--------------+------------+------------+----------+--------+------------+----------+------------+------------+
| EMPNO | ENAME    | GENDER | JOB                 | MGR  | HIREDATE   | SAL  | COMM | DEPTNO | BONUSID | USER NAME    | PWD        | PHONE      | isActive | DEPTNO | DNAME      | LOC      | PWD        | STARTEDON  |
+-------+----------+--------+---------------------+------+------------+------+------+--------+---------+--------------+------------+------------+----------+--------+------------+----------+------------+------------+
|  6001 | GITA     | F      | Compliance officers | 7920 | 1981-07-19 | 1750 | NULL |     30 |       1 | GITA         | sales@2017 | NULL       |        1 |     60 | IT         | BARODA   | BRD@1122   | 02/10/1989 |
|  6001 | GITA     | F      | Compliance officers | 7920 | 1981-07-19 | 1750 | NULL |     30 |       1 | GITA         | sales@2017 | NULL       |        1 |     50 | HR         | PUNE     | PUN@8877   | 22/12/1989 |
|  6001 | GITA     | F      | Compliance officers | 7920 | 1981-07-19 | 1750 | NULL |     30 |       1 | GITA         | sales@2017 | NULL       |        1 |     40 | OPERATIONS | BOSTON   | opr@123    | 12/07/1989 |
|  6001 | GITA     | F      | Compliance officers | 7920 | 1981-07-19 | 1750 | NULL |     30 |       1 | GITA         | sales@2017 | NULL       |        1 |     30 | SALES      | CHICAGO  | sales@2017 | 13/04/1989 |
|  6001 | GITA     | F      | Compliance officers | 7920 | 1981-07-19 | 1750 | NULL |     30 |       1 | GITA         | sales@2017 | NULL       |        1 |     20 | RESEARCH   | DALLAS   | a12recmpm  | 12/04/1989 |
|  6001 | GITA     | F      | Compliance officers | 7920 | 1981-07-19 | 1750 | NULL |     30 |       1 | GITA         | sales@2017 | NULL       |        1 |     10 | ACCOUNTING | NEW YORK | r50mpm     | 24/03/1989 |
|  6129 | VRUSHALI | F      | Compliance officers | 7920 | 1981-07-19 | 1750 | NULL |     50 |       1 | VRUSHALI     | PUN@8877   | NULL       |        1 |     60 | IT         | BARODA   | BRD@1122   | 02/10/1989 |
|  6129 | VRUSHALI | F      | Compliance officers | 7920 | 1981-07-19 | 1750 | NULL |     50 |       1 | VRUSHALI     | PUN@8877   | NULL       |        1 |     50 | HR         | PUNE     | PUN@8877   | 22/12/1989 |
|  6129 | VRUSHALI | F      | Compliance officers | 7920 | 1981-07-19 | 1750 | NULL |     50 |       1 | VRUSHALI     | PUN@8877   | NULL       |        1 |     40 | OPERATIONS | BOSTON   | opr@123    | 12/07/1989 |
|  6129 | VRUSHALI | F      | Compliance officers | 7920 | 1981-07-19 | 1750 | NULL |     50 |       1 | VRUSHALI     | PUN@8877   | NULL       |        1 |     30 | SALES      | CHICAGO  | sales@2017 | 13/04/1989 |
|  6129 | VRUSHALI | F      | Compliance officers | 7920 | 1981-07-19 | 1750 | NULL |     50 |       1 | VRUSHALI     | PUN@8877   | NULL       |        1 |     20 | RESEARCH   | DALLAS   | a12recmpm  | 12/04/1989 |
|  6129 | VRUSHALI | F      | Compliance officers | 7920 | 1981-07-19 | 1750 | NULL |     50 |       1 | VRUSHALI     | PUN@8877   | NULL       |        1 |     10 | ACCOUNTING | NEW YORK | r50mpm     | 24/03/1989 |
|  6473 | SHARMIN  | F      | Public Relation     | 7920 | 1981-07-19 | 1750 | NULL |     20 |       1 | SHARMIN      | a12recmpm  | NULL       |        1 |     60 | IT         | BARODA   | BRD@1122   | 02/10/1989 |
|  6473 | SHARMIN  | F      | Public Relation     | 7920 | 1981-07-19 | 1750 | NULL |     20 |       1 | SHARMIN      | a12recmpm  | NULL       |        1 |     50 | HR         | PUNE     | PUN@8877   | 22/12/1989 |
|  6473 | SHARMIN  | F      | Public Relation     | 7920 | 1981-07-19 | 1750 | NULL |     20 |       1 | SHARMIN      | a12recmpm  | NULL       |        1 |     40 | OPERATIONS | BOSTON   | opr@123    | 12/07/1989 |
|  6473 | SHARMIN  | F      | Public Relation     | 7920 | 1981-07-19 | 1750 | NULL |     20 |       1 | SHARMIN      | a12recmpm  | NULL       |        1 |     30 | SALES      | CHICAGO  | sales@2017 | 13/04/1989 |
|  6473 | SHARMIN  | F      | Public Relation     | 7920 | 1981-07-19 | 1750 | NULL |     20 |       1 | SHARMIN      | a12recmpm  | NULL       |        1 |     20 | RESEARCH   | DALLAS   | a12recmpm  | 12/04/1989 |
|  6473 | SHARMIN  | F      | Public Relation     | 7920 | 1981-07-19 | 1750 | NULL |     20 |       1 | SHARMIN      | a12recmpm  | NULL       |        1 |     10 | ACCOUNTING | NEW YORK | r50mpm     | 24/03/1989 |
|  6781 | BANDISH  | F      | Public Relation     | 7920 | 1981-07-19 | 1750 | NULL |     20 |       1 | BANDISH      | a12recmpm  | NULL       |        1 |     60 | IT         | BARODA   | BRD@1122   | 02/10/1989 |
|  6781 | BANDISH  | F      | Public Relation     | 7920 | 1981-07-19 | 1750 | NULL |     20 |       1 | BANDISH      | a12recmpm  | NULL       |        1 |     50 | HR         | PUNE     | PUN@8877   | 22/12/1989 |
|  6781 | BANDISH  | F      | Public Relation     | 7920 | 1981-07-19 | 1750 | NULL |     20 |       1 | BANDISH      | a12recmpm  | NULL       |        1 |     40 | OPERATIONS | BOSTON   | opr@123    | 12/07/1989 |
|  6781 | BANDISH  | F      | Public Relation     | 7920 | 1981-07-19 | 1750 | NULL |     20 |       1 | BANDISH      | a12recmpm  | NULL       |        1 |     30 | SALES      | CHICAGO  | sales@2017 | 13/04/1989 |
|  6781 | BANDISH  | F      | Public Relation     | 7920 | 1981-07-19 | 1750 | NULL |     20 |       1 | BANDISH      | a12recmpm  | NULL       |        1 |     20 | RESEARCH   | DALLAS   | a12recmpm  | 12/04/1989 |
|  6781 | BANDISH  | F      | Public Relation     | 7920 | 1981-07-19 | 1750 | NULL |     20 |       1 | BANDISH      | a12recmpm  | NULL       |        1 |     10 | ACCOUNTING | NEW YORK | r50mpm     | 24/03/1989 |
|  7369 | SMITH    | M      | CLERK               | 7902 | 1980-12-17 |  800 | NULL |     20 |       2 | TRITONE      | a12recmpm  | 7032300023 |        0 |     60 | IT         | BARODA   | BRD@1122   | 02/10/1989 |
|  7369 | SMITH    | M      | CLERK               | 7902 | 1980-12-17 |  800 | NULL |     20 |       2 | TRITONE      | a12recmpm  | 7032300023 |        0 |     50 | HR         | PUNE     | PUN@8877   | 22/12/1989 |
|  7369 | SMITH    | M      | CLERK               | 7902 | 1980-12-17 |  800 | NULL |     20 |       2 | TRITONE      | a12recmpm  | 7032300023 |        0 |     40 | OPERATIONS | BOSTON   | opr@123    | 12/07/1989 |
|  7369 | SMITH    | M      | CLERK               | 7902 | 1980-12-17 |  800 | NULL |     20 |       2 | TRITONE      | a12recmpm  | 7032300023 |        0 |     30 | SALES      | CHICAGO  | sales@2017 | 13/04/1989 |
|  7369 | SMITH    | M      | CLERK               | 7902 | 1980-12-17 |  800 | NULL |     20 |       2 | TRITONE      | a12recmpm  | 7032300023 |        0 |     20 | RESEARCH   | DALLAS   | a12recmpm  | 12/04/1989 |
|  7369 | SMITH    | M      | CLERK               | 7902 | 1980-12-17 |  800 | NULL |     20 |       2 | TRITONE      | a12recmpm  | 7032300023 |        0 |     10 | ACCOUNTING | NEW YORK | r50mpm     | 24/03/1989 |
|  7415 | AARAV    | M      | CLERK               | 7902 | 1981-12-31 | 3350 | NULL |     10 |    NULL | AARAV        | NULL       | 7032300084 |        0 |     60 | IT         | BARODA   | BRD@1122   | 02/10/1989 |
|  7415 | AARAV    | M      | CLERK               | 7902 | 1981-12-31 | 3350 | NULL |     10 |    NULL | AARAV        | NULL       | 7032300084 |        0 |     50 | HR         | PUNE     | PUN@8877   | 22/12/1989 |
|  7415 | AARAV    | M      | CLERK               | 7902 | 1981-12-31 | 3350 | NULL |     10 |    NULL | AARAV        | NULL       | 7032300084 |        0 |     40 | OPERATIONS | BOSTON   | opr@123    | 12/07/1989 |
|  7415 | AARAV    | M      | CLERK               | 7902 | 1981-12-31 | 3350 | NULL |     10 |    NULL | AARAV        | NULL       | 7032300084 |        0 |     30 | SALES      | CHICAGO  | sales@2017 | 13/04/1989 |
|  7415 | AARAV    | M      | CLERK               | 7902 | 1981-12-31 | 3350 | NULL |     10 |    NULL | AARAV        | NULL       | 7032300084 |        0 |     20 | RESEARCH   | DALLAS   | a12recmpm  | 12/04/1989 |
|  7415 | AARAV    | M      | CLERK               | 7902 | 1981-12-31 | 3350 | NULL |     10 |    NULL | AARAV        | NULL       | 7032300084 |        0 |     10 | ACCOUNTING | NEW YORK | r50mpm     | 24/03/1989 |
|  7421 | THOMAS   | M      | CLERK               | 7920 | 1981-07-19 | 1750 | NULL |     10 |       1 | THOMAS       | r50mpm     | 7032300011 |        0 |     60 | IT         | BARODA   | BRD@1122   | 02/10/1989 |
|  7421 | THOMAS   | M      | CLERK               | 7920 | 1981-07-19 | 1750 | NULL |     10 |       1 | THOMAS       | r50mpm     | 7032300011 |        0 |     50 | HR         | PUNE     | PUN@8877   | 22/12/1989 |
|  7421 | THOMAS   | M      | CLERK               | 7920 | 1981-07-19 | 1750 | NULL |     10 |       1 | THOMAS       | r50mpm     | 7032300011 |        0 |     40 | OPERATIONS | BOSTON   | opr@123    | 12/07/1989 |
|  7421 | THOMAS   | M      | CLERK               | 7920 | 1981-07-19 | 1750 | NULL |     10 |       1 | THOMAS       | r50mpm     | 7032300011 |        0 |     30 | SALES      | CHICAGO  | sales@2017 | 13/04/1989 |
|  7421 | THOMAS   | M      | CLERK               | 7920 | 1981-07-19 | 1750 | NULL |     10 |       1 | THOMAS       | r50mpm     | 7032300011 |        0 |     20 | RESEARCH   | DALLAS   | a12recmpm  | 12/04/1989 |
|  7421 | THOMAS   | M      | CLERK               | 7920 | 1981-07-19 | 1750 | NULL |     10 |       1 | THOMAS       | r50mpm     | 7032300011 |        0 |     10 | ACCOUNTING | NEW YORK | r50mpm     | 24/03/1989 |
|  7499 | ALLEN    | M      | SALESMAN            | 7698 | 1981-02-20 | 1600 |  300 |     30 |       4 | ALWAYS TESTE | sales@2017 | 7032300096 |        1 |     60 | IT         | BARODA   | BRD@1122   | 02/10/1989 |
|  7499 | ALLEN    | M      | SALESMAN            | 7698 | 1981-02-20 | 1600 |  300 |     30 |       4 | ALWAYS TESTE | sales@2017 | 7032300096 |        1 |     50 | HR         | PUNE     | PUN@8877   | 22/12/1989 |
|  7499 | ALLEN    | M      | SALESMAN            | 7698 | 1981-02-20 | 1600 |  300 |     30 |       4 | ALWAYS TESTE | sales@2017 | 7032300096 |        1 |     40 | OPERATIONS | BOSTON   | opr@123    | 12/07/1989 |
|  7499 | ALLEN    | M      | SALESMAN            | 7698 | 1981-02-20 | 1600 |  300 |     30 |       4 | ALWAYS TESTE | sales@2017 | 7032300096 |        1 |     30 | SALES      | CHICAGO  | sales@2017 | 13/04/1989 |
|  7499 | ALLEN    | M      | SALESMAN            | 7698 | 1981-02-20 | 1600 |  300 |     30 |       4 | ALWAYS TESTE | sales@2017 | 7032300096 |        1 |     20 | RESEARCH   | DALLAS   | a12recmpm  | 12/04/1989 |
|  7499 | ALLEN    | M      | SALESMAN            | 7698 | 1981-02-20 | 1600 |  300 |     30 |       4 | ALWAYS TESTE | sales@2017 | 7032300096 |        1 |     10 | ACCOUNTING | NEW YORK | r50mpm     | 24/03/1989 |
|  7521 | WARD     | M      | SALESMAN            | 7698 | 1981-02-22 | 1250 |  500 |     30 |       1 | WARD         | sales@2017 | 7132300034 |        1 |     60 | IT         | BARODA   | BRD@1122   | 02/10/1989 |
|  7521 | WARD     | M      | SALESMAN            | 7698 | 1981-02-22 | 1250 |  500 |     30 |       1 | WARD         | sales@2017 | 7132300034 |        1 |     50 | HR         | PUNE     | PUN@8877   | 22/12/1989 |
|  7521 | WARD     | M      | SALESMAN            | 7698 | 1981-02-22 | 1250 |  500 |     30 |       1 | WARD         | sales@2017 | 7132300034 |        1 |     40 | OPERATIONS | BOSTON   | opr@123    | 12/07/1989 |
|  7521 | WARD     | M      | SALESMAN            | 7698 | 1981-02-22 | 1250 |  500 |     30 |       1 | WARD         | sales@2017 | 7132300034 |        1 |     30 | SALES      | CHICAGO  | sales@2017 | 13/04/1989 |
|  7521 | WARD     | M      | SALESMAN            | 7698 | 1981-02-22 | 1250 |  500 |     30 |       1 | WARD         | sales@2017 | 7132300034 |        1 |     20 | RESEARCH   | DALLAS   | a12recmpm  | 12/04/1989 |
|  7521 | WARD     | M      | SALESMAN            | 7698 | 1981-02-22 | 1250 |  500 |     30 |       1 | WARD         | sales@2017 | 7132300034 |        1 |     10 | ACCOUNTING | NEW YORK | r50mpm     | 24/03/1989 |
|  7566 | JONES    | M      | MANAGER             | 7839 | 1981-04-02 | 2975 | NULL |     20 |       4 | HONEYCOMB    | a12recmpm  | 7132300039 |        1 |     60 | IT         | BARODA   | BRD@1122   | 02/10/1989 |
|  7566 | JONES    | M      | MANAGER             | 7839 | 1981-04-02 | 2975 | NULL |     20 |       4 | HONEYCOMB    | a12recmpm  | 7132300039 |        1 |     50 | HR         | PUNE     | PUN@8877   | 22/12/1989 |
|  7566 | JONES    | M      | MANAGER             | 7839 | 1981-04-02 | 2975 | NULL |     20 |       4 | HONEYCOMB    | a12recmpm  | 7132300039 |        1 |     40 | OPERATIONS | BOSTON   | opr@123    | 12/07/1989 |
|  7566 | JONES    | M      | MANAGER             | 7839 | 1981-04-02 | 2975 | NULL |     20 |       4 | HONEYCOMB    | a12recmpm  | 7132300039 |        1 |     30 | SALES      | CHICAGO  | sales@2017 | 13/04/1989 |
|  7566 | JONES    | M      | MANAGER             | 7839 | 1981-04-02 | 2975 | NULL |     20 |       4 | HONEYCOMB    | a12recmpm  | 7132300039 |        1 |     20 | RESEARCH   | DALLAS   | a12recmpm  | 12/04/1989 |
|  7566 | JONES    | M      | MANAGER             | 7839 | 1981-04-02 | 2975 | NULL |     20 |       4 | HONEYCOMB    | a12recmpm  | 7132300039 |        1 |     10 | ACCOUNTING | NEW YORK | r50mpm     | 24/03/1989 |
|  7654 | MARTIN   | M      | SALESMAN            | 7698 | 1981-09-28 | 1250 | 1400 |     30 |       6 | LIFE RACER   | sales@2017 | 7132300050 |        1 |     60 | IT         | BARODA   | BRD@1122   | 02/10/1989 |
|  7654 | MARTIN   | M      | SALESMAN            | 7698 | 1981-09-28 | 1250 | 1400 |     30 |       6 | LIFE RACER   | sales@2017 | 7132300050 |        1 |     50 | HR         | PUNE     | PUN@8877   | 22/12/1989 |
|  7654 | MARTIN   | M      | SALESMAN            | 7698 | 1981-09-28 | 1250 | 1400 |     30 |       6 | LIFE RACER   | sales@2017 | 7132300050 |        1 |     40 | OPERATIONS | BOSTON   | opr@123    | 12/07/1989 |
|  7654 | MARTIN   | M      | SALESMAN            | 7698 | 1981-09-28 | 1250 | 1400 |     30 |       6 | LIFE RACER   | sales@2017 | 7132300050 |        1 |     30 | SALES      | CHICAGO  | sales@2017 | 13/04/1989 |
|  7654 | MARTIN   | M      | SALESMAN            | 7698 | 1981-09-28 | 1250 | 1400 |     30 |       6 | LIFE RACER   | sales@2017 | 7132300050 |        1 |     20 | RESEARCH   | DALLAS   | a12recmpm  | 12/04/1989 |
|  7654 | MARTIN   | M      | SALESMAN            | 7698 | 1981-09-28 | 1250 | 1400 |     30 |       6 | LIFE RACER   | sales@2017 | 7132300050 |        1 |     10 | ACCOUNTING | NEW YORK | r50mpm     | 24/03/1989 |
|  7698 | BLAKE    | M      | MANAGER             | 7839 | 1981-05-01 | 2850 | NULL |     30 |       1 | BIG BEN      | sales@2017 | 7132300027 |        1 |     60 | IT         | BARODA   | BRD@1122   | 02/10/1989 |
|  7698 | BLAKE    | M      | MANAGER             | 7839 | 1981-05-01 | 2850 | NULL |     30 |       1 | BIG BEN      | sales@2017 | 7132300027 |        1 |     50 | HR         | PUNE     | PUN@8877   | 22/12/1989 |
|  7698 | BLAKE    | M      | MANAGER             | 7839 | 1981-05-01 | 2850 | NULL |     30 |       1 | BIG BEN      | sales@2017 | 7132300027 |        1 |     40 | OPERATIONS | BOSTON   | opr@123    | 12/07/1989 |
|  7698 | BLAKE    | M      | MANAGER             | 7839 | 1981-05-01 | 2850 | NULL |     30 |       1 | BIG BEN      | sales@2017 | 7132300027 |        1 |     30 | SALES      | CHICAGO  | sales@2017 | 13/04/1989 |
|  7698 | BLAKE    | M      | MANAGER             | 7839 | 1981-05-01 | 2850 | NULL |     30 |       1 | BIG BEN      | sales@2017 | 7132300027 |        1 |     20 | RESEARCH   | DALLAS   | a12recmpm  | 12/04/1989 |
|  7698 | BLAKE    | M      | MANAGER             | 7839 | 1981-05-01 | 2850 | NULL |     30 |       1 | BIG BEN      | sales@2017 | 7132300027 |        1 |     10 | ACCOUNTING | NEW YORK | r50mpm     | 24/03/1989 |
|  7782 | CLARK    | M      | MANAGER             | 7839 | 1981-06-09 | 2450 | NULL |     10 |       3 | CLARK        | r50mpm     | 7032300001 |        1 |     60 | IT         | BARODA   | BRD@1122   | 02/10/1989 |
|  7782 | CLARK    | M      | MANAGER             | 7839 | 1981-06-09 | 2450 | NULL |     10 |       3 | CLARK        | r50mpm     | 7032300001 |        1 |     50 | HR         | PUNE     | PUN@8877   | 22/12/1989 |
|  7782 | CLARK    | M      | MANAGER             | 7839 | 1981-06-09 | 2450 | NULL |     10 |       3 | CLARK        | r50mpm     | 7032300001 |        1 |     40 | OPERATIONS | BOSTON   | opr@123    | 12/07/1989 |
|  7782 | CLARK    | M      | MANAGER             | 7839 | 1981-06-09 | 2450 | NULL |     10 |       3 | CLARK        | r50mpm     | 7032300001 |        1 |     30 | SALES      | CHICAGO  | sales@2017 | 13/04/1989 |
|  7782 | CLARK    | M      | MANAGER             | 7839 | 1981-06-09 | 2450 | NULL |     10 |       3 | CLARK        | r50mpm     | 7032300001 |        1 |     20 | RESEARCH   | DALLAS   | a12recmpm  | 12/04/1989 |
|  7782 | CLARK    | M      | MANAGER             | 7839 | 1981-06-09 | 2450 | NULL |     10 |       3 | CLARK        | r50mpm     | 7032300001 |        1 |     10 | ACCOUNTING | NEW YORK | r50mpm     | 24/03/1989 |
|  7788 | SCOTT    | M      | ANALYST             | 7566 | 1982-12-09 | 3000 | NULL |     20 |       3 | WHITE SAND   | a12recmpm  | NULL       |        1 |     60 | IT         | BARODA   | BRD@1122   | 02/10/1989 |
|  7788 | SCOTT    | M      | ANALYST             | 7566 | 1982-12-09 | 3000 | NULL |     20 |       3 | WHITE SAND   | a12recmpm  | NULL       |        1 |     50 | HR         | PUNE     | PUN@8877   | 22/12/1989 |
|  7788 | SCOTT    | M      | ANALYST             | 7566 | 1982-12-09 | 3000 | NULL |     20 |       3 | WHITE SAND   | a12recmpm  | NULL       |        1 |     40 | OPERATIONS | BOSTON   | opr@123    | 12/07/1989 |
|  7788 | SCOTT    | M      | ANALYST             | 7566 | 1982-12-09 | 3000 | NULL |     20 |       3 | WHITE SAND   | a12recmpm  | NULL       |        1 |     30 | SALES      | CHICAGO  | sales@2017 | 13/04/1989 |
|  7788 | SCOTT    | M      | ANALYST             | 7566 | 1982-12-09 | 3000 | NULL |     20 |       3 | WHITE SAND   | a12recmpm  | NULL       |        1 |     20 | RESEARCH   | DALLAS   | a12recmpm  | 12/04/1989 |
|  7788 | SCOTT    | M      | ANALYST             | 7566 | 1982-12-09 | 3000 | NULL |     20 |       3 | WHITE SAND   | a12recmpm  | NULL       |        1 |     10 | ACCOUNTING | NEW YORK | r50mpm     | 24/03/1989 |
|  7839 | KING     | M      | PRESIDENT           | NULL | 1981-11-17 | 5000 | NULL |     10 |       1 | KING         | r50mpm     | 7132300081 |        1 |     60 | IT         | BARODA   | BRD@1122   | 02/10/1989 |
|  7839 | KING     | M      | PRESIDENT           | NULL | 1981-11-17 | 5000 | NULL |     10 |       1 | KING         | r50mpm     | 7132300081 |        1 |     50 | HR         | PUNE     | PUN@8877   | 22/12/1989 |
|  7839 | KING     | M      | PRESIDENT           | NULL | 1981-11-17 | 5000 | NULL |     10 |       1 | KING         | r50mpm     | 7132300081 |        1 |     40 | OPERATIONS | BOSTON   | opr@123    | 12/07/1989 |
|  7839 | KING     | M      | PRESIDENT           | NULL | 1981-11-17 | 5000 | NULL |     10 |       1 | KING         | r50mpm     | 7132300081 |        1 |     30 | SALES      | CHICAGO  | sales@2017 | 13/04/1989 |
|  7839 | KING     | M      | PRESIDENT           | NULL | 1981-11-17 | 5000 | NULL |     10 |       1 | KING         | r50mpm     | 7132300081 |        1 |     20 | RESEARCH   | DALLAS   | a12recmpm  | 12/04/1989 |
|  7839 | KING     | M      | PRESIDENT           | NULL | 1981-11-17 | 5000 | NULL |     10 |       1 | KING         | r50mpm     | 7132300081 |        1 |     10 | ACCOUNTING | NEW YORK | r50mpm     | 24/03/1989 |
|  7840 | FRED     | M      | vice PRESIDENT      | 7839 | 1983-08-09 | 5000 | NULL |     20 |       1 | SAND STONE   | a12recmpm  | NULL       |        1 |     60 | IT         | BARODA   | BRD@1122   | 02/10/1989 |
|  7840 | FRED     | M      | vice PRESIDENT      | 7839 | 1983-08-09 | 5000 | NULL |     20 |       1 | SAND STONE   | a12recmpm  | NULL       |        1 |     50 | HR         | PUNE     | PUN@8877   | 22/12/1989 |
|  7840 | FRED     | M      | vice PRESIDENT      | 7839 | 1983-08-09 | 5000 | NULL |     20 |       1 | SAND STONE   | a12recmpm  | NULL       |        1 |     40 | OPERATIONS | BOSTON   | opr@123    | 12/07/1989 |
|  7840 | FRED     | M      | vice PRESIDENT      | 7839 | 1983-08-09 | 5000 | NULL |     20 |       1 | SAND STONE   | a12recmpm  | NULL       |        1 |     30 | SALES      | CHICAGO  | sales@2017 | 13/04/1989 |
|  7840 | FRED     | M      | vice PRESIDENT      | 7839 | 1983-08-09 | 5000 | NULL |     20 |       1 | SAND STONE   | a12recmpm  | NULL       |        1 |     20 | RESEARCH   | DALLAS   | a12recmpm  | 12/04/1989 |
|  7840 | FRED     | M      | vice PRESIDENT      | 7839 | 1983-08-09 | 5000 | NULL |     20 |       1 | SAND STONE   | a12recmpm  | NULL       |        1 |     10 | ACCOUNTING | NEW YORK | r50mpm     | 24/03/1989 |
|  7844 | TURNER   | M      | SALESMAN            | 7698 | 1981-09-08 | 1500 |    0 |     30 |       5 | SAND DUST    | sales@2017 | NULL       |        1 |     60 | IT         | BARODA   | BRD@1122   | 02/10/1989 |
|  7844 | TURNER   | M      | SALESMAN            | 7698 | 1981-09-08 | 1500 |    0 |     30 |       5 | SAND DUST    | sales@2017 | NULL       |        1 |     50 | HR         | PUNE     | PUN@8877   | 22/12/1989 |
|  7844 | TURNER   | M      | SALESMAN            | 7698 | 1981-09-08 | 1500 |    0 |     30 |       5 | SAND DUST    | sales@2017 | NULL       |        1 |     40 | OPERATIONS | BOSTON   | opr@123    | 12/07/1989 |
|  7844 | TURNER   | M      | SALESMAN            | 7698 | 1981-09-08 | 1500 |    0 |     30 |       5 | SAND DUST    | sales@2017 | NULL       |        1 |     30 | SALES      | CHICAGO  | sales@2017 | 13/04/1989 |
|  7844 | TURNER   | M      | SALESMAN            | 7698 | 1981-09-08 | 1500 |    0 |     30 |       5 | SAND DUST    | sales@2017 | NULL       |        1 |     20 | RESEARCH   | DALLAS   | a12recmpm  | 12/04/1989 |
|  7844 | TURNER   | M      | SALESMAN            | 7698 | 1981-09-08 | 1500 |    0 |     30 |       5 | SAND DUST    | sales@2017 | NULL       |        1 |     10 | ACCOUNTING | NEW YORK | r50mpm     | 24/03/1989 |
|  7876 | ADAMS    | M      | CLERK               | 7788 | 1983-01-12 | 1100 | NULL |     20 |       1 | CRAZY ANYONE | a12recmpm  | 7132300086 |        1 |     60 | IT         | BARODA   | BRD@1122   | 02/10/1989 |
|  7876 | ADAMS    | M      | CLERK               | 7788 | 1983-01-12 | 1100 | NULL |     20 |       1 | CRAZY ANYONE | a12recmpm  | 7132300086 |        1 |     50 | HR         | PUNE     | PUN@8877   | 22/12/1989 |
|  7876 | ADAMS    | M      | CLERK               | 7788 | 1983-01-12 | 1100 | NULL |     20 |       1 | CRAZY ANYONE | a12recmpm  | 7132300086 |        1 |     40 | OPERATIONS | BOSTON   | opr@123    | 12/07/1989 |
|  7876 | ADAMS    | M      | CLERK               | 7788 | 1983-01-12 | 1100 | NULL |     20 |       1 | CRAZY ANYONE | a12recmpm  | 7132300086 |        1 |     30 | SALES      | CHICAGO  | sales@2017 | 13/04/1989 |
|  7876 | ADAMS    | M      | CLERK               | 7788 | 1983-01-12 | 1100 | NULL |     20 |       1 | CRAZY ANYONE | a12recmpm  | 7132300086 |        1 |     20 | RESEARCH   | DALLAS   | a12recmpm  | 12/04/1989 |
|  7876 | ADAMS    | M      | CLERK               | 7788 | 1983-01-12 | 1100 | NULL |     20 |       1 | CRAZY ANYONE | a12recmpm  | 7132300086 |        1 |     10 | ACCOUNTING | NEW YORK | r50mpm     | 24/03/1989 |
|  7888 | Ruhan    | M      | Network             | 7888 | 1983-08-09 | 2000 | NULL |     60 |       1 | Ruhan        | BRD@1122   | NULL       |        1 |     60 | IT         | BARODA   | BRD@1122   | 02/10/1989 |
|  7888 | Ruhan    | M      | Network             | 7888 | 1983-08-09 | 2000 | NULL |     60 |       1 | Ruhan        | BRD@1122   | NULL       |        1 |     50 | HR         | PUNE     | PUN@8877   | 22/12/1989 |
|  7888 | Ruhan    | M      | Network             | 7888 | 1983-08-09 | 2000 | NULL |     60 |       1 | Ruhan        | BRD@1122   | NULL       |        1 |     40 | OPERATIONS | BOSTON   | opr@123    | 12/07/1989 |
|  7888 | Ruhan    | M      | Network             | 7888 | 1983-08-09 | 2000 | NULL |     60 |       1 | Ruhan        | BRD@1122   | NULL       |        1 |     30 | SALES      | CHICAGO  | sales@2017 | 13/04/1989 |
|  7888 | Ruhan    | M      | Network             | 7888 | 1983-08-09 | 2000 | NULL |     60 |       1 | Ruhan        | BRD@1122   | NULL       |        1 |     20 | RESEARCH   | DALLAS   | a12recmpm  | 12/04/1989 |
|  7888 | Ruhan    | M      | Network             | 7888 | 1983-08-09 | 2000 | NULL |     60 |       1 | Ruhan        | BRD@1122   | NULL       |        1 |     10 | ACCOUNTING | NEW YORK | r50mpm     | 24/03/1989 |
|  7889 | Neel     | M      | vice PRESIDENT      | 7839 | 1983-08-09 | 1000 | NULL |     60 |       0 | Neel         | BRD@1122   | NULL       |        1 |     60 | IT         | BARODA   | BRD@1122   | 02/10/1989 |
|  7889 | Neel     | M      | vice PRESIDENT      | 7839 | 1983-08-09 | 1000 | NULL |     60 |       0 | Neel         | BRD@1122   | NULL       |        1 |     50 | HR         | PUNE     | PUN@8877   | 22/12/1989 |
|  7889 | Neel     | M      | vice PRESIDENT      | 7839 | 1983-08-09 | 1000 | NULL |     60 |       0 | Neel         | BRD@1122   | NULL       |        1 |     40 | OPERATIONS | BOSTON   | opr@123    | 12/07/1989 |
|  7889 | Neel     | M      | vice PRESIDENT      | 7839 | 1983-08-09 | 1000 | NULL |     60 |       0 | Neel         | BRD@1122   | NULL       |        1 |     30 | SALES      | CHICAGO  | sales@2017 | 13/04/1989 |
|  7889 | Neel     | M      | vice PRESIDENT      | 7839 | 1983-08-09 | 1000 | NULL |     60 |       0 | Neel         | BRD@1122   | NULL       |        1 |     20 | RESEARCH   | DALLAS   | a12recmpm  | 12/04/1989 |
|  7889 | Neel     | M      | vice PRESIDENT      | 7839 | 1983-08-09 | 1000 | NULL |     60 |       0 | Neel         | BRD@1122   | NULL       |        1 |     10 | ACCOUNTING | NEW YORK | r50mpm     | 24/03/1989 |
|  7900 | JAMES    | M      | CLERK               | 7698 | 1981-12-03 |  950 | NULL |     30 |       2 | CRAZY LEADER | sales@2017 | 7132300042 |        1 |     60 | IT         | BARODA   | BRD@1122   | 02/10/1989 |
|  7900 | JAMES    | M      | CLERK               | 7698 | 1981-12-03 |  950 | NULL |     30 |       2 | CRAZY LEADER | sales@2017 | 7132300042 |        1 |     50 | HR         | PUNE     | PUN@8877   | 22/12/1989 |
|  7900 | JAMES    | M      | CLERK               | 7698 | 1981-12-03 |  950 | NULL |     30 |       2 | CRAZY LEADER | sales@2017 | 7132300042 |        1 |     40 | OPERATIONS | BOSTON   | opr@123    | 12/07/1989 |
|  7900 | JAMES    | M      | CLERK               | 7698 | 1981-12-03 |  950 | NULL |     30 |       2 | CRAZY LEADER | sales@2017 | 7132300042 |        1 |     30 | SALES      | CHICAGO  | sales@2017 | 13/04/1989 |
|  7900 | JAMES    | M      | CLERK               | 7698 | 1981-12-03 |  950 | NULL |     30 |       2 | CRAZY LEADER | sales@2017 | 7132300042 |        1 |     20 | RESEARCH   | DALLAS   | a12recmpm  | 12/04/1989 |
|  7900 | JAMES    | M      | CLERK               | 7698 | 1981-12-03 |  950 | NULL |     30 |       2 | CRAZY LEADER | sales@2017 | 7132300042 |        1 |     10 | ACCOUNTING | NEW YORK | r50mpm     | 24/03/1989 |
|  7902 | FORD     | M      | ANALYST             | 7566 | 1981-12-03 | 3000 | NULL |     20 |       4 | CONBRIO      | a12recmpm  | NULL       |        0 |     60 | IT         | BARODA   | BRD@1122   | 02/10/1989 |
|  7902 | FORD     | M      | ANALYST             | 7566 | 1981-12-03 | 3000 | NULL |     20 |       4 | CONBRIO      | a12recmpm  | NULL       |        0 |     50 | HR         | PUNE     | PUN@8877   | 22/12/1989 |
|  7902 | FORD     | M      | ANALYST             | 7566 | 1981-12-03 | 3000 | NULL |     20 |       4 | CONBRIO      | a12recmpm  | NULL       |        0 |     40 | OPERATIONS | BOSTON   | opr@123    | 12/07/1989 |
|  7902 | FORD     | M      | ANALYST             | 7566 | 1981-12-03 | 3000 | NULL |     20 |       4 | CONBRIO      | a12recmpm  | NULL       |        0 |     30 | SALES      | CHICAGO  | sales@2017 | 13/04/1989 |
|  7902 | FORD     | M      | ANALYST             | 7566 | 1981-12-03 | 3000 | NULL |     20 |       4 | CONBRIO      | a12recmpm  | NULL       |        0 |     20 | RESEARCH   | DALLAS   | a12recmpm  | 12/04/1989 |
|  7902 | FORD     | M      | ANALYST             | 7566 | 1981-12-03 | 3000 | NULL |     20 |       4 | CONBRIO      | a12recmpm  | NULL       |        0 |     10 | ACCOUNTING | NEW YORK | r50mpm     | 24/03/1989 |
|  7919 | HOFFMAN  | M      | MANAGER             | 7566 | 1982-03-24 | 4150 | NULL |     30 |       3 | INTERVAL     | sales@2017 | NULL       |        1 |     60 | IT         | BARODA   | BRD@1122   | 02/10/1989 |
|  7919 | HOFFMAN  | M      | MANAGER             | 7566 | 1982-03-24 | 4150 | NULL |     30 |       3 | INTERVAL     | sales@2017 | NULL       |        1 |     50 | HR         | PUNE     | PUN@8877   | 22/12/1989 |
|  7919 | HOFFMAN  | M      | MANAGER             | 7566 | 1982-03-24 | 4150 | NULL |     30 |       3 | INTERVAL     | sales@2017 | NULL       |        1 |     40 | OPERATIONS | BOSTON   | opr@123    | 12/07/1989 |
|  7919 | HOFFMAN  | M      | MANAGER             | 7566 | 1982-03-24 | 4150 | NULL |     30 |       3 | INTERVAL     | sales@2017 | NULL       |        1 |     30 | SALES      | CHICAGO  | sales@2017 | 13/04/1989 |
|  7919 | HOFFMAN  | M      | MANAGER             | 7566 | 1982-03-24 | 4150 | NULL |     30 |       3 | INTERVAL     | sales@2017 | NULL       |        1 |     20 | RESEARCH   | DALLAS   | a12recmpm  | 12/04/1989 |
|  7919 | HOFFMAN  | M      | MANAGER             | 7566 | 1982-03-24 | 4150 | NULL |     30 |       3 | INTERVAL     | sales@2017 | NULL       |        1 |     10 | ACCOUNTING | NEW YORK | r50mpm     | 24/03/1989 |
|  7920 | GRASS    | M      | SALESMAN            | 7919 | 1980-02-14 | 2575 | 2700 |     30 |       5 | GRASS        | sales@2017 | NULL       |        1 |     60 | IT         | BARODA   | BRD@1122   | 02/10/1989 |
|  7920 | GRASS    | M      | SALESMAN            | 7919 | 1980-02-14 | 2575 | 2700 |     30 |       5 | GRASS        | sales@2017 | NULL       |        1 |     50 | HR         | PUNE     | PUN@8877   | 22/12/1989 |
|  7920 | GRASS    | M      | SALESMAN            | 7919 | 1980-02-14 | 2575 | 2700 |     30 |       5 | GRASS        | sales@2017 | NULL       |        1 |     40 | OPERATIONS | BOSTON   | opr@123    | 12/07/1989 |
|  7920 | GRASS    | M      | SALESMAN            | 7919 | 1980-02-14 | 2575 | 2700 |     30 |       5 | GRASS        | sales@2017 | NULL       |        1 |     30 | SALES      | CHICAGO  | sales@2017 | 13/04/1989 |
|  7920 | GRASS    | M      | SALESMAN            | 7919 | 1980-02-14 | 2575 | 2700 |     30 |       5 | GRASS        | sales@2017 | NULL       |        1 |     20 | RESEARCH   | DALLAS   | a12recmpm  | 12/04/1989 |
|  7920 | GRASS    | M      | SALESMAN            | 7919 | 1980-02-14 | 2575 | 2700 |     30 |       5 | GRASS        | sales@2017 | NULL       |        1 |     10 | ACCOUNTING | NEW YORK | r50mpm     | 24/03/1989 |
|  7934 | MILLER   | M      | CLERK               | 7782 | 1982-01-23 | 1300 | 1300 |     10 |       2 | QUARTERNOTE  | r50mpm     | 7132300055 |        0 |     60 | IT         | BARODA   | BRD@1122   | 02/10/1989 |
|  7934 | MILLER   | M      | CLERK               | 7782 | 1982-01-23 | 1300 | 1300 |     10 |       2 | QUARTERNOTE  | r50mpm     | 7132300055 |        0 |     50 | HR         | PUNE     | PUN@8877   | 22/12/1989 |
|  7934 | MILLER   | M      | CLERK               | 7782 | 1982-01-23 | 1300 | 1300 |     10 |       2 | QUARTERNOTE  | r50mpm     | 7132300055 |        0 |     40 | OPERATIONS | BOSTON   | opr@123    | 12/07/1989 |
|  7934 | MILLER   | M      | CLERK               | 7782 | 1982-01-23 | 1300 | 1300 |     10 |       2 | QUARTERNOTE  | r50mpm     | 7132300055 |        0 |     30 | SALES      | CHICAGO  | sales@2017 | 13/04/1989 |
|  7934 | MILLER   | M      | CLERK               | 7782 | 1982-01-23 | 1300 | 1300 |     10 |       2 | QUARTERNOTE  | r50mpm     | 7132300055 |        0 |     20 | RESEARCH   | DALLAS   | a12recmpm  | 12/04/1989 |
|  7934 | MILLER   | M      | CLERK               | 7782 | 1982-01-23 | 1300 | 1300 |     10 |       2 | QUARTERNOTE  | r50mpm     | 7132300055 |        0 |     10 | ACCOUNTING | NEW YORK | r50mpm     | 24/03/1989 |
|  7945 | AARUSH   | M      | SALESMAN            | 7902 | 1980-02-14 | 1350 | 2700 |     30 |    NULL | AARUSH       | ABCDEF     | NULL       |        0 |     60 | IT         | BARODA   | BRD@1122   | 02/10/1989 |
|  7945 | AARUSH   | M      | SALESMAN            | 7902 | 1980-02-14 | 1350 | 2700 |     30 |    NULL | AARUSH       | ABCDEF     | NULL       |        0 |     50 | HR         | PUNE     | PUN@8877   | 22/12/1989 |
|  7945 | AARUSH   | M      | SALESMAN            | 7902 | 1980-02-14 | 1350 | 2700 |     30 |    NULL | AARUSH       | ABCDEF     | NULL       |        0 |     40 | OPERATIONS | BOSTON   | opr@123    | 12/07/1989 |
|  7945 | AARUSH   | M      | SALESMAN            | 7902 | 1980-02-14 | 1350 | 2700 |     30 |    NULL | AARUSH       | ABCDEF     | NULL       |        0 |     30 | SALES      | CHICAGO  | sales@2017 | 13/04/1989 |
|  7945 | AARUSH   | M      | SALESMAN            | 7902 | 1980-02-14 | 1350 | 2700 |     30 |    NULL | AARUSH       | ABCDEF     | NULL       |        0 |     20 | RESEARCH   | DALLAS   | a12recmpm  | 12/04/1989 |
|  7945 | AARUSH   | M      | SALESMAN            | 7902 | 1980-02-14 | 1350 | 2700 |     30 |    NULL | AARUSH       | ABCDEF     | NULL       |        0 |     10 | ACCOUNTING | NEW YORK | r50mpm     | 24/03/1989 |
|  7949 | ALEX     | M      | MANAGER             | 7698 | 1982-01-24 | 1250 |  500 |     30 |       5 | QUARTERREST  | sales@2017 | 7156567183 |        1 |     60 | IT         | BARODA   | BRD@1122   | 02/10/1989 |
|  7949 | ALEX     | M      | MANAGER             | 7698 | 1982-01-24 | 1250 |  500 |     30 |       5 | QUARTERREST  | sales@2017 | 7156567183 |        1 |     50 | HR         | PUNE     | PUN@8877   | 22/12/1989 |
|  7949 | ALEX     | M      | MANAGER             | 7698 | 1982-01-24 | 1250 |  500 |     30 |       5 | QUARTERREST  | sales@2017 | 7156567183 |        1 |     40 | OPERATIONS | BOSTON   | opr@123    | 12/07/1989 |
|  7949 | ALEX     | M      | MANAGER             | 7698 | 1982-01-24 | 1250 |  500 |     30 |       5 | QUARTERREST  | sales@2017 | 7156567183 |        1 |     30 | SALES      | CHICAGO  | sales@2017 | 13/04/1989 |
|  7949 | ALEX     | M      | MANAGER             | 7698 | 1982-01-24 | 1250 |  500 |     30 |       5 | QUARTERREST  | sales@2017 | 7156567183 |        1 |     20 | RESEARCH   | DALLAS   | a12recmpm  | 12/04/1989 |
|  7949 | ALEX     | M      | MANAGER             | 7698 | 1982-01-24 | 1250 |  500 |     30 |       5 | QUARTERREST  | sales@2017 | 7156567183 |        1 |     10 | ACCOUNTING | NEW YORK | r50mpm     | 24/03/1989 |
|  8433 | NATASHA  | F      | CLERK               | 7920 | 1981-07-19 | 1750 | NULL |     30 |       1 | NATASHA      | sales@2017 | NULL       |        1 |     60 | IT         | BARODA   | BRD@1122   | 02/10/1989 |
|  8433 | NATASHA  | F      | CLERK               | 7920 | 1981-07-19 | 1750 | NULL |     30 |       1 | NATASHA      | sales@2017 | NULL       |        1 |     50 | HR         | PUNE     | PUN@8877   | 22/12/1989 |
|  8433 | NATASHA  | F      | CLERK               | 7920 | 1981-07-19 | 1750 | NULL |     30 |       1 | NATASHA      | sales@2017 | NULL       |        1 |     40 | OPERATIONS | BOSTON   | opr@123    | 12/07/1989 |
|  8433 | NATASHA  | F      | CLERK               | 7920 | 1981-07-19 | 1750 | NULL |     30 |       1 | NATASHA      | sales@2017 | NULL       |        1 |     30 | SALES      | CHICAGO  | sales@2017 | 13/04/1989 |
|  8433 | NATASHA  | F      | CLERK               | 7920 | 1981-07-19 | 1750 | NULL |     30 |       1 | NATASHA      | sales@2017 | NULL       |        1 |     20 | RESEARCH   | DALLAS   | a12recmpm  | 12/04/1989 |
|  8433 | NATASHA  | F      | CLERK               | 7920 | 1981-07-19 | 1750 | NULL |     30 |       1 | NATASHA      | sales@2017 | NULL       |        1 |     10 | ACCOUNTING | NEW YORK | r50mpm     | 24/03/1989 |
|  9400 | SANGITA  | F      | Compliance officers | 7920 | 1981-07-19 | 1750 | NULL |     50 |       1 | SANGITA      | NULL       | NULL       |        1 |     60 | IT         | BARODA   | BRD@1122   | 02/10/1989 |
|  9400 | SANGITA  | F      | Compliance officers | 7920 | 1981-07-19 | 1750 | NULL |     50 |       1 | SANGITA      | NULL       | NULL       |        1 |     50 | HR         | PUNE     | PUN@8877   | 22/12/1989 |
|  9400 | SANGITA  | F      | Compliance officers | 7920 | 1981-07-19 | 1750 | NULL |     50 |       1 | SANGITA      | NULL       | NULL       |        1 |     40 | OPERATIONS | BOSTON   | opr@123    | 12/07/1989 |
|  9400 | SANGITA  | F      | Compliance officers | 7920 | 1981-07-19 | 1750 | NULL |     50 |       1 | SANGITA      | NULL       | NULL       |        1 |     30 | SALES      | CHICAGO  | sales@2017 | 13/04/1989 |
|  9400 | SANGITA  | F      | Compliance officers | 7920 | 1981-07-19 | 1750 | NULL |     50 |       1 | SANGITA      | NULL       | NULL       |        1 |     20 | RESEARCH   | DALLAS   | a12recmpm  | 12/04/1989 |
|  9400 | SANGITA  | F      | Compliance officers | 7920 | 1981-07-19 | 1750 | NULL |     50 |       1 | SANGITA      | NULL       | NULL       |        1 |     10 | ACCOUNTING | NEW YORK | r50mpm     | 24/03/1989 |
|  9473 | SUPRIYA  | F      | ANALYST             | 7920 | 1981-07-19 | 1750 | NULL |     50 |       1 | SUPRIYA      | XYZ@1234   | NULL       |        1 |     60 | IT         | BARODA   | BRD@1122   | 02/10/1989 |
|  9473 | SUPRIYA  | F      | ANALYST             | 7920 | 1981-07-19 | 1750 | NULL |     50 |       1 | SUPRIYA      | XYZ@1234   | NULL       |        1 |     50 | HR         | PUNE     | PUN@8877   | 22/12/1989 |
|  9473 | SUPRIYA  | F      | ANALYST             | 7920 | 1981-07-19 | 1750 | NULL |     50 |       1 | SUPRIYA      | XYZ@1234   | NULL       |        1 |     40 | OPERATIONS | BOSTON   | opr@123    | 12/07/1989 |
|  9473 | SUPRIYA  | F      | ANALYST             | 7920 | 1981-07-19 | 1750 | NULL |     50 |       1 | SUPRIYA      | XYZ@1234   | NULL       |        1 |     30 | SALES      | CHICAGO  | sales@2017 | 13/04/1989 |
|  9473 | SUPRIYA  | F      | ANALYST             | 7920 | 1981-07-19 | 1750 | NULL |     50 |       1 | SUPRIYA      | XYZ@1234   | NULL       |        1 |     20 | RESEARCH   | DALLAS   | a12recmpm  | 12/04/1989 |
|  9473 | SUPRIYA  | F      | ANALYST             | 7920 | 1981-07-19 | 1750 | NULL |     50 |       1 | SUPRIYA      | XYZ@1234   | NULL       |        1 |     10 | ACCOUNTING | NEW YORK | r50mpm     | 24/03/1989 |
+-------+----------+--------+---------------------+------+------------+------+------+--------+---------+--------------+------------+------------+----------+--------+------------+----------+------------+------------+
180 rows in set (0.00 sec)

mysql> select * from customers, salespeople where customers.SNUM =salespeople.
    -> SNUM;
+------+---------+----------+--------+------+------+---------+----------+------+
| CNUM | CNAME   | CITY     | RATING | SNUM | SNUM | SNAME   | CITY     | COMM |
+------+---------+----------+--------+------+------+---------+----------+------+
| 1001 | Saleel  | Baroda   |    250 | 1007 | 1007 | James   | Derby    | 0.15 |
| 1037 | Nitish  | Pune     |    250 | 1007 | 1007 | James   | Derby    | 0.15 |
| 2001 | Santosh | London   |    100 | 1001 | 1001 | Rajan   | London   | 0.12 |
| 2002 | Joe     | Rome     |    200 | 1003 | 1003 | Alax    | New York |  0.1 |
| 2003 | Raj     | San Jose |    200 | 1002 | 1002 | Natasha | San Jose | 0.13 |
| 2004 | Grass   | Berlin   |    300 | 1002 | 1002 | Natasha | San Jose | 0.13 |
| 2006 | Raja    | London   |    100 | 1001 | 1001 | Rajan   | London   | 0.12 |
| 2007 | Jackson | Rome     |    100 | 1004 | 1004 | Monika  | London   | 0.11 |
| 2008 | William | San Jose |    300 | 1007 | 1007 | James   | Derby    | 0.15 |
| 2009 | Smith   | Berlin   |    300 | 1007 | 1007 | James   | Derby    | 0.15 |
| 2010 | ADAMS   | Berlin   |    250 | 1007 | 1007 | James   | Derby    | 0.15 |
+------+---------+----------+--------+------+------+---------+----------+------+
11 rows in set (0.09 sec)

mysql> select * from customers inner join salespeople using(SNUM);
+------+------+---------+----------+--------+---------+----------+------+
| SNUM | CNUM | CNAME   | CITY     | RATING | SNAME   | CITY     | COMM |
+------+------+---------+----------+--------+---------+----------+------+
| 1007 | 1001 | Saleel  | Baroda   |    250 | James   | Derby    | 0.15 |
| 1007 | 1037 | Nitish  | Pune     |    250 | James   | Derby    | 0.15 |
| 1001 | 2001 | Santosh | London   |    100 | Rajan   | London   | 0.12 |
| 1003 | 2002 | Joe     | Rome     |    200 | Alax    | New York |  0.1 |
| 1002 | 2003 | Raj     | San Jose |    200 | Natasha | San Jose | 0.13 |
| 1002 | 2004 | Grass   | Berlin   |    300 | Natasha | San Jose | 0.13 |
| 1001 | 2006 | Raja    | London   |    100 | Rajan   | London   | 0.12 |
| 1004 | 2007 | Jackson | Rome     |    100 | Monika  | London   | 0.11 |
| 1007 | 2008 | William | San Jose |    300 | James   | Derby    | 0.15 |
| 1007 | 2009 | Smith   | Berlin   |    300 | James   | Derby    | 0.15 |
| 1007 | 2010 | ADAMS   | Berlin   |    250 | James   | Derby    | 0.15 |
+------+------+---------+----------+--------+---------+----------+------+
11 rows in set (0.00 sec)

mysql> select customer.cname ,salespeople.sname,orders.* from customers join salespeople on customers.SNUM = salespeople.SNUM inner join orders on customers.cnum = orders.cnum;
ERROR 1054 (42S22): Unknown column 'customer.cname' in 'field list'
mysql> select customers.cname ,salespeople.sname,orders.* from customers join salespeople on customers.SNUM = salespeople.SNUM inner join orders on customers.cnum = orders.cnum;
+---------+---------+------+---------+---------------------+------+------+--------+--------------+------------+------------------+
| cname   | sname   | ONUM | AMT     | ODATE               | CNUM | SNUM | type   | paymentType  | registered | delivery_partner |
+---------+---------+------+---------+---------------------+------+------+--------+--------------+------------+------------------+
| Santosh | Rajan   | 3003 |  767.19 | 1996-10-03 13:45:00 | 2001 | 1001 | Online | Debit Cards  |          1 | NULL             |
| Santosh | Rajan   | 3017 |   18.69 | 1996-10-03 12:30:00 | 2001 | 1007 | Online | Credit Cards |          1 | NULL             |
| Santosh | Rajan   | 3049 |  500.58 | 1996-03-14 07:45:19 | 2001 | 1003 | Cash   | COD          |          0 | NULL             |
| Santosh | Rajan   | 4012 |   245.6 | 1996-03-06 13:07:00 | 2001 | 1002 | Online | Wallets      |          1 | NULL             |
| Santosh | Rajan   | 4021 |  600.65 | 1996-08-12 13:07:00 | 2001 | 1002 | Online | Wallets      |          1 | NULL             |
| Santosh | Rajan   | 5011 |  138.35 | 1996-09-14 13:07:00 | 2001 | 1007 | Cash   | COD          |          0 | NULL             |
| Santosh | Rajan   | 6501 |  125.45 | 1996-06-13 13:07:00 | 2001 | 1001 | Online | EMI Options  |          1 | NULL             |
| Joe     | Alax    | 3007 |   75.75 | 1996-10-04 15:21:00 | 2002 | 1003 | Online | Credit Cards |          1 | NULL             |
| Joe     | Alax    | 3009 | 1713.23 | 1996-10-04 15:21:00 | 2002 | 1003 | Online | Credit Cards |          1 | NULL             |
| Joe     | Alax    | 3012 | 3455.78 | 1996-10-04 15:21:00 | 2002 | 1003 | Cash   | COD          |          0 | NULL             |
| Joe     | Alax    | 3013 | 1245.98 | 1996-10-04 16:32:00 | 2002 | 1003 | Online | EMI Options  |          1 | NULL             |
| Joe     | Alax    | 3018 |  767.19 | 1996-10-03 12:05:00 | 2002 | 1001 | Online | Wallets      |          1 | NULL             |
| Joe     | Alax    | 3022 | 1713.23 | 1996-10-04 15:21:00 | 2002 | 1003 | Cash   | COD          |          0 | NULL             |
| Joe     | Alax    | 3023 |   75.75 | 1996-10-04 16:02:00 | 2002 | 1004 | Online | Wallets      |          1 | NULL             |
| Joe     | Alax    | 3025 | 1309.95 | 1996-10-06 13:12:00 | 2002 | 1002 | Online | Wallets      |          1 | NULL             |
| Joe     | Alax    | 3027 | 3455.78 | 1996-10-04 15:21:00 | 2002 | 1003 | Cash   | COD          |          0 | NULL             |
| Joe     | Alax    | 3028 | 1245.98 | 1996-10-04 16:32:00 | 2002 | 1003 | Online | Debit Cards  |          1 | NULL             |
| Joe     | Alax    | 3033 |  522.23 | 1996-12-24 14:23:00 | 2002 | 1002 | Cash   | COD          |          0 | NULL             |
| Joe     | Alax    | 5014 |  980.65 | 1996-08-23 13:07:00 | 2002 | 1007 | Online | Wallets      |          1 | NULL             |
| Joe     | Alax    | 5016 | 1000.95 | 1996-03-12 13:07:00 | 2002 | 1007 | Cash   | COD          |          0 | NULL             |
| Joe     | Alax    | 5099 |  790.75 | 1996-04-24 13:07:00 | 2002 | 1007 | Online | EMI Options  |          1 | NULL             |
| Raj     | Natasha | 3005 | 5160.45 | 1996-10-03 14:00:00 | 2003 | 1002 | Online | Debit Cards  |          1 | NULL             |
| Raj     | Natasha | 3020 | 5160.45 | 1996-10-03 14:00:00 | 2003 | 1007 | Cash   | COD          |          0 | NULL             |
| Grass   | Natasha | 3010 | 1309.95 | 1996-10-06 13:12:00 | 2004 | 1002 | Online | EMI Options  |          1 | NULL             |
| Grass   | Natasha | 3015 |   734.5 | 1996-10-06 13:16:00 | 2004 | 1002 | Online | EMI Options  |          1 | NULL             |
| Grass   | Natasha | 3030 |   734.5 | 1996-10-06 13:16:00 | 2004 | 1002 | Cash   | COD          |          0 | NULL             |
| Grass   | Natasha | 4054 |  1200.8 | 1996-11-22 13:07:00 | 2004 | 1003 | Cash   | COD          |          0 | NULL             |
| Grass   | Natasha | 5015 | 2133.35 | 1996-06-23 13:07:00 | 2004 | 1007 | Online | EMI Options  |          1 | NULL             |
| Raja    | Rajan   | 3008 |    4723 | 1996-10-05 12:07:00 | 2006 | 1001 | Cash   | COD          |          0 | NULL             |
| Raja    | Rajan   | 3011 | 9891.88 | 1996-10-06 13:09:00 | 2006 | 1001 | Online | EMI Options  |          1 | NULL             |
| Raja    | Rajan   | 3014 | 3721.53 | 1996-10-05 12:45:00 | 2006 | 1001 | Cash   | COD          |          0 | NULL             |
| Raja    | Rajan   | 3016 | 1729.67 | 1996-10-06 13:18:00 | 2006 | 1001 | Online | Wallets      |          1 | NULL             |
| Raja    | Rajan   | 3024 |    4723 | 1996-10-05 12:07:00 | 2006 | 1002 | Online | Credit Cards |          1 | NULL             |
| Raja    | Rajan   | 3026 | 9891.88 | 1996-10-06 13:09:00 | 2006 | 1001 | Online | Wallets      |          1 | NULL             |
| Raja    | Rajan   | 3029 | 3721.53 | 1996-10-05 12:45:00 | 2006 | 1001 | Online | Credit Cards |          1 | NULL             |
| Raja    | Rajan   | 3031 | 1729.67 | 1996-10-06 13:07:00 | 2006 | 1007 | Online | Wallets      |          1 | NULL             |
| Raja    | Rajan   | 3032 | 3434.55 | 1996-01-26 17:09:12 | 2006 | 1007 | Online | Wallets      |          1 | NULL             |
| Raja    | Rajan   | 5053 |  1500.5 | 1996-01-01 13:07:00 | 2006 | 1007 | Online | EMI Options  |          1 | NULL             |
| Raja    | Rajan   | 6502 |  535.25 | 1996-08-24 13:07:00 | 2006 | 1004 | Cash   | COD          |          0 | NULL             |
| Raja    | Rajan   | 6503 | 1100.25 | 1996-07-26 13:07:00 | 2006 | 1007 | Online | Wallets      |          1 | NULL             |
| Jackson | Monika  | 3002 |  1900.1 | 1996-10-03 12:30:00 | 2007 | 1004 | Online | Wallets      |          1 | NULL             |
| Jackson | Monika  | 3019 |  1900.1 | 1996-10-03 12:05:00 | 2007 | 1004 | Online | EMI Options  |          1 | NULL             |
| Jackson | Monika  | 3119 |   125.5 | 1996-07-26 18:37:00 | 2007 | 1001 | Online | Wallets      |          1 | NULL             |
| William | James   | 3001 |   18.69 | 1996-10-03 12:30:00 | 2008 | 1007 | Online | Credit Cards |          1 | NULL             |
| William | James   | 3006 | 1098.16 | 1996-10-03 13:37:00 | 2008 | 1007 | Online | Wallets      |          1 | NULL             |
| William | James   | 3021 | 1098.16 | 1996-10-03 13:37:00 | 2008 | 1007 | Online | Debit Cards  |          1 | NULL             |
| William | James   | 3074 |   457.4 | 1996-04-19 05:13:00 | 2008 | 1007 | Online | EMI Options  |          1 | NULL             |
| William | James   | 4001 |   145.2 | 1996-05-13 20:47:00 | 2008 | 1003 | Online | EMI Options  |          1 | NULL             |
| William | James   | 6504 | 1350.75 | 1996-07-21 13:07:00 | 2008 | 1007 | Cash   | COD          |          0 | NULL             |
+---------+---------+------+---------+---------------------+------+------+--------+--------------+------------+------------------+
49 rows in set (0.01 sec)

mysql> desc menucards;
ERROR 1146 (42S02): Table 'dac83.menucards' doesn't exist
mysql> desc menucard;
+-------+-------------+------+-----+---------+-------+
| Field | Type        | Null | Key | Default | Extra |
+-------+-------------+------+-----+---------+-------+
| ID    | int         | YES  |     | NULL    |       |
| NAME  | varchar(35) | YES  |     | NULL    |       |
| RATE  | int         | YES  |     | NULL    |       |
+-------+-------------+------+-----+---------+-------+
3 rows in set (0.00 sec)

mysql> desc softdrink;
+-------+-------------+------+-----+---------+-------+
| Field | Type        | Null | Key | Default | Extra |
+-------+-------------+------+-----+---------+-------+
| ID    | int         | YES  |     | NULL    |       |
| NAME  | varchar(25) | YES  |     | NULL    |       |
| RATE  | int         | YES  |     | NULL    |       |
+-------+-------------+------+-----+---------+-------+
3 rows in set (0.01 sec)

mysql> select * from menucard,softdrink;
+------+------------------------------+------+------+----------------------+------+
| ID   | NAME                         | RATE | ID   | NAME                 | RATE |
+------+------------------------------+------+------+----------------------+------+
|   14 | Onion Hamburger              |  115 |    5 | Iced Tea             |   35 |
|   14 | Onion Hamburger              |  115 |    4 | Frozen Fanta Cherry  |   65 |
|   14 | Onion Hamburger              |  115 |    3 | Diet Coke            |   60 |
|   14 | Onion Hamburger              |  115 |    2 | Mello Yello          |   75 |
|   14 | Onion Hamburger              |  115 |    1 | Coca-Cola            |   45 |
|    6 | Extra Long Cheeseburger      |  100 |    5 | Iced Tea             |   35 |
|    6 | Extra Long Cheeseburger      |  100 |    4 | Frozen Fanta Cherry  |   65 |
|    6 | Extra Long Cheeseburger      |  100 |    3 | Diet Coke            |   60 |
|    6 | Extra Long Cheeseburger      |  100 |    2 | Mello Yello          |   75 |
|    6 | Extra Long Cheeseburger      |  100 |    1 | Coca-Cola            |   45 |
|    2 | Double Stacker               |  125 |    5 | Iced Tea             |   35 |
|    2 | Double Stacker               |  125 |    4 | Frozen Fanta Cherry  |   65 |
|    2 | Double Stacker               |  125 |    3 | Diet Coke            |   60 |
|    2 | Double Stacker               |  125 |    2 | Mello Yello          |   75 |
|    2 | Double Stacker               |  125 |    1 | Coca-Cola            |   45 |
|    8 | Double Cheeseburger          |  100 |    5 | Iced Tea             |   35 |
|    8 | Double Cheeseburger          |  100 |    4 | Frozen Fanta Cherry  |   65 |
|    8 | Double Cheeseburger          |  100 |    3 | Diet Coke            |   60 |
|    8 | Double Cheeseburger          |  100 |    2 | Mello Yello          |   75 |
|    8 | Double Cheeseburger          |  100 |    1 | Coca-Cola            |   45 |
|   13 | Cheese Hamburger             |  125 |    5 | Iced Tea             |   35 |
|   13 | Cheese Hamburger             |  125 |    4 | Frozen Fanta Cherry  |   65 |
|   13 | Cheese Hamburger             |  125 |    3 | Diet Coke            |   60 |
|   13 | Cheese Hamburger             |  125 |    2 | Mello Yello          |   75 |
|   13 | Cheese Hamburger             |  125 |    1 | Coca-Cola            |   45 |
|    4 | Hamburger                    |   85 |    5 | Iced Tea             |   35 |
|    4 | Hamburger                    |   85 |    4 | Frozen Fanta Cherry  |   65 |
|    4 | Hamburger                    |   85 |    3 | Diet Coke            |   60 |
|    4 | Hamburger                    |   85 |    2 | Mello Yello          |   75 |
|    4 | Hamburger                    |   85 |    1 | Coca-Cola            |   45 |
|   11 | Classic Grilled Dog          |   95 |    5 | Iced Tea             |   35 |
|   11 | Classic Grilled Dog          |   95 |    4 | Frozen Fanta Cherry  |   65 |
|   11 | Classic Grilled Dog          |   95 |    3 | Diet Coke            |   60 |
|   11 | Classic Grilled Dog          |   95 |    2 | Mello Yello          |   75 |
|   11 | Classic Grilled Dog          |   95 |    1 | Coca-Cola            |   45 |
|    1 | Chili Cheese Grilled Dog     |  115 |    5 | Iced Tea             |   35 |
|    1 | Chili Cheese Grilled Dog     |  115 |    4 | Frozen Fanta Cherry  |   65 |
|    1 | Chili Cheese Grilled Dog     |  115 |    3 | Diet Coke            |   60 |
|    1 | Chili Cheese Grilled Dog     |  115 |    2 | Mello Yello          |   75 |
|    1 | Chili Cheese Grilled Dog     |  115 |    1 | Coca-Cola            |   45 |
|    7 | Flame Grilled Chicken Burger |  135 |    5 | Iced Tea             |   35 |
|    7 | Flame Grilled Chicken Burger |  135 |    4 | Frozen Fanta Cherry  |   65 |
|    7 | Flame Grilled Chicken Burger |  135 |    3 | Diet Coke            |   60 |
|    7 | Flame Grilled Chicken Burger |  135 |    2 | Mello Yello          |   75 |
|    7 | Flame Grilled Chicken Burger |  135 |    1 | Coca-Cola            |   45 |
|    3 | Original Chicken Sandwich    |   55 |    5 | Iced Tea             |   35 |
|    3 | Original Chicken Sandwich    |   55 |    4 | Frozen Fanta Cherry  |   65 |
|    3 | Original Chicken Sandwich    |   55 |    3 | Diet Coke            |   60 |
|    3 | Original Chicken Sandwich    |   55 |    2 | Mello Yello          |   75 |
|    3 | Original Chicken Sandwich    |   55 |    1 | Coca-Cola            |   45 |
|    9 | McALLO TIKKI                 |   45 |    5 | Iced Tea             |   35 |
|    9 | McALLO TIKKI                 |   45 |    4 | Frozen Fanta Cherry  |   65 |
|    9 | McALLO TIKKI                 |   45 |    3 | Diet Coke            |   60 |
|    9 | McALLO TIKKI                 |   45 |    2 | Mello Yello          |   75 |
|    9 | McALLO TIKKI                 |   45 |    1 | Coca-Cola            |   45 |
|   12 | Veg Maharaja Mac             |   75 |    5 | Iced Tea             |   35 |
|   12 | Veg Maharaja Mac             |   75 |    4 | Frozen Fanta Cherry  |   65 |
|   12 | Veg Maharaja Mac             |   75 |    3 | Diet Coke            |   60 |
|   12 | Veg Maharaja Mac             |   75 |    2 | Mello Yello          |   75 |
|   12 | Veg Maharaja Mac             |   75 |    1 | Coca-Cola            |   45 |
|    5 | Big Spicy Chicken Wrap       |  100 |    5 | Iced Tea             |   35 |
|    5 | Big Spicy Chicken Wrap       |  100 |    4 | Frozen Fanta Cherry  |   65 |
|    5 | Big Spicy Chicken Wrap       |  100 |    3 | Diet Coke            |   60 |
|    5 | Big Spicy Chicken Wrap       |  100 |    2 | Mello Yello          |   75 |
|    5 | Big Spicy Chicken Wrap       |  100 |    1 | Coca-Cola            |   45 |
|   15 | Cheese Onion Hamburger       |  145 |    5 | Iced Tea             |   35 |
|   15 | Cheese Onion Hamburger       |  145 |    4 | Frozen Fanta Cherry  |   65 |
|   15 | Cheese Onion Hamburger       |  145 |    3 | Diet Coke            |   60 |
|   15 | Cheese Onion Hamburger       |  145 |    2 | Mello Yello          |   75 |
|   15 | Cheese Onion Hamburger       |  145 |    1 | Coca-Cola            |   45 |
|   10 | McVeggie Schezwan            |   85 |    5 | Iced Tea             |   35 |
|   10 | McVeggie Schezwan            |   85 |    4 | Frozen Fanta Cherry  |   65 |
|   10 | McVeggie Schezwan            |   85 |    3 | Diet Coke            |   60 |
|   10 | McVeggie Schezwan            |   85 |    2 | Mello Yello          |   75 |
|   10 | McVeggie Schezwan            |   85 |    1 | Coca-Cola            |   45 |
+------+------------------------------+------+------+----------------------+------+
75 rows in set (0.00 sec)

mysql> select * from menucard union select * from softdrink;
+------+------------------------------+------+
| ID   | NAME                         | RATE |
+------+------------------------------+------+
|   14 | Onion Hamburger              |  115 |
|    6 | Extra Long Cheeseburger      |  100 |
|    2 | Double Stacker               |  125 |
|    8 | Double Cheeseburger          |  100 |
|   13 | Cheese Hamburger             |  125 |
|    4 | Hamburger                    |   85 |
|   11 | Classic Grilled Dog          |   95 |
|    1 | Chili Cheese Grilled Dog     |  115 |
|    7 | Flame Grilled Chicken Burger |  135 |
|    3 | Original Chicken Sandwich    |   55 |
|    9 | McALLO TIKKI                 |   45 |
|   12 | Veg Maharaja Mac             |   75 |
|    5 | Big Spicy Chicken Wrap       |  100 |
|   15 | Cheese Onion Hamburger       |  145 |
|   10 | McVeggie Schezwan            |   85 |
|    1 | Coca-Cola                    |   45 |
|    2 | Mello Yello                  |   75 |
|    3 | Diet Coke                    |   60 |
|    4 | Frozen Fanta Cherry          |   65 |
|    5 | Iced Tea                     |   35 |
+------+------------------------------+------+
20 rows in set (0.00 sec)

mysql> select m.id, m.name, m.rate from menucard m, softdrink s;
+------+------------------------------+------+
| id   | name                         | rate |
+------+------------------------------+------+
|   14 | Onion Hamburger              |  115 |
|   14 | Onion Hamburger              |  115 |
|   14 | Onion Hamburger              |  115 |
|   14 | Onion Hamburger              |  115 |
|   14 | Onion Hamburger              |  115 |
|    6 | Extra Long Cheeseburger      |  100 |
|    6 | Extra Long Cheeseburger      |  100 |
|    6 | Extra Long Cheeseburger      |  100 |
|    6 | Extra Long Cheeseburger      |  100 |
|    6 | Extra Long Cheeseburger      |  100 |
|    2 | Double Stacker               |  125 |
|    2 | Double Stacker               |  125 |
|    2 | Double Stacker               |  125 |
|    2 | Double Stacker               |  125 |
|    2 | Double Stacker               |  125 |
|    8 | Double Cheeseburger          |  100 |
|    8 | Double Cheeseburger          |  100 |
|    8 | Double Cheeseburger          |  100 |
|    8 | Double Cheeseburger          |  100 |
|    8 | Double Cheeseburger          |  100 |
|   13 | Cheese Hamburger             |  125 |
|   13 | Cheese Hamburger             |  125 |
|   13 | Cheese Hamburger             |  125 |
|   13 | Cheese Hamburger             |  125 |
|   13 | Cheese Hamburger             |  125 |
|    4 | Hamburger                    |   85 |
|    4 | Hamburger                    |   85 |
|    4 | Hamburger                    |   85 |
|    4 | Hamburger                    |   85 |
|    4 | Hamburger                    |   85 |
|   11 | Classic Grilled Dog          |   95 |
|   11 | Classic Grilled Dog          |   95 |
|   11 | Classic Grilled Dog          |   95 |
|   11 | Classic Grilled Dog          |   95 |
|   11 | Classic Grilled Dog          |   95 |
|    1 | Chili Cheese Grilled Dog     |  115 |
|    1 | Chili Cheese Grilled Dog     |  115 |
|    1 | Chili Cheese Grilled Dog     |  115 |
|    1 | Chili Cheese Grilled Dog     |  115 |
|    1 | Chili Cheese Grilled Dog     |  115 |
|    7 | Flame Grilled Chicken Burger |  135 |
|    7 | Flame Grilled Chicken Burger |  135 |
|    7 | Flame Grilled Chicken Burger |  135 |
|    7 | Flame Grilled Chicken Burger |  135 |
|    7 | Flame Grilled Chicken Burger |  135 |
|    3 | Original Chicken Sandwich    |   55 |
|    3 | Original Chicken Sandwich    |   55 |
|    3 | Original Chicken Sandwich    |   55 |
|    3 | Original Chicken Sandwich    |   55 |
|    3 | Original Chicken Sandwich    |   55 |
|    9 | McALLO TIKKI                 |   45 |
|    9 | McALLO TIKKI                 |   45 |
|    9 | McALLO TIKKI                 |   45 |
|    9 | McALLO TIKKI                 |   45 |
|    9 | McALLO TIKKI                 |   45 |
|   12 | Veg Maharaja Mac             |   75 |
|   12 | Veg Maharaja Mac             |   75 |
|   12 | Veg Maharaja Mac             |   75 |
|   12 | Veg Maharaja Mac             |   75 |
|   12 | Veg Maharaja Mac             |   75 |
|    5 | Big Spicy Chicken Wrap       |  100 |
|    5 | Big Spicy Chicken Wrap       |  100 |
|    5 | Big Spicy Chicken Wrap       |  100 |
|    5 | Big Spicy Chicken Wrap       |  100 |
|    5 | Big Spicy Chicken Wrap       |  100 |
|   15 | Cheese Onion Hamburger       |  145 |
|   15 | Cheese Onion Hamburger       |  145 |
|   15 | Cheese Onion Hamburger       |  145 |
|   15 | Cheese Onion Hamburger       |  145 |
|   15 | Cheese Onion Hamburger       |  145 |
|   10 | McVeggie Schezwan            |   85 |
|   10 | McVeggie Schezwan            |   85 |
|   10 | McVeggie Schezwan            |   85 |
|   10 | McVeggie Schezwan            |   85 |
|   10 | McVeggie Schezwan            |   85 |
+------+------------------------------+------+
75 rows in set (0.00 sec)

mysql> select m.id 'Menu card Id', m.name, m.rate, s.id, s.name, s.rate, m.rate Amount from menucard m, softdrinks s;
ERROR 1146 (42S02): Table 'dac83.softdrinks' doesn't exist
mysql> select m.id 'Menu card Id', m.name, m.rate, s.id, s.name, s.rate, m.rate Amount from menucard m, softdrink s;
+--------------+------------------------------+------+------+----------------------+------+--------+
| Menu card Id | name                         | rate | id   | name                 | rate | Amount |
+--------------+------------------------------+------+------+----------------------+------+--------+
|           14 | Onion Hamburger              |  115 |    5 | Iced Tea             |   35 |    115 |
|           14 | Onion Hamburger              |  115 |    4 | Frozen Fanta Cherry  |   65 |    115 |
|           14 | Onion Hamburger              |  115 |    3 | Diet Coke            |   60 |    115 |
|           14 | Onion Hamburger              |  115 |    2 | Mello Yello          |   75 |    115 |
|           14 | Onion Hamburger              |  115 |    1 | Coca-Cola            |   45 |    115 |
|            6 | Extra Long Cheeseburger      |  100 |    5 | Iced Tea             |   35 |    100 |
|            6 | Extra Long Cheeseburger      |  100 |    4 | Frozen Fanta Cherry  |   65 |    100 |
|            6 | Extra Long Cheeseburger      |  100 |    3 | Diet Coke            |   60 |    100 |
|            6 | Extra Long Cheeseburger      |  100 |    2 | Mello Yello          |   75 |    100 |
|            6 | Extra Long Cheeseburger      |  100 |    1 | Coca-Cola            |   45 |    100 |
|            2 | Double Stacker               |  125 |    5 | Iced Tea             |   35 |    125 |
|            2 | Double Stacker               |  125 |    4 | Frozen Fanta Cherry  |   65 |    125 |
|            2 | Double Stacker               |  125 |    3 | Diet Coke            |   60 |    125 |
|            2 | Double Stacker               |  125 |    2 | Mello Yello          |   75 |    125 |
|            2 | Double Stacker               |  125 |    1 | Coca-Cola            |   45 |    125 |
|            8 | Double Cheeseburger          |  100 |    5 | Iced Tea             |   35 |    100 |
|            8 | Double Cheeseburger          |  100 |    4 | Frozen Fanta Cherry  |   65 |    100 |
|            8 | Double Cheeseburger          |  100 |    3 | Diet Coke            |   60 |    100 |
|            8 | Double Cheeseburger          |  100 |    2 | Mello Yello          |   75 |    100 |
|            8 | Double Cheeseburger          |  100 |    1 | Coca-Cola            |   45 |    100 |
|           13 | Cheese Hamburger             |  125 |    5 | Iced Tea             |   35 |    125 |
|           13 | Cheese Hamburger             |  125 |    4 | Frozen Fanta Cherry  |   65 |    125 |
|           13 | Cheese Hamburger             |  125 |    3 | Diet Coke            |   60 |    125 |
|           13 | Cheese Hamburger             |  125 |    2 | Mello Yello          |   75 |    125 |
|           13 | Cheese Hamburger             |  125 |    1 | Coca-Cola            |   45 |    125 |
|            4 | Hamburger                    |   85 |    5 | Iced Tea             |   35 |     85 |
|            4 | Hamburger                    |   85 |    4 | Frozen Fanta Cherry  |   65 |     85 |
|            4 | Hamburger                    |   85 |    3 | Diet Coke            |   60 |     85 |
|            4 | Hamburger                    |   85 |    2 | Mello Yello          |   75 |     85 |
|            4 | Hamburger                    |   85 |    1 | Coca-Cola            |   45 |     85 |
|           11 | Classic Grilled Dog          |   95 |    5 | Iced Tea             |   35 |     95 |
|           11 | Classic Grilled Dog          |   95 |    4 | Frozen Fanta Cherry  |   65 |     95 |
|           11 | Classic Grilled Dog          |   95 |    3 | Diet Coke            |   60 |     95 |
|           11 | Classic Grilled Dog          |   95 |    2 | Mello Yello          |   75 |     95 |
|           11 | Classic Grilled Dog          |   95 |    1 | Coca-Cola            |   45 |     95 |
|            1 | Chili Cheese Grilled Dog     |  115 |    5 | Iced Tea             |   35 |    115 |
|            1 | Chili Cheese Grilled Dog     |  115 |    4 | Frozen Fanta Cherry  |   65 |    115 |
|            1 | Chili Cheese Grilled Dog     |  115 |    3 | Diet Coke            |   60 |    115 |
|            1 | Chili Cheese Grilled Dog     |  115 |    2 | Mello Yello          |   75 |    115 |
|            1 | Chili Cheese Grilled Dog     |  115 |    1 | Coca-Cola            |   45 |    115 |
|            7 | Flame Grilled Chicken Burger |  135 |    5 | Iced Tea             |   35 |    135 |
|            7 | Flame Grilled Chicken Burger |  135 |    4 | Frozen Fanta Cherry  |   65 |    135 |
|            7 | Flame Grilled Chicken Burger |  135 |    3 | Diet Coke            |   60 |    135 |
|            7 | Flame Grilled Chicken Burger |  135 |    2 | Mello Yello          |   75 |    135 |
|            7 | Flame Grilled Chicken Burger |  135 |    1 | Coca-Cola            |   45 |    135 |
|            3 | Original Chicken Sandwich    |   55 |    5 | Iced Tea             |   35 |     55 |
|            3 | Original Chicken Sandwich    |   55 |    4 | Frozen Fanta Cherry  |   65 |     55 |
|            3 | Original Chicken Sandwich    |   55 |    3 | Diet Coke            |   60 |     55 |
|            3 | Original Chicken Sandwich    |   55 |    2 | Mello Yello          |   75 |     55 |
|            3 | Original Chicken Sandwich    |   55 |    1 | Coca-Cola            |   45 |     55 |
|            9 | McALLO TIKKI                 |   45 |    5 | Iced Tea             |   35 |     45 |
|            9 | McALLO TIKKI                 |   45 |    4 | Frozen Fanta Cherry  |   65 |     45 |
|            9 | McALLO TIKKI                 |   45 |    3 | Diet Coke            |   60 |     45 |
|            9 | McALLO TIKKI                 |   45 |    2 | Mello Yello          |   75 |     45 |
|            9 | McALLO TIKKI                 |   45 |    1 | Coca-Cola            |   45 |     45 |
|           12 | Veg Maharaja Mac             |   75 |    5 | Iced Tea             |   35 |     75 |
|           12 | Veg Maharaja Mac             |   75 |    4 | Frozen Fanta Cherry  |   65 |     75 |
|           12 | Veg Maharaja Mac             |   75 |    3 | Diet Coke            |   60 |     75 |
|           12 | Veg Maharaja Mac             |   75 |    2 | Mello Yello          |   75 |     75 |
|           12 | Veg Maharaja Mac             |   75 |    1 | Coca-Cola            |   45 |     75 |
|            5 | Big Spicy Chicken Wrap       |  100 |    5 | Iced Tea             |   35 |    100 |
|            5 | Big Spicy Chicken Wrap       |  100 |    4 | Frozen Fanta Cherry  |   65 |    100 |
|            5 | Big Spicy Chicken Wrap       |  100 |    3 | Diet Coke            |   60 |    100 |
|            5 | Big Spicy Chicken Wrap       |  100 |    2 | Mello Yello          |   75 |    100 |
|            5 | Big Spicy Chicken Wrap       |  100 |    1 | Coca-Cola            |   45 |    100 |
|           15 | Cheese Onion Hamburger       |  145 |    5 | Iced Tea             |   35 |    145 |
|           15 | Cheese Onion Hamburger       |  145 |    4 | Frozen Fanta Cherry  |   65 |    145 |
|           15 | Cheese Onion Hamburger       |  145 |    3 | Diet Coke            |   60 |    145 |
|           15 | Cheese Onion Hamburger       |  145 |    2 | Mello Yello          |   75 |    145 |
|           15 | Cheese Onion Hamburger       |  145 |    1 | Coca-Cola            |   45 |    145 |
|           10 | McVeggie Schezwan            |   85 |    5 | Iced Tea             |   35 |     85 |
|           10 | McVeggie Schezwan            |   85 |    4 | Frozen Fanta Cherry  |   65 |     85 |
|           10 | McVeggie Schezwan            |   85 |    3 | Diet Coke            |   60 |     85 |
|           10 | McVeggie Schezwan            |   85 |    2 | Mello Yello          |   75 |     85 |
|           10 | McVeggie Schezwan            |   85 |    1 | Coca-Cola            |   45 |     85 |
+--------------+------------------------------+------+------+----------------------+------+--------+
75 rows in set (0.00 sec)

mysql> select m.name, m.rate, s.name, s.rate, m.rate + s.rate amount from menucardm, softdrink s;
ERROR 1146 (42S02): Table 'dac83.menucardm' doesn't exist
mysql> select m.name, m.rate, s.name, s.rate, m.rate + s.rate amount from menucard m, softdrink s;
+------------------------------+------+----------------------+------+--------+
| name                         | rate | name                 | rate | amount |
+------------------------------+------+----------------------+------+--------+
| Onion Hamburger              |  115 | Iced Tea             |   35 |    150 |
| Onion Hamburger              |  115 | Frozen Fanta Cherry  |   65 |    180 |
| Onion Hamburger              |  115 | Diet Coke            |   60 |    175 |
| Onion Hamburger              |  115 | Mello Yello          |   75 |    190 |
| Onion Hamburger              |  115 | Coca-Cola            |   45 |    160 |
| Extra Long Cheeseburger      |  100 | Iced Tea             |   35 |    135 |
| Extra Long Cheeseburger      |  100 | Frozen Fanta Cherry  |   65 |    165 |
| Extra Long Cheeseburger      |  100 | Diet Coke            |   60 |    160 |
| Extra Long Cheeseburger      |  100 | Mello Yello          |   75 |    175 |
| Extra Long Cheeseburger      |  100 | Coca-Cola            |   45 |    145 |
| Double Stacker               |  125 | Iced Tea             |   35 |    160 |
| Double Stacker               |  125 | Frozen Fanta Cherry  |   65 |    190 |
| Double Stacker               |  125 | Diet Coke            |   60 |    185 |
| Double Stacker               |  125 | Mello Yello          |   75 |    200 |
| Double Stacker               |  125 | Coca-Cola            |   45 |    170 |
| Double Cheeseburger          |  100 | Iced Tea             |   35 |    135 |
| Double Cheeseburger          |  100 | Frozen Fanta Cherry  |   65 |    165 |
| Double Cheeseburger          |  100 | Diet Coke            |   60 |    160 |
| Double Cheeseburger          |  100 | Mello Yello          |   75 |    175 |
| Double Cheeseburger          |  100 | Coca-Cola            |   45 |    145 |
| Cheese Hamburger             |  125 | Iced Tea             |   35 |    160 |
| Cheese Hamburger             |  125 | Frozen Fanta Cherry  |   65 |    190 |
| Cheese Hamburger             |  125 | Diet Coke            |   60 |    185 |
| Cheese Hamburger             |  125 | Mello Yello          |   75 |    200 |
| Cheese Hamburger             |  125 | Coca-Cola            |   45 |    170 |
| Hamburger                    |   85 | Iced Tea             |   35 |    120 |
| Hamburger                    |   85 | Frozen Fanta Cherry  |   65 |    150 |
| Hamburger                    |   85 | Diet Coke            |   60 |    145 |
| Hamburger                    |   85 | Mello Yello          |   75 |    160 |
| Hamburger                    |   85 | Coca-Cola            |   45 |    130 |
| Classic Grilled Dog          |   95 | Iced Tea             |   35 |    130 |
| Classic Grilled Dog          |   95 | Frozen Fanta Cherry  |   65 |    160 |
| Classic Grilled Dog          |   95 | Diet Coke            |   60 |    155 |
| Classic Grilled Dog          |   95 | Mello Yello          |   75 |    170 |
| Classic Grilled Dog          |   95 | Coca-Cola            |   45 |    140 |
| Chili Cheese Grilled Dog     |  115 | Iced Tea             |   35 |    150 |
| Chili Cheese Grilled Dog     |  115 | Frozen Fanta Cherry  |   65 |    180 |
| Chili Cheese Grilled Dog     |  115 | Diet Coke            |   60 |    175 |
| Chili Cheese Grilled Dog     |  115 | Mello Yello          |   75 |    190 |
| Chili Cheese Grilled Dog     |  115 | Coca-Cola            |   45 |    160 |
| Flame Grilled Chicken Burger |  135 | Iced Tea             |   35 |    170 |
| Flame Grilled Chicken Burger |  135 | Frozen Fanta Cherry  |   65 |    200 |
| Flame Grilled Chicken Burger |  135 | Diet Coke            |   60 |    195 |
| Flame Grilled Chicken Burger |  135 | Mello Yello          |   75 |    210 |
| Flame Grilled Chicken Burger |  135 | Coca-Cola            |   45 |    180 |
| Original Chicken Sandwich    |   55 | Iced Tea             |   35 |     90 |
| Original Chicken Sandwich    |   55 | Frozen Fanta Cherry  |   65 |    120 |
| Original Chicken Sandwich    |   55 | Diet Coke            |   60 |    115 |
| Original Chicken Sandwich    |   55 | Mello Yello          |   75 |    130 |
| Original Chicken Sandwich    |   55 | Coca-Cola            |   45 |    100 |
| McALLO TIKKI                 |   45 | Iced Tea             |   35 |     80 |
| McALLO TIKKI                 |   45 | Frozen Fanta Cherry  |   65 |    110 |
| McALLO TIKKI                 |   45 | Diet Coke            |   60 |    105 |
| McALLO TIKKI                 |   45 | Mello Yello          |   75 |    120 |
| McALLO TIKKI                 |   45 | Coca-Cola            |   45 |     90 |
| Veg Maharaja Mac             |   75 | Iced Tea             |   35 |    110 |
| Veg Maharaja Mac             |   75 | Frozen Fanta Cherry  |   65 |    140 |
| Veg Maharaja Mac             |   75 | Diet Coke            |   60 |    135 |
| Veg Maharaja Mac             |   75 | Mello Yello          |   75 |    150 |
| Veg Maharaja Mac             |   75 | Coca-Cola            |   45 |    120 |
| Big Spicy Chicken Wrap       |  100 | Iced Tea             |   35 |    135 |
| Big Spicy Chicken Wrap       |  100 | Frozen Fanta Cherry  |   65 |    165 |
| Big Spicy Chicken Wrap       |  100 | Diet Coke            |   60 |    160 |
| Big Spicy Chicken Wrap       |  100 | Mello Yello          |   75 |    175 |
| Big Spicy Chicken Wrap       |  100 | Coca-Cola            |   45 |    145 |
| Cheese Onion Hamburger       |  145 | Iced Tea             |   35 |    180 |
| Cheese Onion Hamburger       |  145 | Frozen Fanta Cherry  |   65 |    210 |
| Cheese Onion Hamburger       |  145 | Diet Coke            |   60 |    205 |
| Cheese Onion Hamburger       |  145 | Mello Yello          |   75 |    220 |
| Cheese Onion Hamburger       |  145 | Coca-Cola            |   45 |    190 |
| McVeggie Schezwan            |   85 | Iced Tea             |   35 |    120 |
| McVeggie Schezwan            |   85 | Frozen Fanta Cherry  |   65 |    150 |
| McVeggie Schezwan            |   85 | Diet Coke            |   60 |    145 |
| McVeggie Schezwan            |   85 | Mello Yello          |   75 |    160 |
| McVeggie Schezwan            |   85 | Coca-Cola            |   45 |    130 |
+------------------------------+------+----------------------+------+--------+
75 rows in set (0.00 sec)

mysql> select * from softdrink;
+------+----------------------+------+
| ID   | NAME                 | RATE |
+------+----------------------+------+
|    1 | Coca-Cola            |   45 |
|    2 | Mello Yello          |   75 |
|    3 | Diet Coke            |   60 |
|    4 | Frozen Fanta Cherry  |   65 |
|    5 | Iced Tea             |   35 |
+------+----------------------+------+
5 rows in set (0.00 sec)

mysql> select count(*) 'total Employees' from emp,softdrink;
+-----------------+
| total Employees |
+-----------------+
|             150 |
+-----------------+
1 row in set (0.00 sec)

mysql> select count(*) 'Total Employees', name from emp,softdrink group by name;
+-----------------+----------------------+
| Total Employees | name                 |
+-----------------+----------------------+
|              30 | Iced Tea             |
|              30 | Frozen Fanta Cherry  |
|              30 | Diet Coke            |
|              30 | Mello Yello          |
|              30 | Coca-Cola            |
+-----------------+----------------------+
5 rows in set (0.00 sec)

mysql> select ename , name from emp,softdrink;
+----------+----------------------+
| ename    | name                 |
+----------+----------------------+
| GITA     | Iced Tea             |
| GITA     | Frozen Fanta Cherry  |
| GITA     | Diet Coke            |
| GITA     | Mello Yello          |
| GITA     | Coca-Cola            |
| VRUSHALI | Iced Tea             |
| VRUSHALI | Frozen Fanta Cherry  |
| VRUSHALI | Diet Coke            |
| VRUSHALI | Mello Yello          |
| VRUSHALI | Coca-Cola            |
| SHARMIN  | Iced Tea             |
| SHARMIN  | Frozen Fanta Cherry  |
| SHARMIN  | Diet Coke            |
| SHARMIN  | Mello Yello          |
| SHARMIN  | Coca-Cola            |
| BANDISH  | Iced Tea             |
| BANDISH  | Frozen Fanta Cherry  |
| BANDISH  | Diet Coke            |
| BANDISH  | Mello Yello          |
| BANDISH  | Coca-Cola            |
| SMITH    | Iced Tea             |
| SMITH    | Frozen Fanta Cherry  |
| SMITH    | Diet Coke            |
| SMITH    | Mello Yello          |
| SMITH    | Coca-Cola            |
| AARAV    | Iced Tea             |
| AARAV    | Frozen Fanta Cherry  |
| AARAV    | Diet Coke            |
| AARAV    | Mello Yello          |
| AARAV    | Coca-Cola            |
| THOMAS   | Iced Tea             |
| THOMAS   | Frozen Fanta Cherry  |
| THOMAS   | Diet Coke            |
| THOMAS   | Mello Yello          |
| THOMAS   | Coca-Cola            |
| ALLEN    | Iced Tea             |
| ALLEN    | Frozen Fanta Cherry  |
| ALLEN    | Diet Coke            |
| ALLEN    | Mello Yello          |
| ALLEN    | Coca-Cola            |
| WARD     | Iced Tea             |
| WARD     | Frozen Fanta Cherry  |
| WARD     | Diet Coke            |
| WARD     | Mello Yello          |
| WARD     | Coca-Cola            |
| JONES    | Iced Tea             |
| JONES    | Frozen Fanta Cherry  |
| JONES    | Diet Coke            |
| JONES    | Mello Yello          |
| JONES    | Coca-Cola            |
| MARTIN   | Iced Tea             |
| MARTIN   | Frozen Fanta Cherry  |
| MARTIN   | Diet Coke            |
| MARTIN   | Mello Yello          |
| MARTIN   | Coca-Cola            |
| BLAKE    | Iced Tea             |
| BLAKE    | Frozen Fanta Cherry  |
| BLAKE    | Diet Coke            |
| BLAKE    | Mello Yello          |
| BLAKE    | Coca-Cola            |
| CLARK    | Iced Tea             |
| CLARK    | Frozen Fanta Cherry  |
| CLARK    | Diet Coke            |
| CLARK    | Mello Yello          |
| CLARK    | Coca-Cola            |
| SCOTT    | Iced Tea             |
| SCOTT    | Frozen Fanta Cherry  |
| SCOTT    | Diet Coke            |
| SCOTT    | Mello Yello          |
| SCOTT    | Coca-Cola            |
| KING     | Iced Tea             |
| KING     | Frozen Fanta Cherry  |
| KING     | Diet Coke            |
| KING     | Mello Yello          |
| KING     | Coca-Cola            |
| FRED     | Iced Tea             |
| FRED     | Frozen Fanta Cherry  |
| FRED     | Diet Coke            |
| FRED     | Mello Yello          |
| FRED     | Coca-Cola            |
| TURNER   | Iced Tea             |
| TURNER   | Frozen Fanta Cherry  |
| TURNER   | Diet Coke            |
| TURNER   | Mello Yello          |
| TURNER   | Coca-Cola            |
| ADAMS    | Iced Tea             |
| ADAMS    | Frozen Fanta Cherry  |
| ADAMS    | Diet Coke            |
| ADAMS    | Mello Yello          |
| ADAMS    | Coca-Cola            |
| Ruhan    | Iced Tea             |
| Ruhan    | Frozen Fanta Cherry  |
| Ruhan    | Diet Coke            |
| Ruhan    | Mello Yello          |
| Ruhan    | Coca-Cola            |
| Neel     | Iced Tea             |
| Neel     | Frozen Fanta Cherry  |
| Neel     | Diet Coke            |
| Neel     | Mello Yello          |
| Neel     | Coca-Cola            |
| JAMES    | Iced Tea             |
| JAMES    | Frozen Fanta Cherry  |
| JAMES    | Diet Coke            |
| JAMES    | Mello Yello          |
| JAMES    | Coca-Cola            |
| FORD     | Iced Tea             |
| FORD     | Frozen Fanta Cherry  |
| FORD     | Diet Coke            |
| FORD     | Mello Yello          |
| FORD     | Coca-Cola            |
| HOFFMAN  | Iced Tea             |
| HOFFMAN  | Frozen Fanta Cherry  |
| HOFFMAN  | Diet Coke            |
| HOFFMAN  | Mello Yello          |
| HOFFMAN  | Coca-Cola            |
| GRASS    | Iced Tea             |
| GRASS    | Frozen Fanta Cherry  |
| GRASS    | Diet Coke            |
| GRASS    | Mello Yello          |
| GRASS    | Coca-Cola            |
| MILLER   | Iced Tea             |
| MILLER   | Frozen Fanta Cherry  |
| MILLER   | Diet Coke            |
| MILLER   | Mello Yello          |
| MILLER   | Coca-Cola            |
| AARUSH   | Iced Tea             |
| AARUSH   | Frozen Fanta Cherry  |
| AARUSH   | Diet Coke            |
| AARUSH   | Mello Yello          |
| AARUSH   | Coca-Cola            |
| ALEX     | Iced Tea             |
| ALEX     | Frozen Fanta Cherry  |
| ALEX     | Diet Coke            |
| ALEX     | Mello Yello          |
| ALEX     | Coca-Cola            |
| NATASHA  | Iced Tea             |
| NATASHA  | Frozen Fanta Cherry  |
| NATASHA  | Diet Coke            |
| NATASHA  | Mello Yello          |
| NATASHA  | Coca-Cola            |
| SANGITA  | Iced Tea             |
| SANGITA  | Frozen Fanta Cherry  |
| SANGITA  | Diet Coke            |
| SANGITA  | Mello Yello          |
| SANGITA  | Coca-Cola            |
| SUPRIYA  | Iced Tea             |
| SUPRIYA  | Frozen Fanta Cherry  |
| SUPRIYA  | Diet Coke            |
| SUPRIYA  | Mello Yello          |
| SUPRIYA  | Coca-Cola            |
+----------+----------------------+
150 rows in set (0.00 sec)

mysql> select count(*) 'total Employees', Name from emp, softdrink group by name;
+-----------------+----------------------+
| total Employees | Name                 |
+-----------------+----------------------+
|              30 | Iced Tea             |
|              30 | Frozen Fanta Cherry  |
|              30 | Diet Coke            |
|              30 | Mello Yello          |
|              30 | Coca-Cola            |
+-----------------+----------------------+
5 rows in set (0.00 sec)

mysql> select count(*) 'Total Employees', Name, rate * count(*) from emp, softdrink group by name, rate;
+-----------------+----------------------+-----------------+
| Total Employees | Name                 | rate * count(*) |
+-----------------+----------------------+-----------------+
|              30 | Iced Tea             |            1050 |
|              30 | Frozen Fanta Cherry  |            1950 |
|              30 | Diet Coke            |            1800 |
|              30 | Mello Yello          |            2250 |
|              30 | Coca-Cola            |            1350 |
+-----------------+----------------------+-----------------+
5 rows in set (0.00 sec)

mysql> select ename,emp.deptno from emp, dept where emp.deptno = dept.deptno;
+----------+--------+
| ename    | deptno |
+----------+--------+
| AARAV    |     10 |
| THOMAS   |     10 |
| CLARK    |     10 |
| KING     |     10 |
| MILLER   |     10 |
| SHARMIN  |     20 |
| BANDISH  |     20 |
| SMITH    |     20 |
| JONES    |     20 |
| SCOTT    |     20 |
| FRED     |     20 |
| ADAMS    |     20 |
| FORD     |     20 |
| GITA     |     30 |
| ALLEN    |     30 |
| WARD     |     30 |
| MARTIN   |     30 |
| BLAKE    |     30 |
| TURNER   |     30 |
| JAMES    |     30 |
| HOFFMAN  |     30 |
| GRASS    |     30 |
| AARUSH   |     30 |
| ALEX     |     30 |
| NATASHA  |     30 |
| VRUSHALI |     50 |
| SANGITA  |     50 |
| SUPRIYA  |     50 |
| Ruhan    |     60 |
| Neel     |     60 |
+----------+--------+
30 rows in set (0.00 sec)

mysql> select ename, emp.deptno, dept.deptno, dname from emp, dept where emp.deptno = dept.deptno;
+----------+--------+--------+------------+
| ename    | deptno | deptno | dname      |
+----------+--------+--------+------------+
| AARAV    |     10 |     10 | ACCOUNTING |
| THOMAS   |     10 |     10 | ACCOUNTING |
| CLARK    |     10 |     10 | ACCOUNTING |
| KING     |     10 |     10 | ACCOUNTING |
| MILLER   |     10 |     10 | ACCOUNTING |
| SHARMIN  |     20 |     20 | RESEARCH   |
| BANDISH  |     20 |     20 | RESEARCH   |
| SMITH    |     20 |     20 | RESEARCH   |
| JONES    |     20 |     20 | RESEARCH   |
| SCOTT    |     20 |     20 | RESEARCH   |
| FRED     |     20 |     20 | RESEARCH   |
| ADAMS    |     20 |     20 | RESEARCH   |
| FORD     |     20 |     20 | RESEARCH   |
| GITA     |     30 |     30 | SALES      |
| ALLEN    |     30 |     30 | SALES      |
| WARD     |     30 |     30 | SALES      |
| MARTIN   |     30 |     30 | SALES      |
| BLAKE    |     30 |     30 | SALES      |
| TURNER   |     30 |     30 | SALES      |
| JAMES    |     30 |     30 | SALES      |
| HOFFMAN  |     30 |     30 | SALES      |
| GRASS    |     30 |     30 | SALES      |
| AARUSH   |     30 |     30 | SALES      |
| ALEX     |     30 |     30 | SALES      |
| NATASHA  |     30 |     30 | SALES      |
| VRUSHALI |     50 |     50 | HR         |
| SANGITA  |     50 |     50 | HR         |
| SUPRIYA  |     50 |     50 | HR         |
| Ruhan    |     60 |     60 | IT         |
| Neel     |     60 |     60 | IT         |
+----------+--------+--------+------------+
30 rows in set (0.00 sec)

mysql> select ename, emp.deptno, dept.deptno, dname, loc, startedon from emp, dept where emp.deptno= dept.deptno;
+----------+--------+--------+------------+----------+------------+
| ename    | deptno | deptno | dname      | loc      | startedon  |
+----------+--------+--------+------------+----------+------------+
| AARAV    |     10 |     10 | ACCOUNTING | NEW YORK | 24/03/1989 |
| THOMAS   |     10 |     10 | ACCOUNTING | NEW YORK | 24/03/1989 |
| CLARK    |     10 |     10 | ACCOUNTING | NEW YORK | 24/03/1989 |
| KING     |     10 |     10 | ACCOUNTING | NEW YORK | 24/03/1989 |
| MILLER   |     10 |     10 | ACCOUNTING | NEW YORK | 24/03/1989 |
| SHARMIN  |     20 |     20 | RESEARCH   | DALLAS   | 12/04/1989 |
| BANDISH  |     20 |     20 | RESEARCH   | DALLAS   | 12/04/1989 |
| SMITH    |     20 |     20 | RESEARCH   | DALLAS   | 12/04/1989 |
| JONES    |     20 |     20 | RESEARCH   | DALLAS   | 12/04/1989 |
| SCOTT    |     20 |     20 | RESEARCH   | DALLAS   | 12/04/1989 |
| FRED     |     20 |     20 | RESEARCH   | DALLAS   | 12/04/1989 |
| ADAMS    |     20 |     20 | RESEARCH   | DALLAS   | 12/04/1989 |
| FORD     |     20 |     20 | RESEARCH   | DALLAS   | 12/04/1989 |
| GITA     |     30 |     30 | SALES      | CHICAGO  | 13/04/1989 |
| ALLEN    |     30 |     30 | SALES      | CHICAGO  | 13/04/1989 |
| WARD     |     30 |     30 | SALES      | CHICAGO  | 13/04/1989 |
| MARTIN   |     30 |     30 | SALES      | CHICAGO  | 13/04/1989 |
| BLAKE    |     30 |     30 | SALES      | CHICAGO  | 13/04/1989 |
| TURNER   |     30 |     30 | SALES      | CHICAGO  | 13/04/1989 |
| JAMES    |     30 |     30 | SALES      | CHICAGO  | 13/04/1989 |
| HOFFMAN  |     30 |     30 | SALES      | CHICAGO  | 13/04/1989 |
| GRASS    |     30 |     30 | SALES      | CHICAGO  | 13/04/1989 |
| AARUSH   |     30 |     30 | SALES      | CHICAGO  | 13/04/1989 |
| ALEX     |     30 |     30 | SALES      | CHICAGO  | 13/04/1989 |
| NATASHA  |     30 |     30 | SALES      | CHICAGO  | 13/04/1989 |
| VRUSHALI |     50 |     50 | HR         | PUNE     | 22/12/1989 |
| SANGITA  |     50 |     50 | HR         | PUNE     | 22/12/1989 |
| SUPRIYA  |     50 |     50 | HR         | PUNE     | 22/12/1989 |
| Ruhan    |     60 |     60 | IT         | BARODA   | 02/10/1989 |
| Neel     |     60 |     60 | IT         | BARODA   | 02/10/1989 |
+----------+--------+--------+------------+----------+------------+
30 rows in set (0.00 sec)

mysql> mysql> select ename, emp.deptno, dept.deptno, dname, loc, startedon, str_to_date(startedon, '%d/%m/%Y') R1  from emp, dept where emp.deptno= dept.deptno;
ERROR 1064 (42000): You have an error in your SQL syntax; check the manual that corresponds to your MySQL server version for the right syntax to use near 'mysql> select ename, emp.deptno, dept.deptno, dname, loc, startedon, str_to_date' at line 1
mysql> select ename, emp.deptno, dept.deptno, dname, loc, startedon, str_to_date(startedon, '%d/%m/%Y') R1  from emp, dept where emp.deptno= dept.deptno;
+----------+--------+--------+------------+----------+------------+------------+
| ename    | deptno | deptno | dname      | loc      | startedon  | R1         |
+----------+--------+--------+------------+----------+------------+------------+
| AARAV    |     10 |     10 | ACCOUNTING | NEW YORK | 24/03/1989 | 1989-03-24 |
| THOMAS   |     10 |     10 | ACCOUNTING | NEW YORK | 24/03/1989 | 1989-03-24 |
| CLARK    |     10 |     10 | ACCOUNTING | NEW YORK | 24/03/1989 | 1989-03-24 |
| KING     |     10 |     10 | ACCOUNTING | NEW YORK | 24/03/1989 | 1989-03-24 |
| MILLER   |     10 |     10 | ACCOUNTING | NEW YORK | 24/03/1989 | 1989-03-24 |
| SHARMIN  |     20 |     20 | RESEARCH   | DALLAS   | 12/04/1989 | 1989-04-12 |
| BANDISH  |     20 |     20 | RESEARCH   | DALLAS   | 12/04/1989 | 1989-04-12 |
| SMITH    |     20 |     20 | RESEARCH   | DALLAS   | 12/04/1989 | 1989-04-12 |
| JONES    |     20 |     20 | RESEARCH   | DALLAS   | 12/04/1989 | 1989-04-12 |
| SCOTT    |     20 |     20 | RESEARCH   | DALLAS   | 12/04/1989 | 1989-04-12 |
| FRED     |     20 |     20 | RESEARCH   | DALLAS   | 12/04/1989 | 1989-04-12 |
| ADAMS    |     20 |     20 | RESEARCH   | DALLAS   | 12/04/1989 | 1989-04-12 |
| FORD     |     20 |     20 | RESEARCH   | DALLAS   | 12/04/1989 | 1989-04-12 |
| GITA     |     30 |     30 | SALES      | CHICAGO  | 13/04/1989 | 1989-04-13 |
| ALLEN    |     30 |     30 | SALES      | CHICAGO  | 13/04/1989 | 1989-04-13 |
| WARD     |     30 |     30 | SALES      | CHICAGO  | 13/04/1989 | 1989-04-13 |
| MARTIN   |     30 |     30 | SALES      | CHICAGO  | 13/04/1989 | 1989-04-13 |
| BLAKE    |     30 |     30 | SALES      | CHICAGO  | 13/04/1989 | 1989-04-13 |
| TURNER   |     30 |     30 | SALES      | CHICAGO  | 13/04/1989 | 1989-04-13 |
| JAMES    |     30 |     30 | SALES      | CHICAGO  | 13/04/1989 | 1989-04-13 |
| HOFFMAN  |     30 |     30 | SALES      | CHICAGO  | 13/04/1989 | 1989-04-13 |
| GRASS    |     30 |     30 | SALES      | CHICAGO  | 13/04/1989 | 1989-04-13 |
| AARUSH   |     30 |     30 | SALES      | CHICAGO  | 13/04/1989 | 1989-04-13 |
| ALEX     |     30 |     30 | SALES      | CHICAGO  | 13/04/1989 | 1989-04-13 |
| NATASHA  |     30 |     30 | SALES      | CHICAGO  | 13/04/1989 | 1989-04-13 |
| VRUSHALI |     50 |     50 | HR         | PUNE     | 22/12/1989 | 1989-12-22 |
| SANGITA  |     50 |     50 | HR         | PUNE     | 22/12/1989 | 1989-12-22 |
| SUPRIYA  |     50 |     50 | HR         | PUNE     | 22/12/1989 | 1989-12-22 |
| Ruhan    |     60 |     60 | IT         | BARODA   | 02/10/1989 | 1989-10-02 |
| Neel     |     60 |     60 | IT         | BARODA   | 02/10/1989 | 1989-10-02 |
+----------+--------+--------+------------+----------+------------+------------+
30 rows in set (0.00 sec)

mysql> select * from customers, salespeople where customers.SNUM = salespeople.SNUM;
+------+---------+----------+--------+------+------+---------+----------+------+
| CNUM | CNAME   | CITY     | RATING | SNUM | SNUM | SNAME   | CITY     | COMM |
+------+---------+----------+--------+------+------+---------+----------+------+
| 1001 | Saleel  | Baroda   |    250 | 1007 | 1007 | James   | Derby    | 0.15 |
| 1037 | Nitish  | Pune     |    250 | 1007 | 1007 | James   | Derby    | 0.15 |
| 2001 | Santosh | London   |    100 | 1001 | 1001 | Rajan   | London   | 0.12 |
| 2002 | Joe     | Rome     |    200 | 1003 | 1003 | Alax    | New York |  0.1 |
| 2003 | Raj     | San Jose |    200 | 1002 | 1002 | Natasha | San Jose | 0.13 |
| 2004 | Grass   | Berlin   |    300 | 1002 | 1002 | Natasha | San Jose | 0.13 |
| 2006 | Raja    | London   |    100 | 1001 | 1001 | Rajan   | London   | 0.12 |
| 2007 | Jackson | Rome     |    100 | 1004 | 1004 | Monika  | London   | 0.11 |
| 2008 | William | San Jose |    300 | 1007 | 1007 | James   | Derby    | 0.15 |
| 2009 | Smith   | Berlin   |    300 | 1007 | 1007 | James   | Derby    | 0.15 |
| 2010 | ADAMS   | Berlin   |    250 | 1007 | 1007 | James   | Derby    | 0.15 |
+------+---------+----------+--------+------+------+---------+----------+------+
11 rows in set (0.00 sec)

mysql> select * from emp,dept where emp.dept = dept.deptno;
ERROR 1054 (42S22): Unknown column 'emp.dept' in 'where clause'
mysql> select * from emp,dept where emp.deptno = dept.deptno;
+-------+----------+--------+---------------------+------+------------+------+------+--------+---------+--------------+------------+------------+----------+--------+------------+----------+------------+------------+
| EMPNO | ENAME    | GENDER | JOB                 | MGR  | HIREDATE   | SAL  | COMM | DEPTNO | BONUSID | USER NAME    | PWD        | PHONE      | isActive | DEPTNO | DNAME      | LOC      | PWD        | STARTEDON  |
+-------+----------+--------+---------------------+------+------------+------+------+--------+---------+--------------+------------+------------+----------+--------+------------+----------+------------+------------+
|  7415 | AARAV    | M      | CLERK               | 7902 | 1981-12-31 | 3350 | NULL |     10 |    NULL | AARAV        | NULL       | 7032300084 |        0 |     10 | ACCOUNTING | NEW YORK | r50mpm     | 24/03/1989 |
|  7421 | THOMAS   | M      | CLERK               | 7920 | 1981-07-19 | 1750 | NULL |     10 |       1 | THOMAS       | r50mpm     | 7032300011 |        0 |     10 | ACCOUNTING | NEW YORK | r50mpm     | 24/03/1989 |
|  7782 | CLARK    | M      | MANAGER             | 7839 | 1981-06-09 | 2450 | NULL |     10 |       3 | CLARK        | r50mpm     | 7032300001 |        1 |     10 | ACCOUNTING | NEW YORK | r50mpm     | 24/03/1989 |
|  7839 | KING     | M      | PRESIDENT           | NULL | 1981-11-17 | 5000 | NULL |     10 |       1 | KING         | r50mpm     | 7132300081 |        1 |     10 | ACCOUNTING | NEW YORK | r50mpm     | 24/03/1989 |
|  7934 | MILLER   | M      | CLERK               | 7782 | 1982-01-23 | 1300 | 1300 |     10 |       2 | QUARTERNOTE  | r50mpm     | 7132300055 |        0 |     10 | ACCOUNTING | NEW YORK | r50mpm     | 24/03/1989 |
|  6473 | SHARMIN  | F      | Public Relation     | 7920 | 1981-07-19 | 1750 | NULL |     20 |       1 | SHARMIN      | a12recmpm  | NULL       |        1 |     20 | RESEARCH   | DALLAS   | a12recmpm  | 12/04/1989 |
|  6781 | BANDISH  | F      | Public Relation     | 7920 | 1981-07-19 | 1750 | NULL |     20 |       1 | BANDISH      | a12recmpm  | NULL       |        1 |     20 | RESEARCH   | DALLAS   | a12recmpm  | 12/04/1989 |
|  7369 | SMITH    | M      | CLERK               | 7902 | 1980-12-17 |  800 | NULL |     20 |       2 | TRITONE      | a12recmpm  | 7032300023 |        0 |     20 | RESEARCH   | DALLAS   | a12recmpm  | 12/04/1989 |
|  7566 | JONES    | M      | MANAGER             | 7839 | 1981-04-02 | 2975 | NULL |     20 |       4 | HONEYCOMB    | a12recmpm  | 7132300039 |        1 |     20 | RESEARCH   | DALLAS   | a12recmpm  | 12/04/1989 |
|  7788 | SCOTT    | M      | ANALYST             | 7566 | 1982-12-09 | 3000 | NULL |     20 |       3 | WHITE SAND   | a12recmpm  | NULL       |        1 |     20 | RESEARCH   | DALLAS   | a12recmpm  | 12/04/1989 |
|  7840 | FRED     | M      | vice PRESIDENT      | 7839 | 1983-08-09 | 5000 | NULL |     20 |       1 | SAND STONE   | a12recmpm  | NULL       |        1 |     20 | RESEARCH   | DALLAS   | a12recmpm  | 12/04/1989 |
|  7876 | ADAMS    | M      | CLERK               | 7788 | 1983-01-12 | 1100 | NULL |     20 |       1 | CRAZY ANYONE | a12recmpm  | 7132300086 |        1 |     20 | RESEARCH   | DALLAS   | a12recmpm  | 12/04/1989 |
|  7902 | FORD     | M      | ANALYST             | 7566 | 1981-12-03 | 3000 | NULL |     20 |       4 | CONBRIO      | a12recmpm  | NULL       |        0 |     20 | RESEARCH   | DALLAS   | a12recmpm  | 12/04/1989 |
|  6001 | GITA     | F      | Compliance officers | 7920 | 1981-07-19 | 1750 | NULL |     30 |       1 | GITA         | sales@2017 | NULL       |        1 |     30 | SALES      | CHICAGO  | sales@2017 | 13/04/1989 |
|  7499 | ALLEN    | M      | SALESMAN            | 7698 | 1981-02-20 | 1600 |  300 |     30 |       4 | ALWAYS TESTE | sales@2017 | 7032300096 |        1 |     30 | SALES      | CHICAGO  | sales@2017 | 13/04/1989 |
|  7521 | WARD     | M      | SALESMAN            | 7698 | 1981-02-22 | 1250 |  500 |     30 |       1 | WARD         | sales@2017 | 7132300034 |        1 |     30 | SALES      | CHICAGO  | sales@2017 | 13/04/1989 |
|  7654 | MARTIN   | M      | SALESMAN            | 7698 | 1981-09-28 | 1250 | 1400 |     30 |       6 | LIFE RACER   | sales@2017 | 7132300050 |        1 |     30 | SALES      | CHICAGO  | sales@2017 | 13/04/1989 |
|  7698 | BLAKE    | M      | MANAGER             | 7839 | 1981-05-01 | 2850 | NULL |     30 |       1 | BIG BEN      | sales@2017 | 7132300027 |        1 |     30 | SALES      | CHICAGO  | sales@2017 | 13/04/1989 |
|  7844 | TURNER   | M      | SALESMAN            | 7698 | 1981-09-08 | 1500 |    0 |     30 |       5 | SAND DUST    | sales@2017 | NULL       |        1 |     30 | SALES      | CHICAGO  | sales@2017 | 13/04/1989 |
|  7900 | JAMES    | M      | CLERK               | 7698 | 1981-12-03 |  950 | NULL |     30 |       2 | CRAZY LEADER | sales@2017 | 7132300042 |        1 |     30 | SALES      | CHICAGO  | sales@2017 | 13/04/1989 |
|  7919 | HOFFMAN  | M      | MANAGER             | 7566 | 1982-03-24 | 4150 | NULL |     30 |       3 | INTERVAL     | sales@2017 | NULL       |        1 |     30 | SALES      | CHICAGO  | sales@2017 | 13/04/1989 |
|  7920 | GRASS    | M      | SALESMAN            | 7919 | 1980-02-14 | 2575 | 2700 |     30 |       5 | GRASS        | sales@2017 | NULL       |        1 |     30 | SALES      | CHICAGO  | sales@2017 | 13/04/1989 |
|  7945 | AARUSH   | M      | SALESMAN            | 7902 | 1980-02-14 | 1350 | 2700 |     30 |    NULL | AARUSH       | ABCDEF     | NULL       |        0 |     30 | SALES      | CHICAGO  | sales@2017 | 13/04/1989 |
|  7949 | ALEX     | M      | MANAGER             | 7698 | 1982-01-24 | 1250 |  500 |     30 |       5 | QUARTERREST  | sales@2017 | 7156567183 |        1 |     30 | SALES      | CHICAGO  | sales@2017 | 13/04/1989 |
|  8433 | NATASHA  | F      | CLERK               | 7920 | 1981-07-19 | 1750 | NULL |     30 |       1 | NATASHA      | sales@2017 | NULL       |        1 |     30 | SALES      | CHICAGO  | sales@2017 | 13/04/1989 |
|  6129 | VRUSHALI | F      | Compliance officers | 7920 | 1981-07-19 | 1750 | NULL |     50 |       1 | VRUSHALI     | PUN@8877   | NULL       |        1 |     50 | HR         | PUNE     | PUN@8877   | 22/12/1989 |
|  9400 | SANGITA  | F      | Compliance officers | 7920 | 1981-07-19 | 1750 | NULL |     50 |       1 | SANGITA      | NULL       | NULL       |        1 |     50 | HR         | PUNE     | PUN@8877   | 22/12/1989 |
|  9473 | SUPRIYA  | F      | ANALYST             | 7920 | 1981-07-19 | 1750 | NULL |     50 |       1 | SUPRIYA      | XYZ@1234   | NULL       |        1 |     50 | HR         | PUNE     | PUN@8877   | 22/12/1989 |
|  7888 | Ruhan    | M      | Network             | 7888 | 1983-08-09 | 2000 | NULL |     60 |       1 | Ruhan        | BRD@1122   | NULL       |        1 |     60 | IT         | BARODA   | BRD@1122   | 02/10/1989 |
|  7889 | Neel     | M      | vice PRESIDENT      | 7839 | 1983-08-09 | 1000 | NULL |     60 |       0 | Neel         | BRD@1122   | NULL       |        1 |     60 | IT         | BARODA   | BRD@1122   | 02/10/1989 |
+-------+----------+--------+---------------------+------+------------+------+------+--------+---------+--------------+------------+------------+----------+--------+------------+----------+------------+------------+
30 rows in set (0.00 sec)

mysql> select * from emp join dept on emp.deptno=dept.deptno;
+-------+----------+--------+---------------------+------+------------+------+------+--------+---------+--------------+------------+------------+----------+--------+------------+----------+------------+------------+
| EMPNO | ENAME    | GENDER | JOB                 | MGR  | HIREDATE   | SAL  | COMM | DEPTNO | BONUSID | USER NAME    | PWD        | PHONE      | isActive | DEPTNO | DNAME      | LOC      | PWD        | STARTEDON  |
+-------+----------+--------+---------------------+------+------------+------+------+--------+---------+--------------+------------+------------+----------+--------+------------+----------+------------+------------+
|  7415 | AARAV    | M      | CLERK               | 7902 | 1981-12-31 | 3350 | NULL |     10 |    NULL | AARAV        | NULL       | 7032300084 |        0 |     10 | ACCOUNTING | NEW YORK | r50mpm     | 24/03/1989 |
|  7421 | THOMAS   | M      | CLERK               | 7920 | 1981-07-19 | 1750 | NULL |     10 |       1 | THOMAS       | r50mpm     | 7032300011 |        0 |     10 | ACCOUNTING | NEW YORK | r50mpm     | 24/03/1989 |
|  7782 | CLARK    | M      | MANAGER             | 7839 | 1981-06-09 | 2450 | NULL |     10 |       3 | CLARK        | r50mpm     | 7032300001 |        1 |     10 | ACCOUNTING | NEW YORK | r50mpm     | 24/03/1989 |
|  7839 | KING     | M      | PRESIDENT           | NULL | 1981-11-17 | 5000 | NULL |     10 |       1 | KING         | r50mpm     | 7132300081 |        1 |     10 | ACCOUNTING | NEW YORK | r50mpm     | 24/03/1989 |
|  7934 | MILLER   | M      | CLERK               | 7782 | 1982-01-23 | 1300 | 1300 |     10 |       2 | QUARTERNOTE  | r50mpm     | 7132300055 |        0 |     10 | ACCOUNTING | NEW YORK | r50mpm     | 24/03/1989 |
|  6473 | SHARMIN  | F      | Public Relation     | 7920 | 1981-07-19 | 1750 | NULL |     20 |       1 | SHARMIN      | a12recmpm  | NULL       |        1 |     20 | RESEARCH   | DALLAS   | a12recmpm  | 12/04/1989 |
|  6781 | BANDISH  | F      | Public Relation     | 7920 | 1981-07-19 | 1750 | NULL |     20 |       1 | BANDISH      | a12recmpm  | NULL       |        1 |     20 | RESEARCH   | DALLAS   | a12recmpm  | 12/04/1989 |
|  7369 | SMITH    | M      | CLERK               | 7902 | 1980-12-17 |  800 | NULL |     20 |       2 | TRITONE      | a12recmpm  | 7032300023 |        0 |     20 | RESEARCH   | DALLAS   | a12recmpm  | 12/04/1989 |
|  7566 | JONES    | M      | MANAGER             | 7839 | 1981-04-02 | 2975 | NULL |     20 |       4 | HONEYCOMB    | a12recmpm  | 7132300039 |        1 |     20 | RESEARCH   | DALLAS   | a12recmpm  | 12/04/1989 |
|  7788 | SCOTT    | M      | ANALYST             | 7566 | 1982-12-09 | 3000 | NULL |     20 |       3 | WHITE SAND   | a12recmpm  | NULL       |        1 |     20 | RESEARCH   | DALLAS   | a12recmpm  | 12/04/1989 |
|  7840 | FRED     | M      | vice PRESIDENT      | 7839 | 1983-08-09 | 5000 | NULL |     20 |       1 | SAND STONE   | a12recmpm  | NULL       |        1 |     20 | RESEARCH   | DALLAS   | a12recmpm  | 12/04/1989 |
|  7876 | ADAMS    | M      | CLERK               | 7788 | 1983-01-12 | 1100 | NULL |     20 |       1 | CRAZY ANYONE | a12recmpm  | 7132300086 |        1 |     20 | RESEARCH   | DALLAS   | a12recmpm  | 12/04/1989 |
|  7902 | FORD     | M      | ANALYST             | 7566 | 1981-12-03 | 3000 | NULL |     20 |       4 | CONBRIO      | a12recmpm  | NULL       |        0 |     20 | RESEARCH   | DALLAS   | a12recmpm  | 12/04/1989 |
|  6001 | GITA     | F      | Compliance officers | 7920 | 1981-07-19 | 1750 | NULL |     30 |       1 | GITA         | sales@2017 | NULL       |        1 |     30 | SALES      | CHICAGO  | sales@2017 | 13/04/1989 |
|  7499 | ALLEN    | M      | SALESMAN            | 7698 | 1981-02-20 | 1600 |  300 |     30 |       4 | ALWAYS TESTE | sales@2017 | 7032300096 |        1 |     30 | SALES      | CHICAGO  | sales@2017 | 13/04/1989 |
|  7521 | WARD     | M      | SALESMAN            | 7698 | 1981-02-22 | 1250 |  500 |     30 |       1 | WARD         | sales@2017 | 7132300034 |        1 |     30 | SALES      | CHICAGO  | sales@2017 | 13/04/1989 |
|  7654 | MARTIN   | M      | SALESMAN            | 7698 | 1981-09-28 | 1250 | 1400 |     30 |       6 | LIFE RACER   | sales@2017 | 7132300050 |        1 |     30 | SALES      | CHICAGO  | sales@2017 | 13/04/1989 |
|  7698 | BLAKE    | M      | MANAGER             | 7839 | 1981-05-01 | 2850 | NULL |     30 |       1 | BIG BEN      | sales@2017 | 7132300027 |        1 |     30 | SALES      | CHICAGO  | sales@2017 | 13/04/1989 |
|  7844 | TURNER   | M      | SALESMAN            | 7698 | 1981-09-08 | 1500 |    0 |     30 |       5 | SAND DUST    | sales@2017 | NULL       |        1 |     30 | SALES      | CHICAGO  | sales@2017 | 13/04/1989 |
|  7900 | JAMES    | M      | CLERK               | 7698 | 1981-12-03 |  950 | NULL |     30 |       2 | CRAZY LEADER | sales@2017 | 7132300042 |        1 |     30 | SALES      | CHICAGO  | sales@2017 | 13/04/1989 |
|  7919 | HOFFMAN  | M      | MANAGER             | 7566 | 1982-03-24 | 4150 | NULL |     30 |       3 | INTERVAL     | sales@2017 | NULL       |        1 |     30 | SALES      | CHICAGO  | sales@2017 | 13/04/1989 |
|  7920 | GRASS    | M      | SALESMAN            | 7919 | 1980-02-14 | 2575 | 2700 |     30 |       5 | GRASS        | sales@2017 | NULL       |        1 |     30 | SALES      | CHICAGO  | sales@2017 | 13/04/1989 |
|  7945 | AARUSH   | M      | SALESMAN            | 7902 | 1980-02-14 | 1350 | 2700 |     30 |    NULL | AARUSH       | ABCDEF     | NULL       |        0 |     30 | SALES      | CHICAGO  | sales@2017 | 13/04/1989 |
|  7949 | ALEX     | M      | MANAGER             | 7698 | 1982-01-24 | 1250 |  500 |     30 |       5 | QUARTERREST  | sales@2017 | 7156567183 |        1 |     30 | SALES      | CHICAGO  | sales@2017 | 13/04/1989 |
|  8433 | NATASHA  | F      | CLERK               | 7920 | 1981-07-19 | 1750 | NULL |     30 |       1 | NATASHA      | sales@2017 | NULL       |        1 |     30 | SALES      | CHICAGO  | sales@2017 | 13/04/1989 |
|  6129 | VRUSHALI | F      | Compliance officers | 7920 | 1981-07-19 | 1750 | NULL |     50 |       1 | VRUSHALI     | PUN@8877   | NULL       |        1 |     50 | HR         | PUNE     | PUN@8877   | 22/12/1989 |
|  9400 | SANGITA  | F      | Compliance officers | 7920 | 1981-07-19 | 1750 | NULL |     50 |       1 | SANGITA      | NULL       | NULL       |        1 |     50 | HR         | PUNE     | PUN@8877   | 22/12/1989 |
|  9473 | SUPRIYA  | F      | ANALYST             | 7920 | 1981-07-19 | 1750 | NULL |     50 |       1 | SUPRIYA      | XYZ@1234   | NULL       |        1 |     50 | HR         | PUNE     | PUN@8877   | 22/12/1989 |
|  7888 | Ruhan    | M      | Network             | 7888 | 1983-08-09 | 2000 | NULL |     60 |       1 | Ruhan        | BRD@1122   | NULL       |        1 |     60 | IT         | BARODA   | BRD@1122   | 02/10/1989 |
|  7889 | Neel     | M      | vice PRESIDENT      | 7839 | 1983-08-09 | 1000 | NULL |     60 |       0 | Neel         | BRD@1122   | NULL       |        1 |     60 | IT         | BARODA   | BRD@1122   | 02/10/1989 |
+-------+----------+--------+---------------------+------+------------+------+------+--------+---------+--------------+------------+------------+----------+--------+------------+----------+------------+------------+
30 rows in set (0.00 sec)

mysql> select * from customers, salespeople where customers.SNUM = salespeople.SNUM;
+------+---------+----------+--------+------+------+---------+----------+------+
| CNUM | CNAME   | CITY     | RATING | SNUM | SNUM | SNAME   | CITY     | COMM |
+------+---------+----------+--------+------+------+---------+----------+------+
| 1001 | Saleel  | Baroda   |    250 | 1007 | 1007 | James   | Derby    | 0.15 |
| 1037 | Nitish  | Pune     |    250 | 1007 | 1007 | James   | Derby    | 0.15 |
| 2001 | Santosh | London   |    100 | 1001 | 1001 | Rajan   | London   | 0.12 |
| 2002 | Joe     | Rome     |    200 | 1003 | 1003 | Alax    | New York |  0.1 |
| 2003 | Raj     | San Jose |    200 | 1002 | 1002 | Natasha | San Jose | 0.13 |
| 2004 | Grass   | Berlin   |    300 | 1002 | 1002 | Natasha | San Jose | 0.13 |
| 2006 | Raja    | London   |    100 | 1001 | 1001 | Rajan   | London   | 0.12 |
| 2007 | Jackson | Rome     |    100 | 1004 | 1004 | Monika  | London   | 0.11 |
| 2008 | William | San Jose |    300 | 1007 | 1007 | James   | Derby    | 0.15 |
| 2009 | Smith   | Berlin   |    300 | 1007 | 1007 | James   | Derby    | 0.15 |
| 2010 | ADAMS   | Berlin   |    250 | 1007 | 1007 | James   | Derby    | 0.15 |
+------+---------+----------+--------+------+------+---------+----------+------+
11 rows in set (0.00 sec)

mysql> select * from customers join salespeople on customer.SNUM = salespeople.SNUM;
ERROR 1054 (42S22): Unknown column 'customer.SNUM' in 'on clause'
mysql> select * from customers join salespeople on customers.SNUM = salespeople.SNUM;
+------+---------+----------+--------+------+------+---------+----------+------+
| CNUM | CNAME   | CITY     | RATING | SNUM | SNUM | SNAME   | CITY     | COMM |
+------+---------+----------+--------+------+------+---------+----------+------+
| 1001 | Saleel  | Baroda   |    250 | 1007 | 1007 | James   | Derby    | 0.15 |
| 1037 | Nitish  | Pune     |    250 | 1007 | 1007 | James   | Derby    | 0.15 |
| 2001 | Santosh | London   |    100 | 1001 | 1001 | Rajan   | London   | 0.12 |
| 2002 | Joe     | Rome     |    200 | 1003 | 1003 | Alax    | New York |  0.1 |
| 2003 | Raj     | San Jose |    200 | 1002 | 1002 | Natasha | San Jose | 0.13 |
| 2004 | Grass   | Berlin   |    300 | 1002 | 1002 | Natasha | San Jose | 0.13 |
| 2006 | Raja    | London   |    100 | 1001 | 1001 | Rajan   | London   | 0.12 |
| 2007 | Jackson | Rome     |    100 | 1004 | 1004 | Monika  | London   | 0.11 |
| 2008 | William | San Jose |    300 | 1007 | 1007 | James   | Derby    | 0.15 |
| 2009 | Smith   | Berlin   |    300 | 1007 | 1007 | James   | Derby    | 0.15 |
| 2010 | ADAMS   | Berlin   |    250 | 1007 | 1007 | James   | Derby    | 0.15 |
+------+---------+----------+--------+------+------+---------+----------+------+
11 rows in set (0.00 sec)

mysql> select * from customers inner join salespeople using(SNUM);
+------+------+---------+----------+--------+---------+----------+------+
| SNUM | CNUM | CNAME   | CITY     | RATING | SNAME   | CITY     | COMM |
+------+------+---------+----------+--------+---------+----------+------+
| 1007 | 1001 | Saleel  | Baroda   |    250 | James   | Derby    | 0.15 |
| 1007 | 1037 | Nitish  | Pune     |    250 | James   | Derby    | 0.15 |
| 1001 | 2001 | Santosh | London   |    100 | Rajan   | London   | 0.12 |
| 1003 | 2002 | Joe     | Rome     |    200 | Alax    | New York |  0.1 |
| 1002 | 2003 | Raj     | San Jose |    200 | Natasha | San Jose | 0.13 |
| 1002 | 2004 | Grass   | Berlin   |    300 | Natasha | San Jose | 0.13 |
| 1001 | 2006 | Raja    | London   |    100 | Rajan   | London   | 0.12 |
| 1004 | 2007 | Jackson | Rome     |    100 | Monika  | London   | 0.11 |
| 1007 | 2008 | William | San Jose |    300 | James   | Derby    | 0.15 |
| 1007 | 2009 | Smith   | Berlin   |    300 | James   | Derby    | 0.15 |
| 1007 | 2010 | ADAMS   | Berlin   |    250 | James   | Derby    | 0.15 |
+------+------+---------+----------+--------+---------+----------+------+
11 rows in set (0.00 sec)

mysql> select customers.cname, salespeople.sname, orders.*  from customers join salespeople on customers.SNUM = salespeople.SNUM inner join orders on customers.cnum = orders.cnum;
+---------+---------+------+---------+---------------------+------+------+--------+--------------+------------+------------------+
| cname   | sname   | ONUM | AMT     | ODATE               | CNUM | SNUM | type   | paymentType  | registered | delivery_partner |
+---------+---------+------+---------+---------------------+------+------+--------+--------------+------------+------------------+
| Santosh | Rajan   | 3003 |  767.19 | 1996-10-03 13:45:00 | 2001 | 1001 | Online | Debit Cards  |          1 | NULL             |
| Santosh | Rajan   | 3017 |   18.69 | 1996-10-03 12:30:00 | 2001 | 1007 | Online | Credit Cards |          1 | NULL             |
| Santosh | Rajan   | 3049 |  500.58 | 1996-03-14 07:45:19 | 2001 | 1003 | Cash   | COD          |          0 | NULL             |
| Santosh | Rajan   | 4012 |   245.6 | 1996-03-06 13:07:00 | 2001 | 1002 | Online | Wallets      |          1 | NULL             |
| Santosh | Rajan   | 4021 |  600.65 | 1996-08-12 13:07:00 | 2001 | 1002 | Online | Wallets      |          1 | NULL             |
| Santosh | Rajan   | 5011 |  138.35 | 1996-09-14 13:07:00 | 2001 | 1007 | Cash   | COD          |          0 | NULL             |
| Santosh | Rajan   | 6501 |  125.45 | 1996-06-13 13:07:00 | 2001 | 1001 | Online | EMI Options  |          1 | NULL             |
| Joe     | Alax    | 3007 |   75.75 | 1996-10-04 15:21:00 | 2002 | 1003 | Online | Credit Cards |          1 | NULL             |
| Joe     | Alax    | 3009 | 1713.23 | 1996-10-04 15:21:00 | 2002 | 1003 | Online | Credit Cards |          1 | NULL             |
| Joe     | Alax    | 3012 | 3455.78 | 1996-10-04 15:21:00 | 2002 | 1003 | Cash   | COD          |          0 | NULL             |
| Joe     | Alax    | 3013 | 1245.98 | 1996-10-04 16:32:00 | 2002 | 1003 | Online | EMI Options  |          1 | NULL             |
| Joe     | Alax    | 3018 |  767.19 | 1996-10-03 12:05:00 | 2002 | 1001 | Online | Wallets      |          1 | NULL             |
| Joe     | Alax    | 3022 | 1713.23 | 1996-10-04 15:21:00 | 2002 | 1003 | Cash   | COD          |          0 | NULL             |
| Joe     | Alax    | 3023 |   75.75 | 1996-10-04 16:02:00 | 2002 | 1004 | Online | Wallets      |          1 | NULL             |
| Joe     | Alax    | 3025 | 1309.95 | 1996-10-06 13:12:00 | 2002 | 1002 | Online | Wallets      |          1 | NULL             |
| Joe     | Alax    | 3027 | 3455.78 | 1996-10-04 15:21:00 | 2002 | 1003 | Cash   | COD          |          0 | NULL             |
| Joe     | Alax    | 3028 | 1245.98 | 1996-10-04 16:32:00 | 2002 | 1003 | Online | Debit Cards  |          1 | NULL             |
| Joe     | Alax    | 3033 |  522.23 | 1996-12-24 14:23:00 | 2002 | 1002 | Cash   | COD          |          0 | NULL             |
| Joe     | Alax    | 5014 |  980.65 | 1996-08-23 13:07:00 | 2002 | 1007 | Online | Wallets      |          1 | NULL             |
| Joe     | Alax    | 5016 | 1000.95 | 1996-03-12 13:07:00 | 2002 | 1007 | Cash   | COD          |          0 | NULL             |
| Joe     | Alax    | 5099 |  790.75 | 1996-04-24 13:07:00 | 2002 | 1007 | Online | EMI Options  |          1 | NULL             |
| Raj     | Natasha | 3005 | 5160.45 | 1996-10-03 14:00:00 | 2003 | 1002 | Online | Debit Cards  |          1 | NULL             |
| Raj     | Natasha | 3020 | 5160.45 | 1996-10-03 14:00:00 | 2003 | 1007 | Cash   | COD          |          0 | NULL             |
| Grass   | Natasha | 3010 | 1309.95 | 1996-10-06 13:12:00 | 2004 | 1002 | Online | EMI Options  |          1 | NULL             |
| Grass   | Natasha | 3015 |   734.5 | 1996-10-06 13:16:00 | 2004 | 1002 | Online | EMI Options  |          1 | NULL             |
| Grass   | Natasha | 3030 |   734.5 | 1996-10-06 13:16:00 | 2004 | 1002 | Cash   | COD          |          0 | NULL             |
| Grass   | Natasha | 4054 |  1200.8 | 1996-11-22 13:07:00 | 2004 | 1003 | Cash   | COD          |          0 | NULL             |
| Grass   | Natasha | 5015 | 2133.35 | 1996-06-23 13:07:00 | 2004 | 1007 | Online | EMI Options  |          1 | NULL             |
| Raja    | Rajan   | 3008 |    4723 | 1996-10-05 12:07:00 | 2006 | 1001 | Cash   | COD          |          0 | NULL             |
| Raja    | Rajan   | 3011 | 9891.88 | 1996-10-06 13:09:00 | 2006 | 1001 | Online | EMI Options  |          1 | NULL             |
| Raja    | Rajan   | 3014 | 3721.53 | 1996-10-05 12:45:00 | 2006 | 1001 | Cash   | COD          |          0 | NULL             |
| Raja    | Rajan   | 3016 | 1729.67 | 1996-10-06 13:18:00 | 2006 | 1001 | Online | Wallets      |          1 | NULL             |
| Raja    | Rajan   | 3024 |    4723 | 1996-10-05 12:07:00 | 2006 | 1002 | Online | Credit Cards |          1 | NULL             |
| Raja    | Rajan   | 3026 | 9891.88 | 1996-10-06 13:09:00 | 2006 | 1001 | Online | Wallets      |          1 | NULL             |
| Raja    | Rajan   | 3029 | 3721.53 | 1996-10-05 12:45:00 | 2006 | 1001 | Online | Credit Cards |          1 | NULL             |
| Raja    | Rajan   | 3031 | 1729.67 | 1996-10-06 13:07:00 | 2006 | 1007 | Online | Wallets      |          1 | NULL             |
| Raja    | Rajan   | 3032 | 3434.55 | 1996-01-26 17:09:12 | 2006 | 1007 | Online | Wallets      |          1 | NULL             |
| Raja    | Rajan   | 5053 |  1500.5 | 1996-01-01 13:07:00 | 2006 | 1007 | Online | EMI Options  |          1 | NULL             |
| Raja    | Rajan   | 6502 |  535.25 | 1996-08-24 13:07:00 | 2006 | 1004 | Cash   | COD          |          0 | NULL             |
| Raja    | Rajan   | 6503 | 1100.25 | 1996-07-26 13:07:00 | 2006 | 1007 | Online | Wallets      |          1 | NULL             |
| Jackson | Monika  | 3002 |  1900.1 | 1996-10-03 12:30:00 | 2007 | 1004 | Online | Wallets      |          1 | NULL             |
| Jackson | Monika  | 3019 |  1900.1 | 1996-10-03 12:05:00 | 2007 | 1004 | Online | EMI Options  |          1 | NULL             |
| Jackson | Monika  | 3119 |   125.5 | 1996-07-26 18:37:00 | 2007 | 1001 | Online | Wallets      |          1 | NULL             |
| William | James   | 3001 |   18.69 | 1996-10-03 12:30:00 | 2008 | 1007 | Online | Credit Cards |          1 | NULL             |
| William | James   | 3006 | 1098.16 | 1996-10-03 13:37:00 | 2008 | 1007 | Online | Wallets      |          1 | NULL             |
| William | James   | 3021 | 1098.16 | 1996-10-03 13:37:00 | 2008 | 1007 | Online | Debit Cards  |          1 | NULL             |
| William | James   | 3074 |   457.4 | 1996-04-19 05:13:00 | 2008 | 1007 | Online | EMI Options  |          1 | NULL             |
| William | James   | 4001 |   145.2 | 1996-05-13 20:47:00 | 2008 | 1003 | Online | EMI Options  |          1 | NULL             |
| William | James   | 6504 | 1350.75 | 1996-07-21 13:07:00 | 2008 | 1007 | Cash   | COD          |          0 | NULL             |
+---------+---------+------+---------+---------------------+------+------+--------+--------------+------------+------------------+
49 rows in set (0.00 sec)

mysql> select * from orders where cnum=2008;
+------+---------+---------------------+------+------+--------+--------------+------------+------------------+
| ONUM | AMT     | ODATE               | CNUM | SNUM | type   | paymentType  | registered | delivery_partner |
+------+---------+---------------------+------+------+--------+--------------+------------+------------------+
| 3001 |   18.69 | 1996-10-03 12:30:00 | 2008 | 1007 | Online | Credit Cards |          1 | NULL             |
| 3006 | 1098.16 | 1996-10-03 13:37:00 | 2008 | 1007 | Online | Wallets      |          1 | NULL             |
| 3021 | 1098.16 | 1996-10-03 13:37:00 | 2008 | 1007 | Online | Debit Cards  |          1 | NULL             |
| 3074 |   457.4 | 1996-04-19 05:13:00 | 2008 | 1007 | Online | EMI Options  |          1 | NULL             |
| 4001 |   145.2 | 1996-05-13 20:47:00 | 2008 | 1003 | Online | EMI Options  |          1 | NULL             |
| 6504 | 1350.75 | 1996-07-21 13:07:00 | 2008 | 1007 | Cash   | COD          |          0 | NULL             |
+------+---------+---------------------+------+------+--------+--------------+------------+------------------+
6 rows in set (0.00 sec)

mysql> select customers.cname, salespeople.sname, round(sum(amt),2) R1  from customers join salespeople on customers.SNUM = salespeople.SNUM inner join orders on customers.cnum = orders.cnum group by customers.cname, salespeople.sname having R1>20000;
+-------+-------+----------+
| cname | sname | R1       |
+-------+-------+----------+
| Raja  | Rajan | 46702.71 |
+-------+-------+----------+
1 row in set (0.00 sec)

mysql> select c.cname from customers c, (select customers.cname, salespeople.sname, round(sum(amt),2) R1  from customers join salespeople on customers.SNUM = salespeople.SNUM inner join orders on customers.cnum = orders.cnum group by customers.cname, salespeople.sname having R1>10000) t1 ;
+---------+
| cname   |
+---------+
| ADAMS   |
| Smith   |
| William |
| Jackson |
| Raja    |
| Grass   |
| Raj     |
| Joe     |
| Santosh |
| Nitish  |
| Saleel  |
| ADAMS   |
| Smith   |
| William |
| Jackson |
| Raja    |
| Grass   |
| Raj     |
| Joe     |
| Santosh |
| Nitish  |
| Saleel  |
| ADAMS   |
| Smith   |
| William |
| Jackson |
| Raja    |
| Grass   |
| Raj     |
| Joe     |
| Santosh |
| Nitish  |
| Saleel  |
+---------+
33 rows in set (0.00 sec)

mysql> select customers.cname, salespeople.sname, sum(amt)  from customers join salespeople on customers.SNUM = salespeople.SNUM inner join orders on customers.cnum = orders.cnum group by customers.cname, salespeople.sname;
+---------+---------+--------------------+
| cname   | sname   | sum(amt)           |
+---------+---------+--------------------+
| Santosh | Rajan   | 2396.5100231170654 |
| Joe     | Alax    | 18353.199951171875 |
| Raj     | Natasha |    10320.900390625 |
| Grass   | Natasha |   6113.10009765625 |
| Raja    | Rajan   |   46702.7099609375 |
| Jackson | Monika  |  3925.699951171875 |
| William | James   |  4168.360059738159 |
+---------+---------+--------------------+
7 rows in set (0.00 sec)

mysql> select customers.cname, salespeople.sname, round(sum(amt),2) R1  from customers join salespeople on customers.SNUM = salespeople.SNUM inner join orders on customers.cnum = orders.cnum group by customers.cname, salespeople.sname;
+---------+---------+----------+
| cname   | sname   | R1       |
+---------+---------+----------+
| Santosh | Rajan   |  2396.51 |
| Joe     | Alax    |  18353.2 |
| Raj     | Natasha |  10320.9 |
| Grass   | Natasha |   6113.1 |
| Raja    | Rajan   | 46702.71 |
| Jackson | Monika  |   3925.7 |
| William | James   |  4168.36 |
+---------+---------+----------+
7 rows in set (0.00 sec)

mysql> select customers.cname, salespeople.sname, round(sum(amt),2) R1  from customers join salespeople on customers.SNUM = salespeople.SNUM inner join orders on customers.cnum = orders.cnum group by customers.cname, salespeople.sname having R1>20000;
+-------+-------+----------+
| cname | sname | R1       |
+-------+-------+----------+
| Raja  | Rajan | 46702.71 |
+-------+-------+----------+
1 row in set (0.00 sec)

mysql> select customers.cname, salespeople.sname, round(sum(amt),2) R1  from customers join salespeople on customers.SNUM = salespeople.SNUM inner join orders on customers.cnum = orders.cnum group by customers.cname, salespeople.sname having R1>10000;
+-------+---------+----------+
| cname | sname   | R1       |
+-------+---------+----------+
| Joe   | Alax    |  18353.2 |
| Raj   | Natasha |  10320.9 |
| Raja  | Rajan   | 46702.71 |
+-------+---------+----------+
3 rows in set (0.00 sec)

mysql> select customers.cname, salespeople.sname, round(sum(amt),2) R1  from customers join salespeople on customers.SNUM = salespeople.SNUM inner join orders on customers.cnum = orders.cnum group by customers.cname, salespeople.sname having R1>10000;
+-------+---------+----------+
| cname | sname   | R1       |
+-------+---------+----------+
| Joe   | Alax    |  18353.2 |
| Raj   | Natasha |  10320.9 |
| Raja  | Rajan   | 46702.71 |
+-------+---------+----------+
3 rows in set (0.00 sec)

mysql> select c.cname from customers c, (select customers.cname, salespeople.sname, round(sum(amt),2) R1  from customers join salespeople on customers.SNUM = salespeople.SNUM inner join orders on customers.cnum = orders.cnum group by customers.cname, salespeople.sname having R1>10000) t1 ;
+---------+
| cname   |
+---------+
| ADAMS   |
| Smith   |
| William |
| Jackson |
| Raja    |
| Grass   |
| Raj     |
| Joe     |
| Santosh |
| Nitish  |
| Saleel  |
| ADAMS   |
| Smith   |
| William |
| Jackson |
| Raja    |
| Grass   |
| Raj     |
| Joe     |
| Santosh |
| Nitish  |
| Saleel  |
| ADAMS   |
| Smith   |
| William |
| Jackson |
| Raja    |
| Grass   |
| Raj     |
| Joe     |
| Santosh |
| Nitish  |
| Saleel  |
+---------+
33 rows in set (0.00 sec)

mysql> select * from customers,salespeople;
+------+---------+----------+--------+------+------+---------+----------+------+
| CNUM | CNAME   | CITY     | RATING | SNUM | SNUM | SNAME   | CITY     | COMM |
+------+---------+----------+--------+------+------+---------+----------+------+
| 1001 | Saleel  | Baroda   |    250 | 1007 | 1009 | Leo     | Wells    | 0.26 |
| 1001 | Saleel  | Baroda   |    250 | 1007 | 1008 | Cooper  | Wells    | 0.19 |
| 1001 | Saleel  | Baroda   |    250 | 1007 | 1007 | James   | Derby    | 0.15 |
| 1001 | Saleel  | Baroda   |    250 | 1007 | 1006 | Jack    | Leeds    | 0.26 |
| 1001 | Saleel  | Baroda   |    250 | 1007 | 1005 | Moor    | London   | 0.26 |
| 1001 | Saleel  | Baroda   |    250 | 1007 | 1004 | Monika  | London   | 0.11 |
| 1001 | Saleel  | Baroda   |    250 | 1007 | 1003 | Alax    | New York |  0.1 |
| 1001 | Saleel  | Baroda   |    250 | 1007 | 1002 | Natasha | San Jose | 0.13 |
| 1001 | Saleel  | Baroda   |    250 | 1007 | 1001 | Rajan   | London   | 0.12 |
| 1037 | Nitish  | Pune     |    250 | 1007 | 1009 | Leo     | Wells    | 0.26 |
| 1037 | Nitish  | Pune     |    250 | 1007 | 1008 | Cooper  | Wells    | 0.19 |
| 1037 | Nitish  | Pune     |    250 | 1007 | 1007 | James   | Derby    | 0.15 |
| 1037 | Nitish  | Pune     |    250 | 1007 | 1006 | Jack    | Leeds    | 0.26 |
| 1037 | Nitish  | Pune     |    250 | 1007 | 1005 | Moor    | London   | 0.26 |
| 1037 | Nitish  | Pune     |    250 | 1007 | 1004 | Monika  | London   | 0.11 |
| 1037 | Nitish  | Pune     |    250 | 1007 | 1003 | Alax    | New York |  0.1 |
| 1037 | Nitish  | Pune     |    250 | 1007 | 1002 | Natasha | San Jose | 0.13 |
| 1037 | Nitish  | Pune     |    250 | 1007 | 1001 | Rajan   | London   | 0.12 |
| 2001 | Santosh | London   |    100 | 1001 | 1009 | Leo     | Wells    | 0.26 |
| 2001 | Santosh | London   |    100 | 1001 | 1008 | Cooper  | Wells    | 0.19 |
| 2001 | Santosh | London   |    100 | 1001 | 1007 | James   | Derby    | 0.15 |
| 2001 | Santosh | London   |    100 | 1001 | 1006 | Jack    | Leeds    | 0.26 |
| 2001 | Santosh | London   |    100 | 1001 | 1005 | Moor    | London   | 0.26 |
| 2001 | Santosh | London   |    100 | 1001 | 1004 | Monika  | London   | 0.11 |
| 2001 | Santosh | London   |    100 | 1001 | 1003 | Alax    | New York |  0.1 |
| 2001 | Santosh | London   |    100 | 1001 | 1002 | Natasha | San Jose | 0.13 |
| 2001 | Santosh | London   |    100 | 1001 | 1001 | Rajan   | London   | 0.12 |
| 2002 | Joe     | Rome     |    200 | 1003 | 1009 | Leo     | Wells    | 0.26 |
| 2002 | Joe     | Rome     |    200 | 1003 | 1008 | Cooper  | Wells    | 0.19 |
| 2002 | Joe     | Rome     |    200 | 1003 | 1007 | James   | Derby    | 0.15 |
| 2002 | Joe     | Rome     |    200 | 1003 | 1006 | Jack    | Leeds    | 0.26 |
| 2002 | Joe     | Rome     |    200 | 1003 | 1005 | Moor    | London   | 0.26 |
| 2002 | Joe     | Rome     |    200 | 1003 | 1004 | Monika  | London   | 0.11 |
| 2002 | Joe     | Rome     |    200 | 1003 | 1003 | Alax    | New York |  0.1 |
| 2002 | Joe     | Rome     |    200 | 1003 | 1002 | Natasha | San Jose | 0.13 |
| 2002 | Joe     | Rome     |    200 | 1003 | 1001 | Rajan   | London   | 0.12 |
| 2003 | Raj     | San Jose |    200 | 1002 | 1009 | Leo     | Wells    | 0.26 |
| 2003 | Raj     | San Jose |    200 | 1002 | 1008 | Cooper  | Wells    | 0.19 |
| 2003 | Raj     | San Jose |    200 | 1002 | 1007 | James   | Derby    | 0.15 |
| 2003 | Raj     | San Jose |    200 | 1002 | 1006 | Jack    | Leeds    | 0.26 |
| 2003 | Raj     | San Jose |    200 | 1002 | 1005 | Moor    | London   | 0.26 |
| 2003 | Raj     | San Jose |    200 | 1002 | 1004 | Monika  | London   | 0.11 |
| 2003 | Raj     | San Jose |    200 | 1002 | 1003 | Alax    | New York |  0.1 |
| 2003 | Raj     | San Jose |    200 | 1002 | 1002 | Natasha | San Jose | 0.13 |
| 2003 | Raj     | San Jose |    200 | 1002 | 1001 | Rajan   | London   | 0.12 |
| 2004 | Grass   | Berlin   |    300 | 1002 | 1009 | Leo     | Wells    | 0.26 |
| 2004 | Grass   | Berlin   |    300 | 1002 | 1008 | Cooper  | Wells    | 0.19 |
| 2004 | Grass   | Berlin   |    300 | 1002 | 1007 | James   | Derby    | 0.15 |
| 2004 | Grass   | Berlin   |    300 | 1002 | 1006 | Jack    | Leeds    | 0.26 |
| 2004 | Grass   | Berlin   |    300 | 1002 | 1005 | Moor    | London   | 0.26 |
| 2004 | Grass   | Berlin   |    300 | 1002 | 1004 | Monika  | London   | 0.11 |
| 2004 | Grass   | Berlin   |    300 | 1002 | 1003 | Alax    | New York |  0.1 |
| 2004 | Grass   | Berlin   |    300 | 1002 | 1002 | Natasha | San Jose | 0.13 |
| 2004 | Grass   | Berlin   |    300 | 1002 | 1001 | Rajan   | London   | 0.12 |
| 2006 | Raja    | London   |    100 | 1001 | 1009 | Leo     | Wells    | 0.26 |
| 2006 | Raja    | London   |    100 | 1001 | 1008 | Cooper  | Wells    | 0.19 |
| 2006 | Raja    | London   |    100 | 1001 | 1007 | James   | Derby    | 0.15 |
| 2006 | Raja    | London   |    100 | 1001 | 1006 | Jack    | Leeds    | 0.26 |
| 2006 | Raja    | London   |    100 | 1001 | 1005 | Moor    | London   | 0.26 |
| 2006 | Raja    | London   |    100 | 1001 | 1004 | Monika  | London   | 0.11 |
| 2006 | Raja    | London   |    100 | 1001 | 1003 | Alax    | New York |  0.1 |
| 2006 | Raja    | London   |    100 | 1001 | 1002 | Natasha | San Jose | 0.13 |
| 2006 | Raja    | London   |    100 | 1001 | 1001 | Rajan   | London   | 0.12 |
| 2007 | Jackson | Rome     |    100 | 1004 | 1009 | Leo     | Wells    | 0.26 |
| 2007 | Jackson | Rome     |    100 | 1004 | 1008 | Cooper  | Wells    | 0.19 |
| 2007 | Jackson | Rome     |    100 | 1004 | 1007 | James   | Derby    | 0.15 |
| 2007 | Jackson | Rome     |    100 | 1004 | 1006 | Jack    | Leeds    | 0.26 |
| 2007 | Jackson | Rome     |    100 | 1004 | 1005 | Moor    | London   | 0.26 |
| 2007 | Jackson | Rome     |    100 | 1004 | 1004 | Monika  | London   | 0.11 |
| 2007 | Jackson | Rome     |    100 | 1004 | 1003 | Alax    | New York |  0.1 |
| 2007 | Jackson | Rome     |    100 | 1004 | 1002 | Natasha | San Jose | 0.13 |
| 2007 | Jackson | Rome     |    100 | 1004 | 1001 | Rajan   | London   | 0.12 |
| 2008 | William | San Jose |    300 | 1007 | 1009 | Leo     | Wells    | 0.26 |
| 2008 | William | San Jose |    300 | 1007 | 1008 | Cooper  | Wells    | 0.19 |
| 2008 | William | San Jose |    300 | 1007 | 1007 | James   | Derby    | 0.15 |
| 2008 | William | San Jose |    300 | 1007 | 1006 | Jack    | Leeds    | 0.26 |
| 2008 | William | San Jose |    300 | 1007 | 1005 | Moor    | London   | 0.26 |
| 2008 | William | San Jose |    300 | 1007 | 1004 | Monika  | London   | 0.11 |
| 2008 | William | San Jose |    300 | 1007 | 1003 | Alax    | New York |  0.1 |
| 2008 | William | San Jose |    300 | 1007 | 1002 | Natasha | San Jose | 0.13 |
| 2008 | William | San Jose |    300 | 1007 | 1001 | Rajan   | London   | 0.12 |
| 2009 | Smith   | Berlin   |    300 | 1007 | 1009 | Leo     | Wells    | 0.26 |
| 2009 | Smith   | Berlin   |    300 | 1007 | 1008 | Cooper  | Wells    | 0.19 |
| 2009 | Smith   | Berlin   |    300 | 1007 | 1007 | James   | Derby    | 0.15 |
| 2009 | Smith   | Berlin   |    300 | 1007 | 1006 | Jack    | Leeds    | 0.26 |
| 2009 | Smith   | Berlin   |    300 | 1007 | 1005 | Moor    | London   | 0.26 |
| 2009 | Smith   | Berlin   |    300 | 1007 | 1004 | Monika  | London   | 0.11 |
| 2009 | Smith   | Berlin   |    300 | 1007 | 1003 | Alax    | New York |  0.1 |
| 2009 | Smith   | Berlin   |    300 | 1007 | 1002 | Natasha | San Jose | 0.13 |
| 2009 | Smith   | Berlin   |    300 | 1007 | 1001 | Rajan   | London   | 0.12 |
| 2010 | ADAMS   | Berlin   |    250 | 1007 | 1009 | Leo     | Wells    | 0.26 |
| 2010 | ADAMS   | Berlin   |    250 | 1007 | 1008 | Cooper  | Wells    | 0.19 |
| 2010 | ADAMS   | Berlin   |    250 | 1007 | 1007 | James   | Derby    | 0.15 |
| 2010 | ADAMS   | Berlin   |    250 | 1007 | 1006 | Jack    | Leeds    | 0.26 |
| 2010 | ADAMS   | Berlin   |    250 | 1007 | 1005 | Moor    | London   | 0.26 |
| 2010 | ADAMS   | Berlin   |    250 | 1007 | 1004 | Monika  | London   | 0.11 |
| 2010 | ADAMS   | Berlin   |    250 | 1007 | 1003 | Alax    | New York |  0.1 |
| 2010 | ADAMS   | Berlin   |    250 | 1007 | 1002 | Natasha | San Jose | 0.13 |
| 2010 | ADAMS   | Berlin   |    250 | 1007 | 1001 | Rajan   | London   | 0.12 |
+------+---------+----------+--------+------+------+---------+----------+------+
99 rows in set (0.00 sec)

mysql> select * from customers c inner join salespeople s on c.snum=s.snum;
+------+---------+----------+--------+------+------+---------+----------+------+
| CNUM | CNAME   | CITY     | RATING | SNUM | SNUM | SNAME   | CITY     | COMM |
+------+---------+----------+--------+------+------+---------+----------+------+
| 1001 | Saleel  | Baroda   |    250 | 1007 | 1007 | James   | Derby    | 0.15 |
| 1037 | Nitish  | Pune     |    250 | 1007 | 1007 | James   | Derby    | 0.15 |
| 2001 | Santosh | London   |    100 | 1001 | 1001 | Rajan   | London   | 0.12 |
| 2002 | Joe     | Rome     |    200 | 1003 | 1003 | Alax    | New York |  0.1 |
| 2003 | Raj     | San Jose |    200 | 1002 | 1002 | Natasha | San Jose | 0.13 |
| 2004 | Grass   | Berlin   |    300 | 1002 | 1002 | Natasha | San Jose | 0.13 |
| 2006 | Raja    | London   |    100 | 1001 | 1001 | Rajan   | London   | 0.12 |
| 2007 | Jackson | Rome     |    100 | 1004 | 1004 | Monika  | London   | 0.11 |
| 2008 | William | San Jose |    300 | 1007 | 1007 | James   | Derby    | 0.15 |
| 2009 | Smith   | Berlin   |    300 | 1007 | 1007 | James   | Derby    | 0.15 |
| 2010 | ADAMS   | Berlin   |    250 | 1007 | 1007 | James   | Derby    | 0.15 |
+------+---------+----------+--------+------+------+---------+----------+------+
11 rows in set (0.00 sec)

mysql> select * from customers c inner join salespeople s, orders on c.snum=s.snum;
ERROR 1064 (42000): You have an error in your SQL syntax; check the manual that corresponds to your MySQL server version for the right syntax to use near 'on c.snum=s.snum' at line 1
mysql> select * from customers c inner join salespeople s on c.snum=s.snum;
+------+---------+----------+--------+------+------+---------+----------+------+
| CNUM | CNAME   | CITY     | RATING | SNUM | SNUM | SNAME   | CITY     | COMM |
+------+---------+----------+--------+------+------+---------+----------+------+
| 1001 | Saleel  | Baroda   |    250 | 1007 | 1007 | James   | Derby    | 0.15 |
| 1037 | Nitish  | Pune     |    250 | 1007 | 1007 | James   | Derby    | 0.15 |
| 2001 | Santosh | London   |    100 | 1001 | 1001 | Rajan   | London   | 0.12 |
| 2002 | Joe     | Rome     |    200 | 1003 | 1003 | Alax    | New York |  0.1 |
| 2003 | Raj     | San Jose |    200 | 1002 | 1002 | Natasha | San Jose | 0.13 |
| 2004 | Grass   | Berlin   |    300 | 1002 | 1002 | Natasha | San Jose | 0.13 |
| 2006 | Raja    | London   |    100 | 1001 | 1001 | Rajan   | London   | 0.12 |
| 2007 | Jackson | Rome     |    100 | 1004 | 1004 | Monika  | London   | 0.11 |
| 2008 | William | San Jose |    300 | 1007 | 1007 | James   | Derby    | 0.15 |
| 2009 | Smith   | Berlin   |    300 | 1007 | 1007 | James   | Derby    | 0.15 |
| 2010 | ADAMS   | Berlin   |    250 | 1007 | 1007 | James   | Derby    | 0.15 |
+------+---------+----------+--------+------+------+---------+----------+------+
11 rows in set (0.00 sec)

mysql> select * from products;
+-----------+----------------------------------+------------+------------+----------------------+-----------+--------------+--------------+--------------+--------------+
| ProductID | ProductName                      | SupplierID | CategoryID | QuantityPerUnit      | UnitPrice | UnitsInStock | UnitsOnOrder | ReorderLevel | Discontinued |
+-----------+----------------------------------+------------+------------+----------------------+-----------+--------------+--------------+--------------+--------------+
|         1 | Chai                             |          1 |          1 | 10 boxes x 20 bags   |   18.0000 |           39 |            0 |           10 |            0 |
|         2 | Chang                            |          1 |          1 | 24 - 12 oz bottles   |   19.0000 |           17 |           40 |           25 |            0 |
|         3 | Aniseed Syrup                    |          1 |          2 | 12 - 550 ml bottles  |   10.0000 |           13 |           70 |           25 |            0 |
|         4 | Chef Anton's Cajun Seasoning     |          2 |          2 | 48 - 6 oz jars       |   22.0000 |           53 |            0 |            0 |            0 |
|         5 | Chef Anton's Gumbo Mix           |          2 |          2 | 36 boxes             |   21.3500 |            0 |            0 |            0 |            1 |
|         6 | Grandma's Boysenberry Spread     |          3 |          2 | 12 - 8 oz jars       |   25.0000 |          120 |            0 |           25 |            0 |
|         7 | Uncle Bob's Organic Dried Pears  |          3 |          7 | 12 - 1 lb pkgs.      |   30.0000 |           15 |            0 |           10 |            0 |
|         8 | Northwoods Cranberry Sauce       |          3 |          2 | 12 - 12 oz jars      |   40.0000 |            6 |            0 |            0 |            0 |
|         9 | Mishi Kobe Niku                  |          4 |          6 | 18 - 500 g pkgs.     |   97.0000 |           29 |            0 |            0 |            1 |
|        10 | Ikura                            |          4 |          8 | 12 - 200 ml jars     |   31.0000 |           31 |            0 |            0 |            0 |
|        11 | Queso Cabrales                   |          5 |          4 | 1 kg pkg.            |   21.0000 |           22 |           30 |           30 |            0 |
|        12 | Queso Manchego La Pastora        |          5 |          4 | 10 - 500 g pkgs.     |   38.0000 |           86 |            0 |            0 |            0 |
|        13 | Konbu                            |          6 |          8 | 2 kg box             |    6.0000 |           24 |            0 |            5 |            0 |
|        14 | Tofu                             |          6 |          7 | 40 - 100 g pkgs.     |   23.2500 |           35 |            0 |            0 |            0 |
|        15 | Genen Shouyu                     |          6 |          2 | 40 - 100 g pkgs.     |   15.5000 |           39 |            0 |            5 |            0 |
|        16 | Pavlova                          |          7 |          3 | 32 - 500 g boxes     |   17.4500 |           29 |            0 |           10 |            0 |
|        17 | Alice Mutton                     |          7 |          6 | 20 - 1 kg tins       |   39.0000 |            0 |            0 |            0 |            1 |
|        18 | Carnarvon Tigers                 |          7 |          8 | 16 kg pkg.           |   62.5000 |           42 |            0 |            0 |            0 |
|        19 | Teatime Chocolate Biscuits       |          8 |          3 | 10 boxes x 12 pieces |    9.2000 |           25 |            0 |            5 |            0 |
|        20 | Sir Rodney's Marmalade           |          8 |          3 | 30 gift boxes        |   81.0000 |           40 |            0 |            0 |            0 |
|        21 | Sir Rodney's Scones              |          8 |          3 | 24 pkgs. x 4 pieces  |   10.0000 |            3 |           40 |            5 |            0 |
|        22 | Gustaf's Knckebrd                |          9 |          5 | 24 - 500 g pkgs.     |   21.0000 |          104 |            0 |           25 |            0 |
|        23 | Tunnbrd                          |          9 |          5 | 12 - 250 g pkgs.     |    9.0000 |           61 |            0 |           25 |            0 |
|        24 | Guaran Fantstica                 |         10 |          1 | 12 - 355 ml cans     |    4.5000 |           20 |            0 |            0 |            1 |
|        25 | NuNuCa Nu-Nougat-Creme           |         11 |          3 | 20 - 450 g glasses   |   14.0000 |           76 |            0 |           30 |            0 |
|        26 | Gumbr Gummibrchen                |         11 |          3 | 100 - 250 g bags     |   31.2300 |           15 |            0 |            0 |            0 |
|        27 | Schoggi Schokolade               |         11 |          3 | 100 - 100 g pieces   |   43.9000 |           49 |            0 |           30 |            0 |
|        28 | Rssle Sauerkraut                 |         12 |          7 | 25 - 825 g cans      |   45.6000 |           26 |            0 |            0 |            1 |
|        29 | Thringer Rostbratwurst           |         12 |          6 | 50 bags x 30 sausgs. |  123.7900 |            0 |            0 |            0 |            1 |
|        30 | Nord-Ost Matjeshering            |         13 |          8 | 10 - 200 g glasses   |   25.8900 |           10 |            0 |           15 |            0 |
|        31 | Gorgonzola Telino                |         14 |          4 | 12 - 100 g pkgs      |   12.5000 |            0 |           70 |           20 |            0 |
|        32 | Mascarpone Fabioli               |         14 |          4 | 24 - 200 g pkgs.     |   32.0000 |            9 |           40 |           25 |            0 |
|        33 | Geitost                          |         15 |          4 | 500 g                |    2.5000 |          112 |            0 |           20 |            0 |
|        34 | Sasquatch Ale                    |         16 |          1 | 24 - 12 oz bottles   |   14.0000 |          111 |            0 |           15 |            0 |
|        35 | Steeleye Stout                   |         16 |          1 | 24 - 12 oz bottles   |   18.0000 |           20 |            0 |           15 |            0 |
|        36 | Inlagd Sill                      |         17 |          8 | 24 - 250 g jars      |   19.0000 |          112 |            0 |           20 |            0 |
|        37 | Gravad lax                       |         17 |          8 | 12 - 500 g pkgs.     |   26.0000 |           11 |           50 |           25 |            0 |
|        38 | Cte de Blaye                     |         18 |          1 | 12 - 75 cl bottles   |  263.5000 |           17 |            0 |           15 |            0 |
|        39 | Chartreuse verte                 |         18 |          1 | 750 cc per bottle    |   18.0000 |           69 |            0 |            5 |            0 |
|        40 | Boston Crab Meat                 |         19 |          8 | 24 - 4 oz tins       |   18.4000 |          123 |            0 |           30 |            0 |
|        41 | Jack's New England Clam Chowder  |         19 |          8 | 12 - 12 oz cans      |    9.6500 |           85 |            0 |           10 |            0 |
|        42 | Singaporean Hokkien Fried Mee    |         20 |          5 | 32 - 1 kg pkgs.      |   14.0000 |           26 |            0 |            0 |            1 |
|        43 | Ipoh Coffee                      |         20 |          1 | 16 - 500 g tins      |   46.0000 |           17 |           10 |           25 |            0 |
|        44 | Gula Malacca                     |         20 |          2 | 20 - 2 kg bags       |   19.4500 |           27 |            0 |           15 |            0 |
|        45 | Rogede sild                      |         21 |          8 | 1k pkg.              |    9.5000 |            5 |           70 |           15 |            0 |
|        46 | Spegesild                        |         21 |          8 | 4 - 450 g glasses    |   12.0000 |           95 |            0 |            0 |            0 |
|        47 | Zaanse koeken                    |         22 |          3 | 10 - 4 oz boxes      |    9.5000 |           36 |            0 |            0 |            0 |
|        48 | Chocolade                        |         22 |          3 | 10 pkgs.             |   12.7500 |           15 |           70 |           25 |            0 |
|        49 | Maxilaku                         |         23 |          3 | 24 - 50 g pkgs.      |   20.0000 |           10 |           60 |           15 |            0 |
|        50 | Valkoinen suklaa                 |         23 |          3 | 12 - 100 g bars      |   16.2500 |           65 |            0 |           30 |            0 |
|        51 | Manjimup Dried Apples            |         24 |          7 | 50 - 300 g pkgs.     |   53.0000 |           20 |            0 |           10 |            0 |
|        52 | Filo Mix                         |         24 |          5 | 16 - 2 kg boxes      |    7.0000 |           38 |            0 |           25 |            0 |
|        53 | Perth Pasties                    |         24 |          6 | 48 pieces            |   32.8000 |            0 |            0 |            0 |            1 |
|        54 | Tourtire                         |         25 |          6 | 16 pies              |    7.4500 |           21 |            0 |           10 |            0 |
|        55 | Pt chinois                       |         25 |          6 | 24 boxes x 2 pies    |   24.0000 |          115 |            0 |           20 |            0 |
|        56 | Gnocchi di nonna Alice           |         26 |          5 | 24 - 250 g pkgs.     |   38.0000 |           21 |           10 |           30 |            0 |
|        57 | Ravioli Angelo                   |         26 |          5 | 24 - 250 g pkgs.     |   19.5000 |           36 |            0 |           20 |            0 |
|        58 | Escargots de Bourgogne           |         27 |          8 | 24 pieces            |   13.2500 |           62 |            0 |           20 |            0 |
|        59 | Raclette Courdavault             |         28 |          4 | 5 kg pkg.            |   55.0000 |           79 |            0 |            0 |            0 |
|        60 | Camembert Pierrot                |         28 |          4 | 15 - 300 g rounds    |   34.0000 |           19 |            0 |            0 |            0 |
|        61 | Sirop d'rable                    |         29 |          2 | 24 - 500 ml bottles  |   28.5000 |          113 |            0 |           25 |            0 |
|        62 | Tarte au sucre                   |         29 |          3 | 48 pies              |   49.3000 |           17 |            0 |            0 |            0 |
|        63 | Vegie-spread                     |          7 |          2 | 15 - 625 g jars      |   43.9000 |           24 |            0 |            5 |            0 |
|        64 | Wimmers gute Semmelkndel         |         12 |          5 | 20 bags x 4 pieces   |   33.2500 |           22 |           80 |           30 |            0 |
|        65 | Louisiana Fiery Hot Pepper Sauce |          2 |          2 | 32 - 8 oz bottles    |   21.0500 |           76 |            0 |            0 |            0 |
|        66 | Louisiana Hot Spiced Okra        |          2 |          2 | 24 - 8 oz jars       |   17.0000 |            4 |          100 |           20 |            0 |
|        67 | Laughing Lumberjack Lager        |         16 |          1 | 24 - 12 oz bottles   |   14.0000 |           52 |            0 |           10 |            0 |
|        68 | Scottish Longbreads              |          8 |          3 | 10 boxes x 8 pieces  |   12.5000 |            6 |           10 |           15 |            0 |
|        69 | Gudbrandsdalsost                 |         15 |          4 | 10 kg pkg.           |   36.0000 |           26 |            0 |           15 |            0 |
|        70 | Outback Lager                    |          7 |          1 | 24 - 355 ml bottles  |   15.0000 |           15 |           10 |           30 |            0 |
|        71 | Flotemysost                      |         15 |          4 | 10 - 500 g pkgs.     |   21.5000 |           26 |            0 |            0 |            0 |
|        72 | Mozzarella di Giovanni           |         14 |          4 | 24 - 200 g pkgs.     |   34.8000 |           14 |            0 |            0 |            0 |
|        73 | Rd Kaviar                        |         17 |          8 | 24 - 150 g jars      |   15.0000 |          101 |            0 |            5 |            0 |
|        74 | Longlife Tofu                    |          4 |          7 | 5 kg pkg.            |   10.0000 |            4 |           20 |            5 |            0 |
|        75 | Rhnbru Klosterbier               |         12 |          1 | 24 - 0.5 l bottles   |    7.7500 |          125 |            0 |           25 |            0 |
|        76 | Lakkalikri                       |         23 |          1 | 500 ml               |   18.0000 |           57 |            0 |           20 |            0 |
|        77 | Original Frankfurter grne Soe    |         12 |          2 | 12 boxes             |   13.0000 |           32 |            0 |           15 |            0 |
+-----------+----------------------------------+------------+------------+----------------------+-----------+--------------+--------------+--------------+--------------+
77 rows in set (0.00 sec)

mysql> select * from products;
+-----------+----------------------------------+------------+------------+----------------------+-----------+--------------+--------------+--------------+--------------+
| ProductID | ProductName                      | SupplierID | CategoryID | QuantityPerUnit      | UnitPrice | UnitsInStock | UnitsOnOrder | ReorderLevel | Discontinued |
+-----------+----------------------------------+------------+------------+----------------------+-----------+--------------+--------------+--------------+--------------+
|         1 | Chai                             |          1 |          1 | 10 boxes x 20 bags   |   18.0000 |           39 |            0 |           10 |            0 |
|         2 | Chang                            |          1 |          1 | 24 - 12 oz bottles   |   19.0000 |           17 |           40 |           25 |            0 |
|         3 | Aniseed Syrup                    |          1 |          2 | 12 - 550 ml bottles  |   10.0000 |           13 |           70 |           25 |            0 |
|         4 | Chef Anton's Cajun Seasoning     |          2 |          2 | 48 - 6 oz jars       |   22.0000 |           53 |            0 |            0 |            0 |
|         5 | Chef Anton's Gumbo Mix           |          2 |          2 | 36 boxes             |   21.3500 |            0 |            0 |            0 |            1 |
|         6 | Grandma's Boysenberry Spread     |          3 |          2 | 12 - 8 oz jars       |   25.0000 |          120 |            0 |           25 |            0 |
|         7 | Uncle Bob's Organic Dried Pears  |          3 |          7 | 12 - 1 lb pkgs.      |   30.0000 |           15 |            0 |           10 |            0 |
|         8 | Northwoods Cranberry Sauce       |          3 |          2 | 12 - 12 oz jars      |   40.0000 |            6 |            0 |            0 |            0 |
|         9 | Mishi Kobe Niku                  |          4 |          6 | 18 - 500 g pkgs.     |   97.0000 |           29 |            0 |            0 |            1 |
|        10 | Ikura                            |          4 |          8 | 12 - 200 ml jars     |   31.0000 |           31 |            0 |            0 |            0 |
|        11 | Queso Cabrales                   |          5 |          4 | 1 kg pkg.            |   21.0000 |           22 |           30 |           30 |            0 |
|        12 | Queso Manchego La Pastora        |          5 |          4 | 10 - 500 g pkgs.     |   38.0000 |           86 |            0 |            0 |            0 |
|        13 | Konbu                            |          6 |          8 | 2 kg box             |    6.0000 |           24 |            0 |            5 |            0 |
|        14 | Tofu                             |          6 |          7 | 40 - 100 g pkgs.     |   23.2500 |           35 |            0 |            0 |            0 |
|        15 | Genen Shouyu                     |          6 |          2 | 40 - 100 g pkgs.     |   15.5000 |           39 |            0 |            5 |            0 |
|        16 | Pavlova                          |          7 |          3 | 32 - 500 g boxes     |   17.4500 |           29 |            0 |           10 |            0 |
|        17 | Alice Mutton                     |          7 |          6 | 20 - 1 kg tins       |   39.0000 |            0 |            0 |            0 |            1 |
|        18 | Carnarvon Tigers                 |          7 |          8 | 16 kg pkg.           |   62.5000 |           42 |            0 |            0 |            0 |
|        19 | Teatime Chocolate Biscuits       |          8 |          3 | 10 boxes x 12 pieces |    9.2000 |           25 |            0 |            5 |            0 |
|        20 | Sir Rodney's Marmalade           |          8 |          3 | 30 gift boxes        |   81.0000 |           40 |            0 |            0 |            0 |
|        21 | Sir Rodney's Scones              |          8 |          3 | 24 pkgs. x 4 pieces  |   10.0000 |            3 |           40 |            5 |            0 |
|        22 | Gustaf's Knckebrd                |          9 |          5 | 24 - 500 g pkgs.     |   21.0000 |          104 |            0 |           25 |            0 |
|        23 | Tunnbrd                          |          9 |          5 | 12 - 250 g pkgs.     |    9.0000 |           61 |            0 |           25 |            0 |
|        24 | Guaran Fantstica                 |         10 |          1 | 12 - 355 ml cans     |    4.5000 |           20 |            0 |            0 |            1 |
|        25 | NuNuCa Nu-Nougat-Creme           |         11 |          3 | 20 - 450 g glasses   |   14.0000 |           76 |            0 |           30 |            0 |
|        26 | Gumbr Gummibrchen                |         11 |          3 | 100 - 250 g bags     |   31.2300 |           15 |            0 |            0 |            0 |
|        27 | Schoggi Schokolade               |         11 |          3 | 100 - 100 g pieces   |   43.9000 |           49 |            0 |           30 |            0 |
|        28 | Rssle Sauerkraut                 |         12 |          7 | 25 - 825 g cans      |   45.6000 |           26 |            0 |            0 |            1 |
|        29 | Thringer Rostbratwurst           |         12 |          6 | 50 bags x 30 sausgs. |  123.7900 |            0 |            0 |            0 |            1 |
|        30 | Nord-Ost Matjeshering            |         13 |          8 | 10 - 200 g glasses   |   25.8900 |           10 |            0 |           15 |            0 |
|        31 | Gorgonzola Telino                |         14 |          4 | 12 - 100 g pkgs      |   12.5000 |            0 |           70 |           20 |            0 |
|        32 | Mascarpone Fabioli               |         14 |          4 | 24 - 200 g pkgs.     |   32.0000 |            9 |           40 |           25 |            0 |
|        33 | Geitost                          |         15 |          4 | 500 g                |    2.5000 |          112 |            0 |           20 |            0 |
|        34 | Sasquatch Ale                    |         16 |          1 | 24 - 12 oz bottles   |   14.0000 |          111 |            0 |           15 |            0 |
|        35 | Steeleye Stout                   |         16 |          1 | 24 - 12 oz bottles   |   18.0000 |           20 |            0 |           15 |            0 |
|        36 | Inlagd Sill                      |         17 |          8 | 24 - 250 g jars      |   19.0000 |          112 |            0 |           20 |            0 |
|        37 | Gravad lax                       |         17 |          8 | 12 - 500 g pkgs.     |   26.0000 |           11 |           50 |           25 |            0 |
|        38 | Cte de Blaye                     |         18 |          1 | 12 - 75 cl bottles   |  263.5000 |           17 |            0 |           15 |            0 |
|        39 | Chartreuse verte                 |         18 |          1 | 750 cc per bottle    |   18.0000 |           69 |            0 |            5 |            0 |
|        40 | Boston Crab Meat                 |         19 |          8 | 24 - 4 oz tins       |   18.4000 |          123 |            0 |           30 |            0 |
|        41 | Jack's New England Clam Chowder  |         19 |          8 | 12 - 12 oz cans      |    9.6500 |           85 |            0 |           10 |            0 |
|        42 | Singaporean Hokkien Fried Mee    |         20 |          5 | 32 - 1 kg pkgs.      |   14.0000 |           26 |            0 |            0 |            1 |
|        43 | Ipoh Coffee                      |         20 |          1 | 16 - 500 g tins      |   46.0000 |           17 |           10 |           25 |            0 |
|        44 | Gula Malacca                     |         20 |          2 | 20 - 2 kg bags       |   19.4500 |           27 |            0 |           15 |            0 |
|        45 | Rogede sild                      |         21 |          8 | 1k pkg.              |    9.5000 |            5 |           70 |           15 |            0 |
|        46 | Spegesild                        |         21 |          8 | 4 - 450 g glasses    |   12.0000 |           95 |            0 |            0 |            0 |
|        47 | Zaanse koeken                    |         22 |          3 | 10 - 4 oz boxes      |    9.5000 |           36 |            0 |            0 |            0 |
|        48 | Chocolade                        |         22 |          3 | 10 pkgs.             |   12.7500 |           15 |           70 |           25 |            0 |
|        49 | Maxilaku                         |         23 |          3 | 24 - 50 g pkgs.      |   20.0000 |           10 |           60 |           15 |            0 |
|        50 | Valkoinen suklaa                 |         23 |          3 | 12 - 100 g bars      |   16.2500 |           65 |            0 |           30 |            0 |
|        51 | Manjimup Dried Apples            |         24 |          7 | 50 - 300 g pkgs.     |   53.0000 |           20 |            0 |           10 |            0 |
|        52 | Filo Mix                         |         24 |          5 | 16 - 2 kg boxes      |    7.0000 |           38 |            0 |           25 |            0 |
|        53 | Perth Pasties                    |         24 |          6 | 48 pieces            |   32.8000 |            0 |            0 |            0 |            1 |
|        54 | Tourtire                         |         25 |          6 | 16 pies              |    7.4500 |           21 |            0 |           10 |            0 |
|        55 | Pt chinois                       |         25 |          6 | 24 boxes x 2 pies    |   24.0000 |          115 |            0 |           20 |            0 |
|        56 | Gnocchi di nonna Alice           |         26 |          5 | 24 - 250 g pkgs.     |   38.0000 |           21 |           10 |           30 |            0 |
|        57 | Ravioli Angelo                   |         26 |          5 | 24 - 250 g pkgs.     |   19.5000 |           36 |            0 |           20 |            0 |
|        58 | Escargots de Bourgogne           |         27 |          8 | 24 pieces            |   13.2500 |           62 |            0 |           20 |            0 |
|        59 | Raclette Courdavault             |         28 |          4 | 5 kg pkg.            |   55.0000 |           79 |            0 |            0 |            0 |
|        60 | Camembert Pierrot                |         28 |          4 | 15 - 300 g rounds    |   34.0000 |           19 |            0 |            0 |            0 |
|        61 | Sirop d'rable                    |         29 |          2 | 24 - 500 ml bottles  |   28.5000 |          113 |            0 |           25 |            0 |
|        62 | Tarte au sucre                   |         29 |          3 | 48 pies              |   49.3000 |           17 |            0 |            0 |            0 |
|        63 | Vegie-spread                     |          7 |          2 | 15 - 625 g jars      |   43.9000 |           24 |            0 |            5 |            0 |
|        64 | Wimmers gute Semmelkndel         |         12 |          5 | 20 bags x 4 pieces   |   33.2500 |           22 |           80 |           30 |            0 |
|        65 | Louisiana Fiery Hot Pepper Sauce |          2 |          2 | 32 - 8 oz bottles    |   21.0500 |           76 |            0 |            0 |            0 |
|        66 | Louisiana Hot Spiced Okra        |          2 |          2 | 24 - 8 oz jars       |   17.0000 |            4 |          100 |           20 |            0 |
|        67 | Laughing Lumberjack Lager        |         16 |          1 | 24 - 12 oz bottles   |   14.0000 |           52 |            0 |           10 |            0 |
|        68 | Scottish Longbreads              |          8 |          3 | 10 boxes x 8 pieces  |   12.5000 |            6 |           10 |           15 |            0 |
|        69 | Gudbrandsdalsost                 |         15 |          4 | 10 kg pkg.           |   36.0000 |           26 |            0 |           15 |            0 |
|        70 | Outback Lager                    |          7 |          1 | 24 - 355 ml bottles  |   15.0000 |           15 |           10 |           30 |            0 |
|        71 | Flotemysost                      |         15 |          4 | 10 - 500 g pkgs.     |   21.5000 |           26 |            0 |            0 |            0 |
|        72 | Mozzarella di Giovanni           |         14 |          4 | 24 - 200 g pkgs.     |   34.8000 |           14 |            0 |            0 |            0 |
|        73 | Rd Kaviar                        |         17 |          8 | 24 - 150 g jars      |   15.0000 |          101 |            0 |            5 |            0 |
|        74 | Longlife Tofu                    |          4 |          7 | 5 kg pkg.            |   10.0000 |            4 |           20 |            5 |            0 |
|        75 | Rhnbru Klosterbier               |         12 |          1 | 24 - 0.5 l bottles   |    7.7500 |          125 |            0 |           25 |            0 |
|        76 | Lakkalikri                       |         23 |          1 | 500 ml               |   18.0000 |           57 |            0 |           20 |            0 |
|        77 | Original Frankfurter grne Soe    |         12 |          2 | 12 boxes             |   13.0000 |           32 |            0 |           15 |            0 |
+-----------+----------------------------------+------------+------------+----------------------+-----------+--------------+--------------+--------------+--------------+
77 rows in set (0.00 sec)

mysql> select * from customers;
+------+---------+----------+--------+------+
| CNUM | CNAME   | CITY     | RATING | SNUM |
+------+---------+----------+--------+------+
| 1001 | Saleel  | Baroda   |    250 | 1007 |
| 1037 | Nitish  | Pune     |    250 | 1007 |
| 2001 | Santosh | London   |    100 | 1001 |
| 2002 | Joe     | Rome     |    200 | 1003 |
| 2003 | Raj     | San Jose |    200 | 1002 |
| 2004 | Grass   | Berlin   |    300 | 1002 |
| 2006 | Raja    | London   |    100 | 1001 |
| 2007 | Jackson | Rome     |    100 | 1004 |
| 2008 | William | San Jose |    300 | 1007 |
| 2009 | Smith   | Berlin   |    300 | 1007 |
| 2010 | ADAMS   | Berlin   |    250 | 1007 |
+------+---------+----------+--------+------+
11 rows in set (0.00 sec)

