Microsoft Windows [Version 10.0.19045.6456]
(c) Microsoft Corporation. All rights reserved.

C:\Users\IET>mysql --host=192.168.10.117 --port=3306 --user=dac83 --password=welcome
mysql: [Warning] Using a password on the command line interface can be insecure.
Welcome to the MySQL monitor.  Commands end with ; or \g.
Your MySQL connection id is 328
Server version: 8.0.44 MySQL Community Server - GPL

Copyright (c) 2000, 2025, Oracle and/or its affiliates.

Oracle is a registered trademark of Oracle Corporation and/or its
affiliates. Other names may be trademarks of their respective
owners.

Type 'help;' or '\h' for help. Type '\c' to clear the current input statement.

mysql> /c
    -> /c;
ERROR 1064 (42000): You have an error in your SQL syntax; check the manual that corresponds to your MySQL server version for the right syntax to use near '/c
/c' at line 1
mysql> \c;
ERROR:
No query specified

mysql> \c
mysql> show database;
ERROR 1064 (42000): You have an error in your SQL syntax; check the manual that corresponds to your MySQL server version for the right syntax to use near 'database' at line 1
mysql> show databases;
+--------------------+
| Database           |
+--------------------+
| dac83              |
| information_schema |
| performance_schema |
+--------------------+
3 rows in set (0.00 sec)

mysql> use dac83;
Database changed
mysql> \c
mysql> '\c'
    -> ;
ERROR 1064 (42000): You have an error in your SQL syntax; check the manual that corresponds to your MySQL server version for the right syntax to use near ''\c'' at line 1
mysql> select cityname from city;
+----------+
| cityname |
+----------+
| Baroda   |
| Surat    |
| Bharuch  |
| Rajkot   |
| Jamnagar |
+----------+
5 rows in set (0.01 sec)

mysql> select ename ,lag(ename) over(order by empno) R1 from emp;
+----------+----------+
| ename    | R1       |
+----------+----------+
| GITA     | NULL     |
| VRUSHALI | GITA     |
| SHARMIN  | VRUSHALI |
| BANDISH  | SHARMIN  |
| SMITH    | BANDISH  |
| AARAV    | SMITH    |
| THOMAS   | AARAV    |
| ALLEN    | THOMAS   |
| WARD     | ALLEN    |
| JONES    | WARD     |
| MARTIN   | JONES    |
| BLAKE    | MARTIN   |
| CLARK    | BLAKE    |
| SCOTT    | CLARK    |
| KING     | SCOTT    |
| FRED     | KING     |
| TURNER   | FRED     |
| ADAMS    | TURNER   |
| Ruhan    | ADAMS    |
| Neel     | Ruhan    |
| JAMES    | Neel     |
| FORD     | JAMES    |
| HOFFMAN  | FORD     |
| GRASS    | HOFFMAN  |
| MILLER   | GRASS    |
| AARUSH   | MILLER   |
| ALEX     | AARUSH   |
| NATASHA  | ALEX     |
| SANGITA  | NATASHA  |
| SUPRIYA  | SANGITA  |
+----------+----------+
30 rows in set (0.00 sec)

mysql> select ename,lead(ename) over (order by empno) R1 from emp;
+----------+----------+
| ename    | R1       |
+----------+----------+
| GITA     | VRUSHALI |
| VRUSHALI | SHARMIN  |
| SHARMIN  | BANDISH  |
| BANDISH  | SMITH    |
| SMITH    | AARAV    |
| AARAV    | THOMAS   |
| THOMAS   | ALLEN    |
| ALLEN    | WARD     |
| WARD     | JONES    |
| JONES    | MARTIN   |
| MARTIN   | BLAKE    |
| BLAKE    | CLARK    |
| CLARK    | SCOTT    |
| SCOTT    | KING     |
| KING     | FRED     |
| FRED     | TURNER   |
| TURNER   | ADAMS    |
| ADAMS    | Ruhan    |
| Ruhan    | Neel     |
| Neel     | JAMES    |
| JAMES    | FORD     |
| FORD     | HOFFMAN  |
| HOFFMAN  | GRASS    |
| GRASS    | MILLER   |
| MILLER   | AARUSH   |
| AARUSH   | ALEX     |
| ALEX     | NATASHA  |
| NATASHA  | SANGITA  |
| SANGITA  | SUPRIYA  |
| SUPRIYA  | NULL     |
+----------+----------+
30 rows in set (0.00 sec)

mysql> select row_number() over() R1 ,ename from emp;
+----+----------+
| R1 | ename    |
+----+----------+
|  1 | GITA     |
|  2 | VRUSHALI |
|  3 | SHARMIN  |
|  4 | BANDISH  |
|  5 | SMITH    |
|  6 | AARAV    |
|  7 | THOMAS   |
|  8 | ALLEN    |
|  9 | WARD     |
| 10 | JONES    |
| 11 | MARTIN   |
| 12 | BLAKE    |
| 13 | CLARK    |
| 14 | SCOTT    |
| 15 | KING     |
| 16 | FRED     |
| 17 | TURNER   |
| 18 | ADAMS    |
| 19 | Ruhan    |
| 20 | Neel     |
| 21 | JAMES    |
| 22 | FORD     |
| 23 | HOFFMAN  |
| 24 | GRASS    |
| 25 | MILLER   |
| 26 | AARUSH   |
| 27 | ALEX     |
| 28 | NATASHA  |
| 29 | SANGITA  |
| 30 | SUPRIYA  |
+----+----------+
30 rows in set (0.00 sec)

mysql> select row_number() over(partition by job) R1,ename ,job from emp;
+----+----------+---------------------+
| R1 | ename    | job                 |
+----+----------+---------------------+
|  1 | SCOTT    | ANALYST             |
|  2 | FORD     | ANALYST             |
|  3 | SUPRIYA  | ANALYST             |
|  1 | SMITH    | CLERK               |
|  2 | AARAV    | CLERK               |
|  3 | THOMAS   | CLERK               |
|  4 | ADAMS    | CLERK               |
|  5 | JAMES    | CLERK               |
|  6 | MILLER   | CLERK               |
|  7 | NATASHA  | CLERK               |
|  1 | GITA     | Compliance officers |
|  2 | VRUSHALI | Compliance officers |
|  3 | SANGITA  | Compliance officers |
|  1 | JONES    | MANAGER             |
|  2 | BLAKE    | MANAGER             |
|  3 | CLARK    | MANAGER             |
|  4 | HOFFMAN  | MANAGER             |
|  5 | ALEX     | MANAGER             |
|  1 | Ruhan    | Network             |
|  1 | KING     | PRESIDENT           |
|  1 | SHARMIN  | Public Relation     |
|  2 | BANDISH  | Public Relation     |
|  1 | ALLEN    | SALESMAN            |
|  2 | WARD     | SALESMAN            |
|  3 | MARTIN   | SALESMAN            |
|  4 | TURNER   | SALESMAN            |
|  5 | GRASS    | SALESMAN            |
|  6 | AARUSH   | SALESMAN            |
|  1 | FRED     | vice PRESIDENT      |
|  2 | Neel     | vice PRESIDENT      |
+----+----------+---------------------+
30 rows in set (0.00 sec)

mysql> select ename,sal,rank() over(order by sal) R1 from emp;
+----------+------+----+
| ename    | sal  | R1 |
+----------+------+----+
| SMITH    |  800 |  1 |
| JAMES    |  950 |  2 |
| Neel     | 1000 |  3 |
| ADAMS    | 1100 |  4 |
| WARD     | 1250 |  5 |
| MARTIN   | 1250 |  5 |
| ALEX     | 1250 |  5 |
| MILLER   | 1300 |  8 |
| AARUSH   | 1350 |  9 |
| TURNER   | 1500 | 10 |
| ALLEN    | 1600 | 11 |
| GITA     | 1750 | 12 |
| VRUSHALI | 1750 | 12 |
| SHARMIN  | 1750 | 12 |
| BANDISH  | 1750 | 12 |
| THOMAS   | 1750 | 12 |
| NATASHA  | 1750 | 12 |
| SANGITA  | 1750 | 12 |
| SUPRIYA  | 1750 | 12 |
| Ruhan    | 2000 | 20 |
| CLARK    | 2450 | 21 |
| GRASS    | 2575 | 22 |
| BLAKE    | 2850 | 23 |
| JONES    | 2975 | 24 |
| SCOTT    | 3000 | 25 |
| FORD     | 3000 | 25 |
| AARAV    | 3350 | 27 |
| HOFFMAN  | 4150 | 28 |
| KING     | 5000 | 29 |
| FRED     | 5000 | 29 |
+----------+------+----+
30 rows in set (0.00 sec)

mysql> select ename,sal, rank() over(order by sal) R1,dense_rank() over(order by sal) R2 from emp;
+----------+------+----+----+
| ename    | sal  | R1 | R2 |
+----------+------+----+----+
| SMITH    |  800 |  1 |  1 |
| JAMES    |  950 |  2 |  2 |
| Neel     | 1000 |  3 |  3 |
| ADAMS    | 1100 |  4 |  4 |
| WARD     | 1250 |  5 |  5 |
| MARTIN   | 1250 |  5 |  5 |
| ALEX     | 1250 |  5 |  5 |
| MILLER   | 1300 |  8 |  6 |
| AARUSH   | 1350 |  9 |  7 |
| TURNER   | 1500 | 10 |  8 |
| ALLEN    | 1600 | 11 |  9 |
| GITA     | 1750 | 12 | 10 |
| VRUSHALI | 1750 | 12 | 10 |
| SHARMIN  | 1750 | 12 | 10 |
| BANDISH  | 1750 | 12 | 10 |
| THOMAS   | 1750 | 12 | 10 |
| NATASHA  | 1750 | 12 | 10 |
| SANGITA  | 1750 | 12 | 10 |
| SUPRIYA  | 1750 | 12 | 10 |
| Ruhan    | 2000 | 20 | 11 |
| CLARK    | 2450 | 21 | 12 |
| GRASS    | 2575 | 22 | 13 |
| BLAKE    | 2850 | 23 | 14 |
| JONES    | 2975 | 24 | 15 |
| SCOTT    | 3000 | 25 | 16 |
| FORD     | 3000 | 25 | 16 |
| AARAV    | 3350 | 27 | 17 |
| HOFFMAN  | 4150 | 28 | 18 |
| KING     | 5000 | 29 | 19 |
| FRED     | 5000 | 29 | 19 |
+----------+------+----+----+
30 rows in set (0.00 sec)

mysql> select ename,job,sal,dense_rank() over(partition by job order by sal desc) R2 from emp;
+----------+---------------------+------+----+
| ename    | job                 | sal  | R2 |
+----------+---------------------+------+----+
| SCOTT    | ANALYST             | 3000 |  1 |
| FORD     | ANALYST             | 3000 |  1 |
| SUPRIYA  | ANALYST             | 1750 |  2 |
| AARAV    | CLERK               | 3350 |  1 |
| THOMAS   | CLERK               | 1750 |  2 |
| NATASHA  | CLERK               | 1750 |  2 |
| MILLER   | CLERK               | 1300 |  3 |
| ADAMS    | CLERK               | 1100 |  4 |
| JAMES    | CLERK               |  950 |  5 |
| SMITH    | CLERK               |  800 |  6 |
| GITA     | Compliance officers | 1750 |  1 |
| VRUSHALI | Compliance officers | 1750 |  1 |
| SANGITA  | Compliance officers | 1750 |  1 |
| HOFFMAN  | MANAGER             | 4150 |  1 |
| JONES    | MANAGER             | 2975 |  2 |
| BLAKE    | MANAGER             | 2850 |  3 |
| CLARK    | MANAGER             | 2450 |  4 |
| ALEX     | MANAGER             | 1250 |  5 |
| Ruhan    | Network             | 2000 |  1 |
| KING     | PRESIDENT           | 5000 |  1 |
| SHARMIN  | Public Relation     | 1750 |  1 |
| BANDISH  | Public Relation     | 1750 |  1 |
| GRASS    | SALESMAN            | 2575 |  1 |
| ALLEN    | SALESMAN            | 1600 |  2 |
| TURNER   | SALESMAN            | 1500 |  3 |
| AARUSH   | SALESMAN            | 1350 |  4 |
| WARD     | SALESMAN            | 1250 |  5 |
| MARTIN   | SALESMAN            | 1250 |  5 |
| FRED     | vice PRESIDENT      | 5000 |  1 |
| Neel     | vice PRESIDENT      | 1000 |  2 |
+----------+---------------------+------+----+
30 rows in set (0.00 sec)

mysql> select ename,job,sal,dense_rank() over(partition by job order by sal desc) R2 from emp;
+----------+---------------------+------+----+
| ename    | job                 | sal  | R2 |
+----------+---------------------+------+----+
| SCOTT    | ANALYST             | 3000 |  1 |
| FORD     | ANALYST             | 3000 |  1 |
| SUPRIYA  | ANALYST             | 1750 |  2 |
| AARAV    | CLERK               | 3350 |  1 |
| THOMAS   | CLERK               | 1750 |  2 |
| NATASHA  | CLERK               | 1750 |  2 |
| MILLER   | CLERK               | 1300 |  3 |
| ADAMS    | CLERK               | 1100 |  4 |
| JAMES    | CLERK               |  950 |  5 |
| SMITH    | CLERK               |  800 |  6 |
| GITA     | Compliance officers | 1750 |  1 |
| VRUSHALI | Compliance officers | 1750 |  1 |
| SANGITA  | Compliance officers | 1750 |  1 |
| HOFFMAN  | MANAGER             | 4150 |  1 |
| JONES    | MANAGER             | 2975 |  2 |
| BLAKE    | MANAGER             | 2850 |  3 |
| CLARK    | MANAGER             | 2450 |  4 |
| ALEX     | MANAGER             | 1250 |  5 |
| Ruhan    | Network             | 2000 |  1 |
| KING     | PRESIDENT           | 5000 |  1 |
| SHARMIN  | Public Relation     | 1750 |  1 |
| BANDISH  | Public Relation     | 1750 |  1 |
| GRASS    | SALESMAN            | 2575 |  1 |
| ALLEN    | SALESMAN            | 1600 |  2 |
| TURNER   | SALESMAN            | 1500 |  3 |
| AARUSH   | SALESMAN            | 1350 |  4 |
| WARD     | SALESMAN            | 1250 |  5 |
| MARTIN   | SALESMAN            | 1250 |  5 |
| FRED     | vice PRESIDENT      | 5000 |  1 |
| Neel     | vice PRESIDENT      | 1000 |  2 |
+----------+---------------------+------+----+
30 rows in set (0.00 sec)

mysql> select ename from emp where job=`manager`;
ERROR 1054 (42S22): Unknown column 'manager' in 'where clause'
mysql> select ename from emp where job='manager';
+---------+
| ename   |
+---------+
| JONES   |
| BLAKE   |
| CLARK   |
| HOFFMAN |
| ALEX    |
+---------+
5 rows in set (0.00 sec)

mysql> select ename , lag(ename) over() R1 from emp where job='manager';
+---------+---------+
| ename   | R1      |
+---------+---------+
| JONES   | NULL    |
| BLAKE   | JONES   |
| CLARK   | BLAKE   |
| HOFFMAN | CLARK   |
| ALEX    | HOFFMAN |
+---------+---------+
5 rows in set (0.00 sec)

mysql> select ename,lead(ename) over() R1 from emp where job='manager';
+---------+---------+
| ename   | R1      |
+---------+---------+
| JONES   | BLAKE   |
| BLAKE   | CLARK   |
| CLARK   | HOFFMAN |
| HOFFMAN | ALEX    |
| ALEX    | NULL    |
+---------+---------+
5 rows in set (0.00 sec)

mysql> select * from traintimetable;
+----+---------+----------------------------+----------+----------+
| id | trainID | stationname                | distance | timing   |
+----+---------+----------------------------+----------+----------+
|  1 |   22863 | mumbai central             |        0 | 08:30:00 |
|  2 |   22863 | surat                      |      262 | 12:40:13 |
|  3 |   22863 | baroda                     |      129 | 14:42:00 |
|  4 |   22863 | ahmednagar JN              |      100 | 17:10:00 |
|  5 |   22863 | surendranagar              |      130 | 20:00:00 |
|  6 |   22863 | rajkot JN                  |      116 | 23:40:00 |
|  7 |   22863 | hapa                       |       75 | 00:05:00 |
|  8 |   22868 | pune JN                    |        0 | 17:20:00 |
|  9 |   22868 | uruli                      |       30 | 17:47:13 |
| 10 |   22868 | daund chord line           |     87.1 | 18:27:00 |
| 11 |   22868 | ahmednagar                 |       71 | 20:10:00 |
| 12 |   22868 | belapur                    |       61 | 21:15:00 |
| 13 |   22868 | kopargaon                  |       44 | 21:57:00 |
| 14 |   22868 | manmad JN                  |    41.84 | 23:25:13 |
| 15 |   22868 | daund chord line           |      249 | 18:27:00 |
| 16 |   22868 | bhopal                     |      728 | 08:55:00 |
| 17 |   12267 | mumbai central             |        0 | 23:00:00 |
| 18 |   12267 | ahmedabad JN               |      534 | 05:00:00 |
| 19 |   12267 | surendranagar              |      131 | 07:20:00 |
| 20 |   12267 | rajkot JN                  |      106 | 09:15:00 |
| 21 |   12267 | hapa                       |      191 | 12:45:00 |
| 22 |   12307 | HOWRAH JN                  |     2271 | 23:25:00 |
| 23 |   12307 | BARDDHAMAN JN              |     99.6 | 00:31:00 |
| 24 |   12307 | ASANSOL JN                 |      107 | 02:09:00 |
| 25 |   12307 | DHANBAD JN                 |       65 | 03:25:00 |
| 26 |   12307 | PARASNATH                  |       49 | 04:02:00 |
| 27 |   12307 | KODERMA                    |      115 | 04:54:00 |
| 28 |   12307 | GAYA JN                    |       76 | 06:30:00 |
| 29 |   12307 | ANUGRAHA NARAYAN ROAD      |      115 | 07:20:00 |
| 30 |   12307 | DEHRI ON SONE              |       17 | 07:40:00 |
| 31 |   12307 | SASARAM                    |       55 | 07:58:00 |
| 32 |   12307 | BHABUA ROAD                |       31 | 08:38:00 |
| 33 |   12307 | PT DEEN DAYAL UPADHYAYA JN |       90 | 09:55:00 |
| 34 |   12307 | MIRZAPUR                   |    155.5 | 10:55:00 |
| 35 |   12307 | PRAYAGRAJ JN               |       99 | 12:20:00 |
| 36 |   12307 | FATEHPUR                   |      155 | 13:32:00 |
| 37 |   12307 | KANPUR CENTRAL             |       75 | 14:55:00 |
| 38 |   12307 | ETAWAH                     |       47 | 16:27:00 |
| 39 |   12307 | TUNDLA JN                  |       54 | 18:35:00 |
| 40 |   12307 | AGRA FORT                  |       21 | 19:30:00 |
| 41 |   12307 | ACHHNERA JN                |      227 | 20:14:00 |
| 42 |   12307 | BHARATPUR JN               |      746 | 20:44:00 |
| 43 |   12307 | GAYA JN                    |       90 | 06:30:00 |
| 44 |   12307 | JAIPUR                     |       33 | 00:05:00 |
| 45 |   12307 | NAWA CITY                  |       14 | 01:38:00 |
| 46 |   12307 | KUCHAMAN CITY              |       44 | 01:55:00 |
| 47 |   12307 | MAKRANA JN                 |       59 | 02:03:00 |
| 48 |   12307 | DEGANA JN                  |      104 | 02:37:00 |
| 49 |   12307 | MERTA ROAD JN              |        0 | 03:15:00 |
| 50 |   12307 | JODHPUR JN                 |       89 | 04:20:00 |
| 51 |   12308 | JAIPUR                     |       21 | 00:05:00 |
| 52 |   12308 | NAWA CITY                  |       14 | 01:38:00 |
| 53 |   12308 | KUCHAMAN CITY              |       44 | 01:55:00 |
| 54 |   12308 | MAKRANA JN                 |       46 | 02:03:00 |
| 55 |   12308 | DEGANA JN                  |      103 | 02:37:00 |
| 56 |   12308 | MERTA ROAD JN              |     NULL | 03:15:00 |
| 57 |   12308 | JODHPUR JN                 |     NULL | 04:20:00 |
+----+---------+----------------------------+----------+----------+
57 rows in set (0.05 sec)

mysql>  select id, trainID, stationname 'Current Station', lead(stationname) over(partition by trainID order by id) 'Next Station' from traintimetable;
+----+---------+----------------------------+----------------------------+
| id | trainID | Current Station            | Next Station               |
+----+---------+----------------------------+----------------------------+
| 17 |   12267 | mumbai central             | ahmedabad JN               |
| 18 |   12267 | ahmedabad JN               | surendranagar              |
| 19 |   12267 | surendranagar              | rajkot JN                  |
| 20 |   12267 | rajkot JN                  | hapa                       |
| 21 |   12267 | hapa                       | NULL                       |
| 22 |   12307 | HOWRAH JN                  | BARDDHAMAN JN              |
| 23 |   12307 | BARDDHAMAN JN              | ASANSOL JN                 |
| 24 |   12307 | ASANSOL JN                 | DHANBAD JN                 |
| 25 |   12307 | DHANBAD JN                 | PARASNATH                  |
| 26 |   12307 | PARASNATH                  | KODERMA                    |
| 27 |   12307 | KODERMA                    | GAYA JN                    |
| 28 |   12307 | GAYA JN                    | ANUGRAHA NARAYAN ROAD      |
| 29 |   12307 | ANUGRAHA NARAYAN ROAD      | DEHRI ON SONE              |
| 30 |   12307 | DEHRI ON SONE              | SASARAM                    |
| 31 |   12307 | SASARAM                    | BHABUA ROAD                |
| 32 |   12307 | BHABUA ROAD                | PT DEEN DAYAL UPADHYAYA JN |
| 33 |   12307 | PT DEEN DAYAL UPADHYAYA JN | MIRZAPUR                   |
| 34 |   12307 | MIRZAPUR                   | PRAYAGRAJ JN               |
| 35 |   12307 | PRAYAGRAJ JN               | FATEHPUR                   |
| 36 |   12307 | FATEHPUR                   | KANPUR CENTRAL             |
| 37 |   12307 | KANPUR CENTRAL             | ETAWAH                     |
| 38 |   12307 | ETAWAH                     | TUNDLA JN                  |
| 39 |   12307 | TUNDLA JN                  | AGRA FORT                  |
| 40 |   12307 | AGRA FORT                  | ACHHNERA JN                |
| 41 |   12307 | ACHHNERA JN                | BHARATPUR JN               |
| 42 |   12307 | BHARATPUR JN               | GAYA JN                    |
| 43 |   12307 | GAYA JN                    | JAIPUR                     |
| 44 |   12307 | JAIPUR                     | NAWA CITY                  |
| 45 |   12307 | NAWA CITY                  | KUCHAMAN CITY              |
| 46 |   12307 | KUCHAMAN CITY              | MAKRANA JN                 |
| 47 |   12307 | MAKRANA JN                 | DEGANA JN                  |
| 48 |   12307 | DEGANA JN                  | MERTA ROAD JN              |
| 49 |   12307 | MERTA ROAD JN              | JODHPUR JN                 |
| 50 |   12307 | JODHPUR JN                 | NULL                       |
| 51 |   12308 | JAIPUR                     | NAWA CITY                  |
| 52 |   12308 | NAWA CITY                  | KUCHAMAN CITY              |
| 53 |   12308 | KUCHAMAN CITY              | MAKRANA JN                 |
| 54 |   12308 | MAKRANA JN                 | DEGANA JN                  |
| 55 |   12308 | DEGANA JN                  | MERTA ROAD JN              |
| 56 |   12308 | MERTA ROAD JN              | JODHPUR JN                 |
| 57 |   12308 | JODHPUR JN                 | NULL                       |
|  1 |   22863 | mumbai central             | surat                      |
|  2 |   22863 | surat                      | baroda                     |
|  3 |   22863 | baroda                     | ahmednagar JN              |
|  4 |   22863 | ahmednagar JN              | surendranagar              |
|  5 |   22863 | surendranagar              | rajkot JN                  |
|  6 |   22863 | rajkot JN                  | hapa                       |
|  7 |   22863 | hapa                       | NULL                       |
|  8 |   22868 | pune JN                    | uruli                      |
|  9 |   22868 | uruli                      | daund chord line           |
| 10 |   22868 | daund chord line           | ahmednagar                 |
| 11 |   22868 | ahmednagar                 | belapur                    |
| 12 |   22868 | belapur                    | kopargaon                  |
| 13 |   22868 | kopargaon                  | manmad JN                  |
| 14 |   22868 | manmad JN                  | daund chord line           |
| 15 |   22868 | daund chord line           | bhopal                     |
| 16 |   22868 | bhopal                     | NULL                       |
+----+---------+----------------------------+----------------------------+
57 rows in set (0.00 sec)

mysql> select id, trainID, stationname 'Current Station', lead(stationname, 2) over(partition by trainID order by id) 'Next Station' from traintimetable;
+----+---------+----------------------------+----------------------------+
| id | trainID | Current Station            | Next Station               |
+----+---------+----------------------------+----------------------------+
| 17 |   12267 | mumbai central             | surendranagar              |
| 18 |   12267 | ahmedabad JN               | rajkot JN                  |
| 19 |   12267 | surendranagar              | hapa                       |
| 20 |   12267 | rajkot JN                  | NULL                       |
| 21 |   12267 | hapa                       | NULL                       |
| 22 |   12307 | HOWRAH JN                  | ASANSOL JN                 |
| 23 |   12307 | BARDDHAMAN JN              | DHANBAD JN                 |
| 24 |   12307 | ASANSOL JN                 | PARASNATH                  |
| 25 |   12307 | DHANBAD JN                 | KODERMA                    |
| 26 |   12307 | PARASNATH                  | GAYA JN                    |
| 27 |   12307 | KODERMA                    | ANUGRAHA NARAYAN ROAD      |
| 28 |   12307 | GAYA JN                    | DEHRI ON SONE              |
| 29 |   12307 | ANUGRAHA NARAYAN ROAD      | SASARAM                    |
| 30 |   12307 | DEHRI ON SONE              | BHABUA ROAD                |
| 31 |   12307 | SASARAM                    | PT DEEN DAYAL UPADHYAYA JN |
| 32 |   12307 | BHABUA ROAD                | MIRZAPUR                   |
| 33 |   12307 | PT DEEN DAYAL UPADHYAYA JN | PRAYAGRAJ JN               |
| 34 |   12307 | MIRZAPUR                   | FATEHPUR                   |
| 35 |   12307 | PRAYAGRAJ JN               | KANPUR CENTRAL             |
| 36 |   12307 | FATEHPUR                   | ETAWAH                     |
| 37 |   12307 | KANPUR CENTRAL             | TUNDLA JN                  |
| 38 |   12307 | ETAWAH                     | AGRA FORT                  |
| 39 |   12307 | TUNDLA JN                  | ACHHNERA JN                |
| 40 |   12307 | AGRA FORT                  | BHARATPUR JN               |
| 41 |   12307 | ACHHNERA JN                | GAYA JN                    |
| 42 |   12307 | BHARATPUR JN               | JAIPUR                     |
| 43 |   12307 | GAYA JN                    | NAWA CITY                  |
| 44 |   12307 | JAIPUR                     | KUCHAMAN CITY              |
| 45 |   12307 | NAWA CITY                  | MAKRANA JN                 |
| 46 |   12307 | KUCHAMAN CITY              | DEGANA JN                  |
| 47 |   12307 | MAKRANA JN                 | MERTA ROAD JN              |
| 48 |   12307 | DEGANA JN                  | JODHPUR JN                 |
| 49 |   12307 | MERTA ROAD JN              | NULL                       |
| 50 |   12307 | JODHPUR JN                 | NULL                       |
| 51 |   12308 | JAIPUR                     | KUCHAMAN CITY              |
| 52 |   12308 | NAWA CITY                  | MAKRANA JN                 |
| 53 |   12308 | KUCHAMAN CITY              | DEGANA JN                  |
| 54 |   12308 | MAKRANA JN                 | MERTA ROAD JN              |
| 55 |   12308 | DEGANA JN                  | JODHPUR JN                 |
| 56 |   12308 | MERTA ROAD JN              | NULL                       |
| 57 |   12308 | JODHPUR JN                 | NULL                       |
|  1 |   22863 | mumbai central             | baroda                     |
|  2 |   22863 | surat                      | ahmednagar JN              |
|  3 |   22863 | baroda                     | surendranagar              |
|  4 |   22863 | ahmednagar JN              | rajkot JN                  |
|  5 |   22863 | surendranagar              | hapa                       |
|  6 |   22863 | rajkot JN                  | NULL                       |
|  7 |   22863 | hapa                       | NULL                       |
|  8 |   22868 | pune JN                    | daund chord line           |
|  9 |   22868 | uruli                      | ahmednagar                 |
| 10 |   22868 | daund chord line           | belapur                    |
| 11 |   22868 | ahmednagar                 | kopargaon                  |
| 12 |   22868 | belapur                    | manmad JN                  |
| 13 |   22868 | kopargaon                  | daund chord line           |
| 14 |   22868 | manmad JN                  | bhopal                     |
| 15 |   22868 | daund chord line           | NULL                       |
| 16 |   22868 | bhopal                     | NULL                       |
+----+---------+----------------------------+----------------------------+
57 rows in set (0.00 sec)

mysql> select id, trainID, stationname 'Current Station', lead(stationname, 1) over(partition by trainID order by id) 'Next Station' from traintimetable;
+----+---------+----------------------------+----------------------------+
| id | trainID | Current Station            | Next Station               |
+----+---------+----------------------------+----------------------------+
| 17 |   12267 | mumbai central             | ahmedabad JN               |
| 18 |   12267 | ahmedabad JN               | surendranagar              |
| 19 |   12267 | surendranagar              | rajkot JN                  |
| 20 |   12267 | rajkot JN                  | hapa                       |
| 21 |   12267 | hapa                       | NULL                       |
| 22 |   12307 | HOWRAH JN                  | BARDDHAMAN JN              |
| 23 |   12307 | BARDDHAMAN JN              | ASANSOL JN                 |
| 24 |   12307 | ASANSOL JN                 | DHANBAD JN                 |
| 25 |   12307 | DHANBAD JN                 | PARASNATH                  |
| 26 |   12307 | PARASNATH                  | KODERMA                    |
| 27 |   12307 | KODERMA                    | GAYA JN                    |
| 28 |   12307 | GAYA JN                    | ANUGRAHA NARAYAN ROAD      |
| 29 |   12307 | ANUGRAHA NARAYAN ROAD      | DEHRI ON SONE              |
| 30 |   12307 | DEHRI ON SONE              | SASARAM                    |
| 31 |   12307 | SASARAM                    | BHABUA ROAD                |
| 32 |   12307 | BHABUA ROAD                | PT DEEN DAYAL UPADHYAYA JN |
| 33 |   12307 | PT DEEN DAYAL UPADHYAYA JN | MIRZAPUR                   |
| 34 |   12307 | MIRZAPUR                   | PRAYAGRAJ JN               |
| 35 |   12307 | PRAYAGRAJ JN               | FATEHPUR                   |
| 36 |   12307 | FATEHPUR                   | KANPUR CENTRAL             |
| 37 |   12307 | KANPUR CENTRAL             | ETAWAH                     |
| 38 |   12307 | ETAWAH                     | TUNDLA JN                  |
| 39 |   12307 | TUNDLA JN                  | AGRA FORT                  |
| 40 |   12307 | AGRA FORT                  | ACHHNERA JN                |
| 41 |   12307 | ACHHNERA JN                | BHARATPUR JN               |
| 42 |   12307 | BHARATPUR JN               | GAYA JN                    |
| 43 |   12307 | GAYA JN                    | JAIPUR                     |
| 44 |   12307 | JAIPUR                     | NAWA CITY                  |
| 45 |   12307 | NAWA CITY                  | KUCHAMAN CITY              |
| 46 |   12307 | KUCHAMAN CITY              | MAKRANA JN                 |
| 47 |   12307 | MAKRANA JN                 | DEGANA JN                  |
| 48 |   12307 | DEGANA JN                  | MERTA ROAD JN              |
| 49 |   12307 | MERTA ROAD JN              | JODHPUR JN                 |
| 50 |   12307 | JODHPUR JN                 | NULL                       |
| 51 |   12308 | JAIPUR                     | NAWA CITY                  |
| 52 |   12308 | NAWA CITY                  | KUCHAMAN CITY              |
| 53 |   12308 | KUCHAMAN CITY              | MAKRANA JN                 |
| 54 |   12308 | MAKRANA JN                 | DEGANA JN                  |
| 55 |   12308 | DEGANA JN                  | MERTA ROAD JN              |
| 56 |   12308 | MERTA ROAD JN              | JODHPUR JN                 |
| 57 |   12308 | JODHPUR JN                 | NULL                       |
|  1 |   22863 | mumbai central             | surat                      |
|  2 |   22863 | surat                      | baroda                     |
|  3 |   22863 | baroda                     | ahmednagar JN              |
|  4 |   22863 | ahmednagar JN              | surendranagar              |
|  5 |   22863 | surendranagar              | rajkot JN                  |
|  6 |   22863 | rajkot JN                  | hapa                       |
|  7 |   22863 | hapa                       | NULL                       |
|  8 |   22868 | pune JN                    | uruli                      |
|  9 |   22868 | uruli                      | daund chord line           |
| 10 |   22868 | daund chord line           | ahmednagar                 |
| 11 |   22868 | ahmednagar                 | belapur                    |
| 12 |   22868 | belapur                    | kopargaon                  |
| 13 |   22868 | kopargaon                  | manmad JN                  |
| 14 |   22868 | manmad JN                  | daund chord line           |
| 15 |   22868 | daund chord line           | bhopal                     |
| 16 |   22868 | bhopal                     | NULL                       |
+----+---------+----------------------------+----------------------------+
57 rows in set (0.00 sec)

mysql> select id, trainID, stationname 'Current Station', lead(stationname, 1, 'End of ...') over(partition by trainID order by id) 'Next Station' from traintimetable;
+----+---------+----------------------------+----------------------------+
| id | trainID | Current Station            | Next Station               |
+----+---------+----------------------------+----------------------------+
| 17 |   12267 | mumbai central             | ahmedabad JN               |
| 18 |   12267 | ahmedabad JN               | surendranagar              |
| 19 |   12267 | surendranagar              | rajkot JN                  |
| 20 |   12267 | rajkot JN                  | hapa                       |
| 21 |   12267 | hapa                       | End of ...                 |
| 22 |   12307 | HOWRAH JN                  | BARDDHAMAN JN              |
| 23 |   12307 | BARDDHAMAN JN              | ASANSOL JN                 |
| 24 |   12307 | ASANSOL JN                 | DHANBAD JN                 |
| 25 |   12307 | DHANBAD JN                 | PARASNATH                  |
| 26 |   12307 | PARASNATH                  | KODERMA                    |
| 27 |   12307 | KODERMA                    | GAYA JN                    |
| 28 |   12307 | GAYA JN                    | ANUGRAHA NARAYAN ROAD      |
| 29 |   12307 | ANUGRAHA NARAYAN ROAD      | DEHRI ON SONE              |
| 30 |   12307 | DEHRI ON SONE              | SASARAM                    |
| 31 |   12307 | SASARAM                    | BHABUA ROAD                |
| 32 |   12307 | BHABUA ROAD                | PT DEEN DAYAL UPADHYAYA JN |
| 33 |   12307 | PT DEEN DAYAL UPADHYAYA JN | MIRZAPUR                   |
| 34 |   12307 | MIRZAPUR                   | PRAYAGRAJ JN               |
| 35 |   12307 | PRAYAGRAJ JN               | FATEHPUR                   |
| 36 |   12307 | FATEHPUR                   | KANPUR CENTRAL             |
| 37 |   12307 | KANPUR CENTRAL             | ETAWAH                     |
| 38 |   12307 | ETAWAH                     | TUNDLA JN                  |
| 39 |   12307 | TUNDLA JN                  | AGRA FORT                  |
| 40 |   12307 | AGRA FORT                  | ACHHNERA JN                |
| 41 |   12307 | ACHHNERA JN                | BHARATPUR JN               |
| 42 |   12307 | BHARATPUR JN               | GAYA JN                    |
| 43 |   12307 | GAYA JN                    | JAIPUR                     |
| 44 |   12307 | JAIPUR                     | NAWA CITY                  |
| 45 |   12307 | NAWA CITY                  | KUCHAMAN CITY              |
| 46 |   12307 | KUCHAMAN CITY              | MAKRANA JN                 |
| 47 |   12307 | MAKRANA JN                 | DEGANA JN                  |
| 48 |   12307 | DEGANA JN                  | MERTA ROAD JN              |
| 49 |   12307 | MERTA ROAD JN              | JODHPUR JN                 |
| 50 |   12307 | JODHPUR JN                 | End of ...                 |
| 51 |   12308 | JAIPUR                     | NAWA CITY                  |
| 52 |   12308 | NAWA CITY                  | KUCHAMAN CITY              |
| 53 |   12308 | KUCHAMAN CITY              | MAKRANA JN                 |
| 54 |   12308 | MAKRANA JN                 | DEGANA JN                  |
| 55 |   12308 | DEGANA JN                  | MERTA ROAD JN              |
| 56 |   12308 | MERTA ROAD JN              | JODHPUR JN                 |
| 57 |   12308 | JODHPUR JN                 | End of ...                 |
|  1 |   22863 | mumbai central             | surat                      |
|  2 |   22863 | surat                      | baroda                     |
|  3 |   22863 | baroda                     | ahmednagar JN              |
|  4 |   22863 | ahmednagar JN              | surendranagar              |
|  5 |   22863 | surendranagar              | rajkot JN                  |
|  6 |   22863 | rajkot JN                  | hapa                       |
|  7 |   22863 | hapa                       | End of ...                 |
|  8 |   22868 | pune JN                    | uruli                      |
|  9 |   22868 | uruli                      | daund chord line           |
| 10 |   22868 | daund chord line           | ahmednagar                 |
| 11 |   22868 | ahmednagar                 | belapur                    |
| 12 |   22868 | belapur                    | kopargaon                  |
| 13 |   22868 | kopargaon                  | manmad JN                  |
| 14 |   22868 | manmad JN                  | daund chord line           |
| 15 |   22868 | daund chord line           | bhopal                     |
| 16 |   22868 | bhopal                     | End of ...                 |
+----+---------+----------------------------+----------------------------+
57 rows in set (0.00 sec)

mysql> select * from pune_metro_stations;
+---------+---------------------------------------------------+----------+------+--------------+---------------------+
| stop_id | stop_name                                         | route_no | city | next_stop_id | distance_to_next_km |
+---------+---------------------------------------------------+----------+------+--------------+---------------------+
|       1 | Chandni Chowk                                     | Line-1   | pune |            2 |                1.43 |
|       2 | Kothrud Bus Depot                                 | Line-1   | pune |            3 |                2.86 |
|       3 | Vanaz                                             | Line-1   | pune |            4 |                1.00 |
|       4 | Anand Nagar                                       | Line-1   | pune |            5 |                1.43 |
|       5 | Ideal Colony                                      | Line-1   | pune |            6 |                1.15 |
|       6 | Nal Stop                                          | Line-1   | pune |            7 |                2.47 |
|       7 | Garware College                                   | Line-1   | pune |            8 |                1.88 |
|       8 | Deccan Gymkhana                                   | Line-1   | pune |            9 |                1.01 |
|       9 | Chhatrapati Sambhaji Udyan                        | Line-1   | pune |           10 |                2.40 |
|      10 | PMC Bhavan                                        | Line-1   | pune |           11 |                1.99 |
|      11 | Civil Court (interchange station with the Line-2) | Line-1   | pune |           12 |                1.73 |
|      12 | Mangalwar Peth                                    | Line-1   | pune |           13 |                1.69 |
|      13 | Pune Railway Station                              | Line-1   | pune |           14 |                2.28 |
|      14 | Ruby Hall Clinic                                  | Line-1   | pune |           15 |                1.30 |
|      15 | Bund Garden                                       | Line-1   | pune |           16 |                2.66 |
|      16 | Yerawada                                          | Line-1   | pune |           17 |                2.41 |
|      17 | Kalyani Nagar                                     | Line-1   | pune |           18 |                1.08 |
|      18 | Ramwadi                                           | Line-1   | pune |         NULL |                1.16 |
|      19 | Bhakti Shakti                                     | Line-2   | pune |           20 |                1.54 |
|      20 | Nigdi                                             | Line-2   | pune |           21 |                1.23 |
|      21 | Akurdi                                            | Line-2   | pune |           22 |                2.55 |
|      22 | Chinchwad                                         | Line-2   | pune |           23 |                2.06 |
|      23 | PCMC Bhavan                                       | Line-2   | pune |           24 |                1.66 |
|      24 | Sant Tukaram Nagar                                | Line-2   | pune |           25 |                1.09 |
|      25 | Nashik Phata                                      | Line-2   | pune |           26 |                1.47 |
|      26 | Kasarwadi                                         | Line-2   | pune |           27 |                1.10 |
|      27 | Phugewadi                                         | Line-2   | pune |           28 |                2.08 |
|      28 | Dapodi                                            | Line-2   | pune |           29 |                2.11 |
|      29 | Bopodi                                            | Line-2   | pune |           30 |                1.29 |
|      30 | Khadki                                            | Line-2   | pune |           31 |                1.13 |
|      31 | Range Hills                                       | Line-2   | pune |           32 |                2.79 |
|      32 | Shivaji Nagar                                     | Line-2   | pune |           33 |                1.55 |
|      33 | Chinchwad                                         | Line-2   | pune |           34 |                2.36 |
|      34 | Kasba Peth                                        | Line-2   | pune |           35 |                2.18 |
|      35 | Mandai                                            | Line-2   | pune |           36 |                2.81 |
|      36 | Swargate                                          | Line-2   | pune |         NULL |                2.52 |
|      37 | Market Yard                                       | Line-2   | pune |           38 |                1.15 |
|      38 | Bibwewadi                                         | Line-2   | pune |           39 |                1.18 |
|      39 | Padmavati                                         | Line-2   | pune |           40 |                1.47 |
|      40 | Balaji Nagar                                      | Line-2   | pune |           41 |                2.82 |
|      41 | Katraj                                            | Line-2   | pune |           42 |                2.67 |
|      42 | Civil Court                                       | Line-3   | pune |           43 |                1.89 |
|      43 | Shivaji Nagar                                     | Line-3   | pune |           44 |                2.45 |
|      44 | Agriculture College                               | Line-3   | pune |           45 |                1.56 |
|      45 | R.B.I.                                            | Line-3   | pune |           46 |                1.48 |
|      46 | University                                        | Line-3   | pune |           47 |                1.69 |
|      47 | Sakal Nagar                                       | Line-3   | pune |           48 |                1.01 |
|      48 | Krushi Anusadhan                                  | Line-3   | pune |           49 |                2.97 |
|      49 | Baner                                             | Line-3   | pune |           50 |                2.84 |
|      50 | Baner Gaon                                        | Line-3   | pune |           51 |                2.28 |
|      51 | Balewadi Phata                                    | Line-3   | pune |           52 |                1.89 |
|      52 | Laxmi Nagar                                       | Line-3   | pune |           53 |                1.59 |
|      53 | Ram Nagar (Nashik Phata)                          | Line-3   | pune |           54 |                1.28 |
|      54 | NICMAR                                            | Line-3   | pune |           55 |                2.64 |
|      55 | Balewadi Stadium                                  | Line-3   | pune |           56 |                2.35 |
|      56 | Wakad Chowk                                       | Line-3   | pune |           57 |                2.84 |
|      57 | Hinjewadi                                         | Line-3   | pune |           58 |                2.13 |
|      58 | Shivaji Chowk                                     | Line-3   | pune |           59 |                1.15 |
|      59 | Pall India                                        | Line-3   | pune |           60 |                2.35 |
|      60 | Wipro Phase II                                    | Line-3   | pune |           61 |                1.30 |
|      61 | Infosys Phase II                                  | Line-3   | pune |           62 |                2.45 |
|      62 | Dohler                                            | Line-3   | pune |           63 |                1.35 |
|      63 | Embassy Quadron Business Park                     | Line-3   | pune |           64 |                2.38 |
|      64 | Megapolis Circle                                  | Line-3   | pune |         NULL |                2.87 |
+---------+---------------------------------------------------+----------+------+--------------+---------------------+
64 rows in set (0.03 sec)

mysql> select stop_id, stop_name 'Current station', lead(stop_name) over(partition by route_no order by stop_id) 'next station' from pune_metro_stations;
+---------+---------------------------------------------------+---------------------------------------------------+
| stop_id | Current station                                   | next station                                      |
+---------+---------------------------------------------------+---------------------------------------------------+
|       1 | Chandni Chowk                                     | Kothrud Bus Depot                                 |
|       2 | Kothrud Bus Depot                                 | Vanaz                                             |
|       3 | Vanaz                                             | Anand Nagar                                       |
|       4 | Anand Nagar                                       | Ideal Colony                                      |
|       5 | Ideal Colony                                      | Nal Stop                                          |
|       6 | Nal Stop                                          | Garware College                                   |
|       7 | Garware College                                   | Deccan Gymkhana                                   |
|       8 | Deccan Gymkhana                                   | Chhatrapati Sambhaji Udyan                        |
|       9 | Chhatrapati Sambhaji Udyan                        | PMC Bhavan                                        |
|      10 | PMC Bhavan                                        | Civil Court (interchange station with the Line-2) |
|      11 | Civil Court (interchange station with the Line-2) | Mangalwar Peth                                    |
|      12 | Mangalwar Peth                                    | Pune Railway Station                              |
|      13 | Pune Railway Station                              | Ruby Hall Clinic                                  |
|      14 | Ruby Hall Clinic                                  | Bund Garden                                       |
|      15 | Bund Garden                                       | Yerawada                                          |
|      16 | Yerawada                                          | Kalyani Nagar                                     |
|      17 | Kalyani Nagar                                     | Ramwadi                                           |
|      18 | Ramwadi                                           | NULL                                              |
|      19 | Bhakti Shakti                                     | Nigdi                                             |
|      20 | Nigdi                                             | Akurdi                                            |
|      21 | Akurdi                                            | Chinchwad                                         |
|      22 | Chinchwad                                         | PCMC Bhavan                                       |
|      23 | PCMC Bhavan                                       | Sant Tukaram Nagar                                |
|      24 | Sant Tukaram Nagar                                | Nashik Phata                                      |
|      25 | Nashik Phata                                      | Kasarwadi                                         |
|      26 | Kasarwadi                                         | Phugewadi                                         |
|      27 | Phugewadi                                         | Dapodi                                            |
|      28 | Dapodi                                            | Bopodi                                            |
|      29 | Bopodi                                            | Khadki                                            |
|      30 | Khadki                                            | Range Hills                                       |
|      31 | Range Hills                                       | Shivaji Nagar                                     |
|      32 | Shivaji Nagar                                     | Chinchwad                                         |
|      33 | Chinchwad                                         | Kasba Peth                                        |
|      34 | Kasba Peth                                        | Mandai                                            |
|      35 | Mandai                                            | Swargate                                          |
|      36 | Swargate                                          | Market Yard                                       |
|      37 | Market Yard                                       | Bibwewadi                                         |
|      38 | Bibwewadi                                         | Padmavati                                         |
|      39 | Padmavati                                         | Balaji Nagar                                      |
|      40 | Balaji Nagar                                      | Katraj                                            |
|      41 | Katraj                                            | NULL                                              |
|      42 | Civil Court                                       | Shivaji Nagar                                     |
|      43 | Shivaji Nagar                                     | Agriculture College                               |
|      44 | Agriculture College                               | R.B.I.                                            |
|      45 | R.B.I.                                            | University                                        |
|      46 | University                                        | Sakal Nagar                                       |
|      47 | Sakal Nagar                                       | Krushi Anusadhan                                  |
|      48 | Krushi Anusadhan                                  | Baner                                             |
|      49 | Baner                                             | Baner Gaon                                        |
|      50 | Baner Gaon                                        | Balewadi Phata                                    |
|      51 | Balewadi Phata                                    | Laxmi Nagar                                       |
|      52 | Laxmi Nagar                                       | Ram Nagar (Nashik Phata)                          |
|      53 | Ram Nagar (Nashik Phata)                          | NICMAR                                            |
|      54 | NICMAR                                            | Balewadi Stadium                                  |
|      55 | Balewadi Stadium                                  | Wakad Chowk                                       |
|      56 | Wakad Chowk                                       | Hinjewadi                                         |
|      57 | Hinjewadi                                         | Shivaji Chowk                                     |
|      58 | Shivaji Chowk                                     | Pall India                                        |
|      59 | Pall India                                        | Wipro Phase II                                    |
|      60 | Wipro Phase II                                    | Infosys Phase II                                  |
|      61 | Infosys Phase II                                  | Dohler                                            |
|      62 | Dohler                                            | Embassy Quadron Business Park                     |
|      63 | Embassy Quadron Business Park                     | Megapolis Circle                                  |
|      64 | Megapolis Circle                                  | NULL                                              |
+---------+---------------------------------------------------+---------------------------------------------------+
64 rows in set (0.00 sec)

mysql> select stop_id, stop_name 'Current station', lead(stop_name) over(partition by route_no order by stop_id) 'next station' from pune_metro_stations;
+---------+---------------------------------------------------+---------------------------------------------------+
| stop_id | Current station                                   | next station                                      |
+---------+---------------------------------------------------+---------------------------------------------------+
|       1 | Chandni Chowk                                     | Kothrud Bus Depot                                 |
|       2 | Kothrud Bus Depot                                 | Vanaz                                             |
|       3 | Vanaz                                             | Anand Nagar                                       |
|       4 | Anand Nagar                                       | Ideal Colony                                      |
|       5 | Ideal Colony                                      | Nal Stop                                          |
|       6 | Nal Stop                                          | Garware College                                   |
|       7 | Garware College                                   | Deccan Gymkhana                                   |
|       8 | Deccan Gymkhana                                   | Chhatrapati Sambhaji Udyan                        |
|       9 | Chhatrapati Sambhaji Udyan                        | PMC Bhavan                                        |
|      10 | PMC Bhavan                                        | Civil Court (interchange station with the Line-2) |
|      11 | Civil Court (interchange station with the Line-2) | Mangalwar Peth                                    |
|      12 | Mangalwar Peth                                    | Pune Railway Station                              |
|      13 | Pune Railway Station                              | Ruby Hall Clinic                                  |
|      14 | Ruby Hall Clinic                                  | Bund Garden                                       |
|      15 | Bund Garden                                       | Yerawada                                          |
|      16 | Yerawada                                          | Kalyani Nagar                                     |
|      17 | Kalyani Nagar                                     | Ramwadi                                           |
|      18 | Ramwadi                                           | NULL                                              |
|      19 | Bhakti Shakti                                     | Nigdi                                             |
|      20 | Nigdi                                             | Akurdi                                            |
|      21 | Akurdi                                            | Chinchwad                                         |
|      22 | Chinchwad                                         | PCMC Bhavan                                       |
|      23 | PCMC Bhavan                                       | Sant Tukaram Nagar                                |
|      24 | Sant Tukaram Nagar                                | Nashik Phata                                      |
|      25 | Nashik Phata                                      | Kasarwadi                                         |
|      26 | Kasarwadi                                         | Phugewadi                                         |
|      27 | Phugewadi                                         | Dapodi                                            |
|      28 | Dapodi                                            | Bopodi                                            |
|      29 | Bopodi                                            | Khadki                                            |
|      30 | Khadki                                            | Range Hills                                       |
|      31 | Range Hills                                       | Shivaji Nagar                                     |
|      32 | Shivaji Nagar                                     | Chinchwad                                         |
|      33 | Chinchwad                                         | Kasba Peth                                        |
|      34 | Kasba Peth                                        | Mandai                                            |
|      35 | Mandai                                            | Swargate                                          |
|      36 | Swargate                                          | Market Yard                                       |
|      37 | Market Yard                                       | Bibwewadi                                         |
|      38 | Bibwewadi                                         | Padmavati                                         |
|      39 | Padmavati                                         | Balaji Nagar                                      |
|      40 | Balaji Nagar                                      | Katraj                                            |
|      41 | Katraj                                            | NULL                                              |
|      42 | Civil Court                                       | Shivaji Nagar                                     |
|      43 | Shivaji Nagar                                     | Agriculture College                               |
|      44 | Agriculture College                               | R.B.I.                                            |
|      45 | R.B.I.                                            | University                                        |
|      46 | University                                        | Sakal Nagar                                       |
|      47 | Sakal Nagar                                       | Krushi Anusadhan                                  |
|      48 | Krushi Anusadhan                                  | Baner                                             |
|      49 | Baner                                             | Baner Gaon                                        |
|      50 | Baner Gaon                                        | Balewadi Phata                                    |
|      51 | Balewadi Phata                                    | Laxmi Nagar                                       |
|      52 | Laxmi Nagar                                       | Ram Nagar (Nashik Phata)                          |
|      53 | Ram Nagar (Nashik Phata)                          | NICMAR                                            |
|      54 | NICMAR                                            | Balewadi Stadium                                  |
|      55 | Balewadi Stadium                                  | Wakad Chowk                                       |
|      56 | Wakad Chowk                                       | Hinjewadi                                         |
|      57 | Hinjewadi                                         | Shivaji Chowk                                     |
|      58 | Shivaji Chowk                                     | Pall India                                        |
|      59 | Pall India                                        | Wipro Phase II                                    |
|      60 | Wipro Phase II                                    | Infosys Phase II                                  |
|      61 | Infosys Phase II                                  | Dohler                                            |
|      62 | Dohler                                            | Embassy Quadron Business Park                     |
|      63 | Embassy Quadron Business Park                     | Megapolis Circle                                  |
|      64 | Megapolis Circle                                  | NULL                                              |
+---------+---------------------------------------------------+---------------------------------------------------+
64 rows in set (0.00 sec)


Microsoft Windows [Version 10.0.19045.6456]
(c) Microsoft Corporation. All rights reserved.

C:\Users\IET>mysql --host=192.168.10.117 --port=3306 --user=dac83 --password=welcome
mysql: [Warning] Using a password on the command line interface can be insecure.
Welcome to the MySQL monitor.  Commands end with ; or \g.
Your MySQL connection id is 390
Server version: 8.0.44 MySQL Community Server - GPL

Copyright (c) 2000, 2025, Oracle and/or its affiliates.

Oracle is a registered trademark of Oracle Corporation and/or its
affiliates. Other names may be trademarks of their respective
owners.

Type 'help;' or '\h' for help. Type '\c' to clear the current input statement.

mysql> use dac83
Database changed
mysql> show tables;
+---------------------+
| Tables_in_dac83     |
+---------------------+
| a                   |
| activity            |
| agent               |
| airline_seats       |
| andor               |
| atm                 |
| autoinccc           |
| b                   |
| bankloan            |
| batch_schedule      |
| betweensalary       |
| bitwise             |
| blanktablea         |
| blanktableb         |
| blog                |
| bonus               |
| books               |
| brands              |
| bus_stops           |
| c                   |
| cafe                |
| candidate           |
| cardpayments        |
| cashpayments        |
| categories          |
| category            |
| city                |
| classandsubjects    |
| client              |
| cnumbers            |
| coalesce            |
| comments            |
| company             |
| countnulls          |
| countnumbers        |
| cricketwinnerteam   |
| customer            |
| customers           |
| demodept1           |
| demodept2           |
| dept                |
| dept1               |
| dhl                 |
| docs                |
| doctor              |
| doctorvisits        |
| don                 |
| dummy               |
| duplicate           |
| emp                 |
| emp1                |
| emp2                |
| emp33               |
| emp_attendance      |
| emp_cards           |
| emp_phone           |
| empj                |
| envelope            |
| facebook            |
| fedex               |
| food                |
| food_category_tags  |
| food_items          |
| fromstoreorders     |
| fruits              |
| fullname            |
| hall_ticket         |
| hobby               |
| ipl                 |
| item                |
| job_list            |
| key_parts           |
| labtestlist         |
| leading_zeroes      |
| leadtable           |
| licence             |
| linkedin            |
| location            |
| managers            |
| mass_table          |
| medicinelist        |
| menucard            |
| missingnumbers      |
| nearest             |
| new                 |
| newbooks            |
| null1               |
| null2               |
| nullif              |
| numberstring        |
| onlineorders        |
| ord                 |
| order1              |
| order_items         |
| orderdetails        |
| orders              |
| overlapping_dates   |
| overtime            |
| patient             |
| phonecall           |
| pivot_table         |
| plumber             |
| plumber_service_map |
| points              |
| population          |
| price               |
| product             |
| product_sales       |
| products            |
| pune_metro_stations |
| quarterly_revenue   |
| r                   |
| r1                  |
| r2                  |
| races               |
| regexpr             |
| repeatingnumbers    |
| replacedept         |
| reservations        |
| revenue             |
| rockets             |
| room_assigned       |
| room_staff          |
| rooms               |
| runners             |
| runningserver       |
| sales               |
| sales1              |
| sales_channel       |
| salespeople         |
| salesperson         |
| salgrade            |
| server              |
| service             |
| seta                |
| setb                |
| shop                |
| softdrink           |
| sort                |
| sourcecity          |
| sourcenames         |
| stadium             |
| stages              |
| states              |
| station             |
| status              |
| stocks              |
| stringnumber        |
| student             |
| study               |
| swapcity            |
| tablea              |
| tableaa             |
| tableb              |
| tablebb             |
| targetcity          |
| targetnames         |
| tasks               |
| teams               |
| temp1               |
| trainers            |
| trains              |
| traintimetable      |
| transactions        |
| unpivot_table       |
| ups                 |
| vote_response       |
| votes               |
| warehouse           |
| x                   |
| year_of_service     |
| yearly_revenue      |
| years               |
| z                   |
+---------------------+
174 rows in set (0.01 sec)

mysql> select stop_id, route_no, stop_name 'Current station', lead(stop_name) over(partition by route_no order by stop_id) 'next station' from pune_metro_station;
ERROR 1146 (42S02): Table 'dac83.pune_metro_station' doesn't exist
mysql> select stop_id, route_no, stop_name 'Current station', lead(stop_name) over(partition by route_no order by stop_id) 'next station' from pune_metro_stations;
+---------+----------+---------------------------------------------------+---------------------------------------------------+
| stop_id | route_no | Current station                                   | next station                                      |
+---------+----------+---------------------------------------------------+---------------------------------------------------+
|       1 | Line-1   | Chandni Chowk                                     | Kothrud Bus Depot                                 |
|       2 | Line-1   | Kothrud Bus Depot                                 | Vanaz                                             |
|       3 | Line-1   | Vanaz                                             | Anand Nagar                                       |
|       4 | Line-1   | Anand Nagar                                       | Ideal Colony                                      |
|       5 | Line-1   | Ideal Colony                                      | Nal Stop                                          |
|       6 | Line-1   | Nal Stop                                          | Garware College                                   |
|       7 | Line-1   | Garware College                                   | Deccan Gymkhana                                   |
|       8 | Line-1   | Deccan Gymkhana                                   | Chhatrapati Sambhaji Udyan                        |
|       9 | Line-1   | Chhatrapati Sambhaji Udyan                        | PMC Bhavan                                        |
|      10 | Line-1   | PMC Bhavan                                        | Civil Court (interchange station with the Line-2) |
|      11 | Line-1   | Civil Court (interchange station with the Line-2) | Mangalwar Peth                                    |
|      12 | Line-1   | Mangalwar Peth                                    | Pune Railway Station                              |
|      13 | Line-1   | Pune Railway Station                              | Ruby Hall Clinic                                  |
|      14 | Line-1   | Ruby Hall Clinic                                  | Bund Garden                                       |
|      15 | Line-1   | Bund Garden                                       | Yerawada                                          |
|      16 | Line-1   | Yerawada                                          | Kalyani Nagar                                     |
|      17 | Line-1   | Kalyani Nagar                                     | Ramwadi                                           |
|      18 | Line-1   | Ramwadi                                           | NULL                                              |
|      19 | Line-2   | Bhakti Shakti                                     | Nigdi                                             |
|      20 | Line-2   | Nigdi                                             | Akurdi                                            |
|      21 | Line-2   | Akurdi                                            | Chinchwad                                         |
|      22 | Line-2   | Chinchwad                                         | PCMC Bhavan                                       |
|      23 | Line-2   | PCMC Bhavan                                       | Sant Tukaram Nagar                                |
|      24 | Line-2   | Sant Tukaram Nagar                                | Nashik Phata                                      |
|      25 | Line-2   | Nashik Phata                                      | Kasarwadi                                         |
|      26 | Line-2   | Kasarwadi                                         | Phugewadi                                         |
|      27 | Line-2   | Phugewadi                                         | Dapodi                                            |
|      28 | Line-2   | Dapodi                                            | Bopodi                                            |
|      29 | Line-2   | Bopodi                                            | Khadki                                            |
|      30 | Line-2   | Khadki                                            | Range Hills                                       |
|      31 | Line-2   | Range Hills                                       | Shivaji Nagar                                     |
|      32 | Line-2   | Shivaji Nagar                                     | Chinchwad                                         |
|      33 | Line-2   | Chinchwad                                         | Kasba Peth                                        |
|      34 | Line-2   | Kasba Peth                                        | Mandai                                            |
|      35 | Line-2   | Mandai                                            | Swargate                                          |
|      36 | Line-2   | Swargate                                          | Market Yard                                       |
|      37 | Line-2   | Market Yard                                       | Bibwewadi                                         |
|      38 | Line-2   | Bibwewadi                                         | Padmavati                                         |
|      39 | Line-2   | Padmavati                                         | Balaji Nagar                                      |
|      40 | Line-2   | Balaji Nagar                                      | Katraj                                            |
|      41 | Line-2   | Katraj                                            | NULL                                              |
|      42 | Line-3   | Civil Court                                       | Shivaji Nagar                                     |
|      43 | Line-3   | Shivaji Nagar                                     | Agriculture College                               |
|      44 | Line-3   | Agriculture College                               | R.B.I.                                            |
|      45 | Line-3   | R.B.I.                                            | University                                        |
|      46 | Line-3   | University                                        | Sakal Nagar                                       |
|      47 | Line-3   | Sakal Nagar                                       | Krushi Anusadhan                                  |
|      48 | Line-3   | Krushi Anusadhan                                  | Baner                                             |
|      49 | Line-3   | Baner                                             | Baner Gaon                                        |
|      50 | Line-3   | Baner Gaon                                        | Balewadi Phata                                    |
|      51 | Line-3   | Balewadi Phata                                    | Laxmi Nagar                                       |
|      52 | Line-3   | Laxmi Nagar                                       | Ram Nagar (Nashik Phata)                          |
|      53 | Line-3   | Ram Nagar (Nashik Phata)                          | NICMAR                                            |
|      54 | Line-3   | NICMAR                                            | Balewadi Stadium                                  |
|      55 | Line-3   | Balewadi Stadium                                  | Wakad Chowk                                       |
|      56 | Line-3   | Wakad Chowk                                       | Hinjewadi                                         |
|      57 | Line-3   | Hinjewadi                                         | Shivaji Chowk                                     |
|      58 | Line-3   | Shivaji Chowk                                     | Pall India                                        |
|      59 | Line-3   | Pall India                                        | Wipro Phase II                                    |
|      60 | Line-3   | Wipro Phase II                                    | Infosys Phase II                                  |
|      61 | Line-3   | Infosys Phase II                                  | Dohler                                            |
|      62 | Line-3   | Dohler                                            | Embassy Quadron Business Park                     |
|      63 | Line-3   | Embassy Quadron Business Park                     | Megapolis Circle                                  |
|      64 | Line-3   | Megapolis Circle                                  | NULL                                              |
+---------+----------+---------------------------------------------------+---------------------------------------------------+
64 rows in set (0.00 sec)

mysql> select stop_id, route_no, stop_name 'Current station', lead(stop_name, 1 ,'End of....') over(partition by route_no order by stop_id) 'next station' from pune_metro_stations;
+---------+----------+---------------------------------------------------+---------------------------------------------------+
| stop_id | route_no | Current station                                   | next station                                      |
+---------+----------+---------------------------------------------------+---------------------------------------------------+
|       1 | Line-1   | Chandni Chowk                                     | Kothrud Bus Depot                                 |
|       2 | Line-1   | Kothrud Bus Depot                                 | Vanaz                                             |
|       3 | Line-1   | Vanaz                                             | Anand Nagar                                       |
|       4 | Line-1   | Anand Nagar                                       | Ideal Colony                                      |
|       5 | Line-1   | Ideal Colony                                      | Nal Stop                                          |
|       6 | Line-1   | Nal Stop                                          | Garware College                                   |
|       7 | Line-1   | Garware College                                   | Deccan Gymkhana                                   |
|       8 | Line-1   | Deccan Gymkhana                                   | Chhatrapati Sambhaji Udyan                        |
|       9 | Line-1   | Chhatrapati Sambhaji Udyan                        | PMC Bhavan                                        |
|      10 | Line-1   | PMC Bhavan                                        | Civil Court (interchange station with the Line-2) |
|      11 | Line-1   | Civil Court (interchange station with the Line-2) | Mangalwar Peth                                    |
|      12 | Line-1   | Mangalwar Peth                                    | Pune Railway Station                              |
|      13 | Line-1   | Pune Railway Station                              | Ruby Hall Clinic                                  |
|      14 | Line-1   | Ruby Hall Clinic                                  | Bund Garden                                       |
|      15 | Line-1   | Bund Garden                                       | Yerawada                                          |
|      16 | Line-1   | Yerawada                                          | Kalyani Nagar                                     |
|      17 | Line-1   | Kalyani Nagar                                     | Ramwadi                                           |
|      18 | Line-1   | Ramwadi                                           | End of....                                        |
|      19 | Line-2   | Bhakti Shakti                                     | Nigdi                                             |
|      20 | Line-2   | Nigdi                                             | Akurdi                                            |
|      21 | Line-2   | Akurdi                                            | Chinchwad                                         |
|      22 | Line-2   | Chinchwad                                         | PCMC Bhavan                                       |
|      23 | Line-2   | PCMC Bhavan                                       | Sant Tukaram Nagar                                |
|      24 | Line-2   | Sant Tukaram Nagar                                | Nashik Phata                                      |
|      25 | Line-2   | Nashik Phata                                      | Kasarwadi                                         |
|      26 | Line-2   | Kasarwadi                                         | Phugewadi                                         |
|      27 | Line-2   | Phugewadi                                         | Dapodi                                            |
|      28 | Line-2   | Dapodi                                            | Bopodi                                            |
|      29 | Line-2   | Bopodi                                            | Khadki                                            |
|      30 | Line-2   | Khadki                                            | Range Hills                                       |
|      31 | Line-2   | Range Hills                                       | Shivaji Nagar                                     |
|      32 | Line-2   | Shivaji Nagar                                     | Chinchwad                                         |
|      33 | Line-2   | Chinchwad                                         | Kasba Peth                                        |
|      34 | Line-2   | Kasba Peth                                        | Mandai                                            |
|      35 | Line-2   | Mandai                                            | Swargate                                          |
|      36 | Line-2   | Swargate                                          | Market Yard                                       |
|      37 | Line-2   | Market Yard                                       | Bibwewadi                                         |
|      38 | Line-2   | Bibwewadi                                         | Padmavati                                         |
|      39 | Line-2   | Padmavati                                         | Balaji Nagar                                      |
|      40 | Line-2   | Balaji Nagar                                      | Katraj                                            |
|      41 | Line-2   | Katraj                                            | End of....                                        |
|      42 | Line-3   | Civil Court                                       | Shivaji Nagar                                     |
|      43 | Line-3   | Shivaji Nagar                                     | Agriculture College                               |
|      44 | Line-3   | Agriculture College                               | R.B.I.                                            |
|      45 | Line-3   | R.B.I.                                            | University                                        |
|      46 | Line-3   | University                                        | Sakal Nagar                                       |
|      47 | Line-3   | Sakal Nagar                                       | Krushi Anusadhan                                  |
|      48 | Line-3   | Krushi Anusadhan                                  | Baner                                             |
|      49 | Line-3   | Baner                                             | Baner Gaon                                        |
|      50 | Line-3   | Baner Gaon                                        | Balewadi Phata                                    |
|      51 | Line-3   | Balewadi Phata                                    | Laxmi Nagar                                       |
|      52 | Line-3   | Laxmi Nagar                                       | Ram Nagar (Nashik Phata)                          |
|      53 | Line-3   | Ram Nagar (Nashik Phata)                          | NICMAR                                            |
|      54 | Line-3   | NICMAR                                            | Balewadi Stadium                                  |
|      55 | Line-3   | Balewadi Stadium                                  | Wakad Chowk                                       |
|      56 | Line-3   | Wakad Chowk                                       | Hinjewadi                                         |
|      57 | Line-3   | Hinjewadi                                         | Shivaji Chowk                                     |
|      58 | Line-3   | Shivaji Chowk                                     | Pall India                                        |
|      59 | Line-3   | Pall India                                        | Wipro Phase II                                    |
|      60 | Line-3   | Wipro Phase II                                    | Infosys Phase II                                  |
|      61 | Line-3   | Infosys Phase II                                  | Dohler                                            |
|      62 | Line-3   | Dohler                                            | Embassy Quadron Business Park                     |
|      63 | Line-3   | Embassy Quadron Business Park                     | Megapolis Circle                                  |
|      64 | Line-3   | Megapolis Circle                                  | End of....                                        |
+---------+----------+---------------------------------------------------+---------------------------------------------------+
64 rows in set (0.00 sec)

mysql> selct * from stocks;
ERROR 1064 (42000): You have an error in your SQL syntax; check the manual that corresponds to your MySQL server version for the right syntax to use near 'selct * from stocks' at line 1
mysql> select * from stocks;
+-----+-------------------------+------------+-------+
| day | companyName             | stockPrice | since |
+-----+-------------------------+------------+-------+
|   1 | Reliance Industries Ltd |    1429.70 |  1966 |
|   2 | Reliance Industries Ltd |    1429.70 |  NULL |
|   3 | Reliance Industries Ltd |    1449.12 |  NULL |
|   4 | Reliance Industries Ltd |    1200.98 |  NULL |
|   5 | Reliance Industries Ltd |    1557.97 |  NULL |
|   6 | Reliance Industries Ltd |    1432.27 |  NULL |
|   7 | Reliance Industries Ltd |    2642.43 |  NULL |
|   8 | Only Vimal              |    3494.93 |  1975 |
|   9 | Only Vimal              |    2833.22 |  NULL |
|  10 | Only Vimal              |    1904.43 |  NULL |
|  11 | Only Vimal              |    4303.98 |  NULL |
|  12 | Only Vimal              |    2357.97 |  NULL |
|  13 | Only Vimal              |    1432.34 |  NULL |
|  14 | Only Vimal              |    5400.43 |  NULL |
|  15 | Only Vimal              |    1402.77 |  NULL |
|  16 | Only Vimal              |    1402.78 |  NULL |
|  17 | Raymonds                |    1254.00 |  1925 |
|  18 | Raymonds                |    2833.22 |  NULL |
|  19 | Raymonds                |    1904.43 |  NULL |
|  20 | Raymonds                |    4303.98 |  NULL |
|  21 | Raymonds                |    2357.97 |  NULL |
|  22 | Raymonds                |    3423.34 |  NULL |
|  23 | Raymonds                |    5313.43 |  NULL |
|  24 | Raymonds                |    6543.77 |  NULL |
|  25 | Raymonds                |    1402.78 |  NULL |
+-----+-------------------------+------------+-------+
25 rows in set (0.04 sec)

mysql>
mysql>
mysql> select day, companyname, stockprice, max(stockprice) over(partition by companyname order by day) R1 from stocks;
+-----+-------------------------+------------+---------+
| day | companyname             | stockprice | R1      |
+-----+-------------------------+------------+---------+
|   8 | Only Vimal              |    3494.93 | 3494.93 |
|   9 | Only Vimal              |    2833.22 | 3494.93 |
|  10 | Only Vimal              |    1904.43 | 3494.93 |
|  11 | Only Vimal              |    4303.98 | 4303.98 |
|  12 | Only Vimal              |    2357.97 | 4303.98 |
|  13 | Only Vimal              |    1432.34 | 4303.98 |
|  14 | Only Vimal              |    5400.43 | 5400.43 |
|  15 | Only Vimal              |    1402.77 | 5400.43 |
|  16 | Only Vimal              |    1402.78 | 5400.43 |
|  17 | Raymonds                |    1254.00 | 1254.00 |
|  18 | Raymonds                |    2833.22 | 2833.22 |
|  19 | Raymonds                |    1904.43 | 2833.22 |
|  20 | Raymonds                |    4303.98 | 4303.98 |
|  21 | Raymonds                |    2357.97 | 4303.98 |
|  22 | Raymonds                |    3423.34 | 4303.98 |
|  23 | Raymonds                |    5313.43 | 5313.43 |
|  24 | Raymonds                |    6543.77 | 6543.77 |
|  25 | Raymonds                |    1402.78 | 6543.77 |
|   1 | Reliance Industries Ltd |    1429.70 | 1429.70 |
|   2 | Reliance Industries Ltd |    1429.70 | 1429.70 |
|   3 | Reliance Industries Ltd |    1449.12 | 1449.12 |
|   4 | Reliance Industries Ltd |    1200.98 | 1449.12 |
|   5 | Reliance Industries Ltd |    1557.97 | 1557.97 |
|   6 | Reliance Industries Ltd |    1432.27 | 1557.97 |
|   7 | Reliance Industries Ltd |    2642.43 | 2642.43 |
+-----+-------------------------+------------+---------+
25 rows in set (0.00 sec)

mysql> select job from emp;
+---------------------+
| job                 |
+---------------------+
| Compliance officers |
| Compliance officers |
| Public Relation     |
| Public Relation     |
| CLERK               |
| CLERK               |
| CLERK               |
| SALESMAN            |
| SALESMAN            |
| MANAGER             |
| SALESMAN            |
| MANAGER             |
| MANAGER             |
| ANALYST             |
| PRESIDENT           |
| vice PRESIDENT      |
| SALESMAN            |
| CLERK               |
| Network             |
| vice PRESIDENT      |
| CLERK               |
| ANALYST             |
| MANAGER             |
| SALESMAN            |
| CLERK               |
| SALESMAN            |
| MANAGER             |
| CLERK               |
| Compliance officers |
| ANALYST             |
+---------------------+
30 rows in set (0.00 sec)

mysql> select count(job) from emp;
+------------+
| count(job) |
+------------+
|         30 |
+------------+
1 row in set (0.00 sec)

mysql> select sal from emp;
+------+
| sal  |
+------+
| 1750 |
| 1750 |
| 1750 |
| 1750 |
|  800 |
| 3350 |
| 1750 |
| 1600 |
| 1250 |
| 2975 |
| 1250 |
| 2850 |
| 2450 |
| 3000 |
| 5000 |
| 5000 |
| 1500 |
| 1100 |
| 2000 |
| 1000 |
|  950 |
| 3000 |
| 4150 |
| 2575 |
| 1300 |
| 1350 |
| 1250 |
| 1750 |
| 1750 |
| 1750 |
+------+
30 rows in set (0.00 sec)

mysql> select sum(sal) from emp;
+----------+
| sum(sal) |
+----------+
|    63700 |
+----------+
1 row in set (0.00 sec)

mysql> select job from emp;
+---------------------+
| job                 |
+---------------------+
| Compliance officers |
| Compliance officers |
| Public Relation     |
| Public Relation     |
| CLERK               |
| CLERK               |
| CLERK               |
| SALESMAN            |
| SALESMAN            |
| MANAGER             |
| SALESMAN            |
| MANAGER             |
| MANAGER             |
| ANALYST             |
| PRESIDENT           |
| vice PRESIDENT      |
| SALESMAN            |
| CLERK               |
| Network             |
| vice PRESIDENT      |
| CLERK               |
| ANALYST             |
| MANAGER             |
| SALESMAN            |
| CLERK               |
| SALESMAN            |
| MANAGER             |
| CLERK               |
| Compliance officers |
| ANALYST             |
+---------------------+
30 rows in set (0.00 sec)

mysql> select job from emp group by job;
+---------------------+
| job                 |
+---------------------+
| Compliance officers |
| Public Relation     |
| CLERK               |
| SALESMAN            |
| MANAGER             |
| ANALYST             |
| PRESIDENT           |
| vice PRESIDENT      |
| Network             |
+---------------------+
9 rows in set (0.00 sec)

mysql> select ename,job from emp group by ename,job;
+----------+---------------------+
| ename    | job                 |
+----------+---------------------+
| GITA     | Compliance officers |
| VRUSHALI | Compliance officers |
| SHARMIN  | Public Relation     |
| BANDISH  | Public Relation     |
| SMITH    | CLERK               |
| AARAV    | CLERK               |
| THOMAS   | CLERK               |
| ALLEN    | SALESMAN            |
| WARD     | SALESMAN            |
| JONES    | MANAGER             |
| MARTIN   | SALESMAN            |
| BLAKE    | MANAGER             |
| CLARK    | MANAGER             |
| SCOTT    | ANALYST             |
| KING     | PRESIDENT           |
| FRED     | vice PRESIDENT      |
| TURNER   | SALESMAN            |
| ADAMS    | CLERK               |
| Ruhan    | Network             |
| Neel     | vice PRESIDENT      |
| JAMES    | CLERK               |
| FORD     | ANALYST             |
| HOFFMAN  | MANAGER             |
| GRASS    | SALESMAN            |
| MILLER   | CLERK               |
| AARUSH   | SALESMAN            |
| ALEX     | MANAGER             |
| NATASHA  | CLERK               |
| SANGITA  | Compliance officers |
| SUPRIYA  | ANALYST             |
+----------+---------------------+
30 rows in set (0.00 sec)

mysql> select job, count(*) from emp group by  job;
+---------------------+----------+
| job                 | count(*) |
+---------------------+----------+
| Compliance officers |        3 |
| Public Relation     |        2 |
| CLERK               |        7 |
| SALESMAN            |        6 |
| MANAGER             |        5 |
| ANALYST             |        3 |
| PRESIDENT           |        1 |
| vice PRESIDENT      |        2 |
| Network             |        1 |
+---------------------+----------+
9 rows in set (0.00 sec)

mysql> select job, sum( sal ) from emp group by job;
+---------------------+------------+
| job                 | sum( sal ) |
+---------------------+------------+
| Compliance officers |       5250 |
| Public Relation     |       3500 |
| CLERK               |      11000 |
| SALESMAN            |       9525 |
| MANAGER             |      13675 |
| ANALYST             |       7750 |
| PRESIDENT           |       5000 |
| vice PRESIDENT      |       6000 |
| Network             |       2000 |
+---------------------+------------+
9 rows in set (0.00 sec)

mysql> select ename,job from emp;
+----------+---------------------+
| ename    | job                 |
+----------+---------------------+
| GITA     | Compliance officers |
| VRUSHALI | Compliance officers |
| SHARMIN  | Public Relation     |
| BANDISH  | Public Relation     |
| SMITH    | CLERK               |
| AARAV    | CLERK               |
| THOMAS   | CLERK               |
| ALLEN    | SALESMAN            |
| WARD     | SALESMAN            |
| JONES    | MANAGER             |
| MARTIN   | SALESMAN            |
| BLAKE    | MANAGER             |
| CLARK    | MANAGER             |
| SCOTT    | ANALYST             |
| KING     | PRESIDENT           |
| FRED     | vice PRESIDENT      |
| TURNER   | SALESMAN            |
| ADAMS    | CLERK               |
| Ruhan    | Network             |
| Neel     | vice PRESIDENT      |
| JAMES    | CLERK               |
| FORD     | ANALYST             |
| HOFFMAN  | MANAGER             |
| GRASS    | SALESMAN            |
| MILLER   | CLERK               |
| AARUSH   | SALESMAN            |
| ALEX     | MANAGER             |
| NATASHA  | CLERK               |
| SANGITA  | Compliance officers |
| SUPRIYA  | ANALYST             |
+----------+---------------------+
30 rows in set (0.00 sec)

mysql> select job, count(*) R1 from emp group by job;
+---------------------+----+
| job                 | R1 |
+---------------------+----+
| Compliance officers |  3 |
| Public Relation     |  2 |
| CLERK               |  7 |
| SALESMAN            |  6 |
| MANAGER             |  5 |
| ANALYST             |  3 |
| PRESIDENT           |  1 |
| vice PRESIDENT      |  2 |
| Network             |  1 |
+---------------------+----+
9 rows in set (0.00 sec)

mysql> select job, count(*) R1 from emp, r2 from emp group by job;
ERROR 1064 (42000): You have an error in your SQL syntax; check the manual that corresponds to your MySQL server version for the right syntax to use near 'from emp group by job' at line 1
mysql> select job, count(*) R1 , r2 from emp group by job;
ERROR 1054 (42S22): Unknown column 'r2' in 'field list'
mysql> select job, count(*) R1 , r2, from emp group by job;
ERROR 1064 (42000): You have an error in your SQL syntax; check the manual that corresponds to your MySQL server version for the right syntax to use near 'from emp group by job' at line 1
mysql> select job, count(*) R1 from emp group by job;
+---------------------+----+
| job                 | R1 |
+---------------------+----+
| Compliance officers |  3 |
| Public Relation     |  2 |
| CLERK               |  7 |
| SALESMAN            |  6 |
| MANAGER             |  5 |
| ANALYST             |  3 |
| PRESIDENT           |  1 |
| vice PRESIDENT      |  2 |
| Network             |  1 |
+---------------------+----+
9 rows in set (0.00 sec)

mysql> select job, deptno , count(*) R1 from emp group by job , deptno;
+---------------------+--------+----+
| job                 | deptno | R1 |
+---------------------+--------+----+
| Compliance officers |     30 |  1 |
| Compliance officers |     50 |  2 |
| Public Relation     |     20 |  2 |
| CLERK               |     20 |  2 |
| CLERK               |     10 |  3 |
| SALESMAN            |     30 |  6 |
| MANAGER             |     20 |  1 |
| MANAGER             |     30 |  3 |
| MANAGER             |     10 |  1 |
| ANALYST             |     20 |  2 |
| PRESIDENT           |     10 |  1 |
| vice PRESIDENT      |     20 |  1 |
| Network             |     60 |  1 |
| vice PRESIDENT      |     60 |  1 |
| CLERK               |     30 |  2 |
| ANALYST             |     50 |  1 |
+---------------------+--------+----+
16 rows in set (0.00 sec)

mysql> select job, sum( sal ) R1 from emp group by job with rollup;
+---------------------+-------+
| job                 | R1    |
+---------------------+-------+
| ANALYST             |  7750 |
| CLERK               | 11000 |
| Compliance officers |  5250 |
| MANAGER             | 13675 |
| Network             |  2000 |
| PRESIDENT           |  5000 |
| Public Relation     |  3500 |
| SALESMAN            |  9525 |
| vice PRESIDENT      |  6000 |
| NULL                | 63700 |
+---------------------+-------+
10 rows in set (0.00 sec)

mysql> select ifnull(job, 'Grand Total'), sum(sal) R1 from emp group by job with rollup;
+----------------------------+-------+
| ifnull(job, 'Grand Total') | R1    |
+----------------------------+-------+
| ANALYST                    |  7750 |
| CLERK                      | 11000 |
| Compliance officers        |  5250 |
| MANAGER                    | 13675 |
| Network                    |  2000 |
| PRESIDENT                  |  5000 |
| Public Relation            |  3500 |
| SALESMAN                   |  9525 |
| vice PRESIDENT             |  6000 |
| Grand Total                | 63700 |
+----------------------------+-------+
10 rows in set (0.00 sec)

mysql> create table a (c4 int);
ERROR 1050 (42S01): Table 'a' already exists
mysql> select * from a;
Empty set (0.00 sec)

mysql> desc a;
+-------+------+------+-----+---------+-------+
| Field | Type | Null | Key | Default | Extra |
+-------+------+------+-----+---------+-------+
| c1    | int  | YES  |     | NULL    |       |
+-------+------+------+-----+---------+-------+
1 row in set (0.00 sec)

mysql> insert into a values c2;
ERROR 1064 (42000): You have an error in your SQL syntax; check the manual that corresponds to your MySQL server version for the right syntax to use near 'c2' at line 1
mysql> alter table a add c5 int;
Query OK, 0 rows affected (0.60 sec)
Records: 0  Duplicates: 0  Warnings: 0

mysql> desc a;
+-------+------+------+-----+---------+-------+
| Field | Type | Null | Key | Default | Extra |
+-------+------+------+-----+---------+-------+
| c1    | int  | YES  |     | NULL    |       |
| c5    | int  | YES  |     | NULL    |       |
+-------+------+------+-----+---------+-------+
2 rows in set (0.00 sec)

mysql> alter table a add (c6 char, c7 date, c8 int);
Query OK, 0 rows affected (0.55 sec)
Records: 0  Duplicates: 0  Warnings: 0

mysql> desc a;
+-------+---------+------+-----+---------+-------+
| Field | Type    | Null | Key | Default | Extra |
+-------+---------+------+-----+---------+-------+
| c1    | int     | YES  |     | NULL    |       |
| c5    | int     | YES  |     | NULL    |       |
| c6    | char(1) | YES  |     | NULL    |       |
| c7    | date    | YES  |     | NULL    |       |
| c8    | int     | YES  |     | NULL    |       |
+-------+---------+------+-----+---------+-------+
5 rows in set (0.00 sec)

mysql> alter table a add id int first;
Query OK, 0 rows affected (0.49 sec)
Records: 0  Duplicates: 0  Warnings: 0

mysql> desc a;
+-------+---------+------+-----+---------+-------+
| Field | Type    | Null | Key | Default | Extra |
+-------+---------+------+-----+---------+-------+
| id    | int     | YES  |     | NULL    |       |
| c1    | int     | YES  |     | NULL    |       |
| c5    | int     | YES  |     | NULL    |       |
| c6    | char(1) | YES  |     | NULL    |       |
| c7    | date    | YES  |     | NULL    |       |
| c8    | int     | YES  |     | NULL    |       |
+-------+---------+------+-----+---------+-------+
6 rows in set (0.00 sec)

mysql> alter table a add ename varchar(20) after id;
Query OK, 0 rows affected (0.55 sec)
Records: 0  Duplicates: 0  Warnings: 0

mysql> desc a;
+-------+-------------+------+-----+---------+-------+
| Field | Type        | Null | Key | Default | Extra |
+-------+-------------+------+-----+---------+-------+
| id    | int         | YES  |     | NULL    |       |
| ename | varchar(20) | YES  |     | NULL    |       |
| c1    | int         | YES  |     | NULL    |       |
| c5    | int         | YES  |     | NULL    |       |
| c6    | char(1)     | YES  |     | NULL    |       |
| c7    | date        | YES  |     | NULL    |       |
| c8    | int         | YES  |     | NULL    |       |
+-------+-------------+------+-----+---------+-------+
7 rows in set (0.00 sec)

mysql> alter table a drop c4;
ERROR 1091 (42000): Can't DROP 'c4'; check that column/key exists
mysql> alter table a drop c5;
Query OK, 0 rows affected (0.48 sec)
Records: 0  Duplicates: 0  Warnings: 0

mysql> desc a;
+-------+-------------+------+-----+---------+-------+
| Field | Type        | Null | Key | Default | Extra |
+-------+-------------+------+-----+---------+-------+
| id    | int         | YES  |     | NULL    |       |
| ename | varchar(20) | YES  |     | NULL    |       |
| c1    | int         | YES  |     | NULL    |       |
| c6    | char(1)     | YES  |     | NULL    |       |
| c7    | date        | YES  |     | NULL    |       |
| c8    | int         | YES  |     | NULL    |       |
+-------+-------------+------+-----+---------+-------+
6 rows in set (0.00 sec)

mysql> alter table a drop c5, c6;
ERROR 1064 (42000): You have an error in your SQL syntax; check the manual that corresponds to your MySQL server version for the right syntax to use near 'c6' at line 1
mysql> alter table a drop c5, drop column c6;
ERROR 1091 (42000): Can't DROP 'c5'; check that column/key exists
mysql> alter table a drop c7, drop column c6;
Query OK, 0 rows affected (0.94 sec)
Records: 0  Duplicates: 0  Warnings: 0

mysql> desc a;
+-------+-------------+------+-----+---------+-------+
| Field | Type        | Null | Key | Default | Extra |
+-------+-------------+------+-----+---------+-------+
| id    | int         | YES  |     | NULL    |       |
| ename | varchar(20) | YES  |     | NULL    |       |
| c1    | int         | YES  |     | NULL    |       |
| c8    | int         | YES  |     | NULL    |       |
+-------+-------------+------+-----+---------+-------+
4 rows in set (0.02 sec)

mysql> select empno, ename, sal from db1.emp where job='manager';
ERROR 1142 (42000): SELECT command denied to user 'dac83'@'192.168.10.148' for table 'emp'
mysql> select empno, ename, sal from emp where job='manager';
+-------+---------+------+
| empno | ename   | sal  |
+-------+---------+------+
|  7566 | JONES   | 2975 |
|  7698 | BLAKE   | 2850 |
|  7782 | CLARK   | 2450 |
|  7919 | HOFFMAN | 4150 |
|  7949 | ALEX    | 1250 |
+-------+---------+------+
5 rows in set (0.02 sec)

mysql> insert into a select empno, ename, sal from emp where job='manager';
ERROR 1136 (21S01): Column count doesn't match value count at row 1
mysql> select * from a;
Empty set (0.00 sec)

mysql> alter table a add column job varchar(20) after ename;
Query OK, 0 rows affected (0.63 sec)
Records: 0  Duplicates: 0  Warnings: 0

mysql> alter table a add column city varchar(20) default 'Baroda' after job;
Query OK, 0 rows affected (1.50 sec)
Records: 0  Duplicates: 0  Warnings: 0

mysql> alter table a add column hra int generated always as (salary*.1);
ERROR 1054 (42S22): Unknown column 'salary' in 'generated column function'
mysql> alter table a add column hra int generated always as (salary*.1);
ERROR 1054 (42S22): Unknown column 'salary' in 'generated column function'
mysql>  select * from a;
Empty set (0.00 sec)

mysql>  alter table a modify ename varchar(40) not null;
Query OK, 0 rows affected (0.99 sec)
Records: 0  Duplicates: 0  Warnings: 0

mysql> dec a;
ERROR 1064 (42000): You have an error in your SQL syntax; check the manual that corresponds to your MySQL server version for the right syntax to use near 'dec a' at line 1
mysql> desc a;
+-------+-------------+------+-----+---------+-------+
| Field | Type        | Null | Key | Default | Extra |
+-------+-------------+------+-----+---------+-------+
| id    | int         | YES  |     | NULL    |       |
| ename | varchar(40) | NO   |     | NULL    |       |
| job   | varchar(20) | YES  |     | NULL    |       |
| city  | varchar(20) | YES  |     | Baroda  |       |
| c1    | int         | YES  |     | NULL    |       |
| c8    | int         | YES  |     | NULL    |       |
+-------+-------------+------+-----+---------+-------+
6 rows in set (0.00 sec)

mysql>  alter table a modify job varchar(20) not null;
Query OK, 0 rows affected (0.75 sec)
Records: 0  Duplicates: 0  Warnings: 0

mysql> select srno from a;
ERROR 1054 (42S22): Unknown column 'srno' in 'field list'
mysql> select _rowid from emp;
+--------+
| _rowid |
+--------+
|   7415 |
|   7421 |
|   7782 |
|   7839 |
|   7934 |
|   6473 |
|   6781 |
|   7369 |
|   7566 |
|   7788 |
|   7840 |
|   7876 |
|   7902 |
|   6001 |
|   7499 |
|   7521 |
|   7654 |
|   7698 |
|   7844 |
|   7900 |
|   7919 |
|   7920 |
|   7945 |
|   7949 |
|   8433 |
|   6129 |
|   9400 |
|   9473 |
|   7888 |
|   7889 |
+--------+
30 rows in set (0.01 sec)

mysql> select empno, _rowid from emp;
+-------+--------+
| empno | _rowid |
+-------+--------+
|  7415 |   7415 |
|  7421 |   7421 |
|  7782 |   7782 |
|  7839 |   7839 |
|  7934 |   7934 |
|  6473 |   6473 |
|  6781 |   6781 |
|  7369 |   7369 |
|  7566 |   7566 |
|  7788 |   7788 |
|  7840 |   7840 |
|  7876 |   7876 |
|  7902 |   7902 |
|  6001 |   6001 |
|  7499 |   7499 |
|  7521 |   7521 |
|  7654 |   7654 |
|  7698 |   7698 |
|  7844 |   7844 |
|  7900 |   7900 |
|  7919 |   7919 |
|  7920 |   7920 |
|  7945 |   7945 |
|  7949 |   7949 |
|  8433 |   8433 |
|  6129 |   6129 |
|  9400 |   9400 |
|  9473 |   9473 |
|  7888 |   7888 |
|  7889 |   7889 |
+-------+--------+
30 rows in set (0.00 sec)

mysql> create table b(c1 int unique auto_increment, c2 int);
ERROR 1050 (42S01): Table 'b' already exists
mysql> create table c(c1 int primary key, c2 int unique auto_increment);
ERROR 1050 (42S01): Table 'c' already exists
mysql> create table t1(c1 int primary key, c2 int);
Query OK, 0 rows affected (1.05 sec)

mysql> create table t2(c1 int, c2 int, primary key (c1) );
Query OK, 0 rows affected (0.35 sec)

mysql>  desc t1;
+-------+------+------+-----+---------+-------+
| Field | Type | Null | Key | Default | Extra |
+-------+------+------+-----+---------+-------+
| c1    | int  | NO   | PRI | NULL    |       |
| c2    | int  | YES  |     | NULL    |       |
+-------+------+------+-----+---------+-------+
2 rows in set (0.00 sec)

mysql> desc t2;
+-------+------+------+-----+---------+-------+
| Field | Type | Null | Key | Default | Extra |
+-------+------+------+-----+---------+-------+
| c1    | int  | NO   | PRI | NULL    |       |
| c2    | int  | YES  |     | NULL    |       |
+-------+------+------+-----+---------+-------+
2 rows in set (0.00 sec)

mysql>  create table t4(c1 int, c2 int, primary key (c1, c2));
Query OK, 0 rows affected (0.34 sec)

mysql> desc t4;
+-------+------+------+-----+---------+-------+
| Field | Type | Null | Key | Default | Extra |
+-------+------+------+-----+---------+-------+
| c1    | int  | NO   | PRI | NULL    |       |
| c2    | int  | NO   | PRI | NULL    |       |
+-------+------+------+-----+---------+-------+
2 rows in set (0.00 sec)

mysql> create table t5(c1 int, c2 int);
Query OK, 0 rows affected (0.88 sec)

mysql> desc t5;
+-------+------+------+-----+---------+-------+
| Field | Type | Null | Key | Default | Extra |
+-------+------+------+-----+---------+-------+
| c1    | int  | YES  |     | NULL    |       |
| c2    | int  | YES  |     | NULL    |       |
+-------+------+------+-----+---------+-------+
2 rows in set (0.00 sec)

mysql> alter table t5 add primary key(c1);
Query OK, 0 rows affected (0.77 sec)
Records: 0  Duplicates: 0  Warnings: 0

mysql> desc t5;
+-------+------+------+-----+---------+-------+
| Field | Type | Null | Key | Default | Extra |
+-------+------+------+-----+---------+-------+
| c1    | int  | NO   | PRI | NULL    |       |
| c2    | int  | YES  |     | NULL    |       |
+-------+------+------+-----+---------+-------+
2 rows in set (0.00 sec)

mysql> create table t6(c1 int, c2 int);
Query OK, 0 rows affected (0.32 sec)

mysql>  desc t6;
+-------+------+------+-----+---------+-------+
| Field | Type | Null | Key | Default | Extra |
+-------+------+------+-----+---------+-------+
| c1    | int  | YES  |     | NULL    |       |
| c2    | int  | YES  |     | NULL    |       |
+-------+------+------+-----+---------+-------+
2 rows in set (0.00 sec)

mysql> alter table t6 modify c1 int primary key;
Query OK, 0 rows affected (0.92 sec)
Records: 0  Duplicates: 0  Warnings: 0

mysql> desc t6;
+-------+------+------+-----+---------+-------+
| Field | Type | Null | Key | Default | Extra |
+-------+------+------+-----+---------+-------+
| c1    | int  | NO   | PRI | NULL    |       |
| c2    | int  | YES  |     | NULL    |       |
+-------+------+------+-----+---------+-------+
2 rows in set (0.00 sec)

mysql> create table t7(c1 int, c2 int);
Query OK, 0 rows affected (0.33 sec)

mysql>  desc t7;
+-------+------+------+-----+---------+-------+
| Field | Type | Null | Key | Default | Extra |
+-------+------+------+-----+---------+-------+
| c1    | int  | YES  |     | NULL    |       |
| c2    | int  | YES  |     | NULL    |       |
+-------+------+------+-----+---------+-------+
2 rows in set (0.00 sec)

mysql> alter table t7 add primary key(c1, c2);
Query OK, 0 rows affected (0.93 sec)
Records: 0  Duplicates: 0  Warnings: 0

mysql> desc t7
    -> ;
+-------+------+------+-----+---------+-------+
| Field | Type | Null | Key | Default | Extra |
+-------+------+------+-----+---------+-------+
| c1    | int  | NO   | PRI | NULL    |       |
| c2    | int  | NO   | PRI | NULL    |       |
+-------+------+------+-----+---------+-------+
2 rows in set (0.00 sec)

mysql> desc t6 , t7 ;
ERROR 1064 (42000): You have an error in your SQL syntax; check the manual that corresponds to your MySQL server version for the right syntax to use near ', t7' at line 1
mysql> desc t6;
+-------+------+------+-----+---------+-------+
| Field | Type | Null | Key | Default | Extra |
+-------+------+------+-----+---------+-------+
| c1    | int  | NO   | PRI | NULL    |       |
| c2    | int  | YES  |     | NULL    |       |
+-------+------+------+-----+---------+-------+
2 rows in set (0.00 sec)

mysql> desct7 ;
ERROR 1064 (42000): You have an error in your SQL syntax; check the manual that corresponds to your MySQL server version for the right syntax to use near 'desct7' at line 1
mysql> desc t7 ;
+-------+------+------+-----+---------+-------+
| Field | Type | Null | Key | Default | Extra |
+-------+------+------+-----+---------+-------+
| c1    | int  | NO   | PRI | NULL    |       |
| c2    | int  | NO   | PRI | NULL    |       |
+-------+------+------+-----+---------+-------+
2 rows in set (0.00 sec)

mysql> alter table t6 drop primary key;
Query OK, 0 rows affected (0.69 sec)
Records: 0  Duplicates: 0  Warnings: 0

mysql> desc t6;
+-------+------+------+-----+---------+-------+
| Field | Type | Null | Key | Default | Extra |
+-------+------+------+-----+---------+-------+
| c1    | int  | NO   |     | NULL    |       |
| c2    | int  | YES  |     | NULL    |       |
+-------+------+------+-----+---------+-------+
2 rows in set (0.00 sec)

mysql> alter table t7 drop primary key;
Query OK, 0 rows affected (0.70 sec)
Records: 0  Duplicates: 0  Warnings: 0

mysql> desc t7;
+-------+------+------+-----+---------+-------+
| Field | Type | Null | Key | Default | Extra |
+-------+------+------+-----+---------+-------+
| c1    | int  | NO   |     | NULL    |       |
| c2    | int  | NO   |     | NULL    |       |
+-------+------+------+-----+---------+-------+
2 rows in set (0.00 sec)

mysql> desc t6;
+-------+------+------+-----+---------+-------+
| Field | Type | Null | Key | Default | Extra |
+-------+------+------+-----+---------+-------+
| c1    | int  | NO   |     | NULL    |       |
| c2    | int  | YES  |     | NULL    |       |
+-------+------+------+-----+---------+-------+
2 rows in set (0.00 sec)

mysql> alter table t6 modify c1 int null;
Query OK, 0 rows affected (0.48 sec)
Records: 0  Duplicates: 0  Warnings: 0

mysql> desc t6;
+-------+------+------+-----+---------+-------+
| Field | Type | Null | Key | Default | Extra |
+-------+------+------+-----+---------+-------+
| c1    | int  | YES  |     | NULL    |       |
| c2    | int  | YES  |     | NULL    |       |
+-------+------+------+-----+---------+-------+
2 rows in set (0.00 sec)

mysql>
  